Apr 18 18:38:17 ubuntu-bionic kernel: [    0.000000] Linux version 4.15.0-96-generic (buildd@lgw01-amd64-004) (gcc version 7.5.0 (Ubuntu 7.5.0-3ubuntu1~18.04)) #97-Ubuntu SMP Wed Apr 1 03:25:46 UTC 2020 (Ubuntu 4.15.0-96.97-generic 4.15.18)
Apr 18 18:38:17 ubuntu-bionic kernel: [    0.000000] Command line: BOOT_IMAGE=/boot/vmlinuz-4.15.0-96-generic root=LABEL=cloudimg-rootfs ro console=tty1 console=ttyS0
Apr 18 18:38:17 ubuntu-bionic kernel: [    0.000000] KERNEL supported cpus:
Apr 18 18:38:17 ubuntu-bionic kernel: [    0.000000]   Intel GenuineIntel
Apr 18 18:38:17 ubuntu-bionic kernel: [    0.000000]   AMD AuthenticAMD
Apr 18 18:38:17 ubuntu-bionic kernel: [    0.000000]   Centaur CentaurHauls
Apr 18 18:38:17 ubuntu-bionic kernel: [    0.000000] x86/fpu: Supporting XSAVE feature 0x001: 'x87 floating point registers'
Apr 18 18:38:17 ubuntu-bionic kernel: [    0.000000] x86/fpu: Supporting XSAVE feature 0x002: 'SSE registers'
Apr 18 18:38:17 ubuntu-bionic kernel: [    0.000000] x86/fpu: Supporting XSAVE feature 0x004: 'AVX registers'
Apr 18 18:38:17 ubuntu-bionic kernel: [    0.000000] x86/fpu: xstate_offset[2]:  576, xstate_sizes[2]:  256
Apr 18 18:38:17 ubuntu-bionic kernel: [    0.000000] x86/fpu: Enabled xstate features 0x7, context size is 832 bytes, using 'standard' format.
Apr 18 18:38:17 ubuntu-bionic kernel: [    0.000000] e820: BIOS-provided physical RAM map:
Apr 18 18:38:17 ubuntu-bionic kernel: [    0.000000] BIOS-e820: [mem 0x0000000000000000-0x000000000009fbff] usable
Apr 18 18:38:17 ubuntu-bionic kernel: [    0.000000] BIOS-e820: [mem 0x000000000009fc00-0x000000000009ffff] reserved
Apr 18 18:38:17 ubuntu-bionic kernel: [    0.000000] BIOS-e820: [mem 0x00000000000f0000-0x00000000000fffff] reserved
Apr 18 18:38:17 ubuntu-bionic kernel: [    0.000000] BIOS-e820: [mem 0x0000000000100000-0x000000003ffeffff] usable
Apr 18 18:38:17 ubuntu-bionic kernel: [    0.000000] BIOS-e820: [mem 0x000000003fff0000-0x000000003fffffff] ACPI data
Apr 18 18:38:17 ubuntu-bionic kernel: [    0.000000] BIOS-e820: [mem 0x00000000fec00000-0x00000000fec00fff] reserved
Apr 18 18:38:17 ubuntu-bionic kernel: [    0.000000] BIOS-e820: [mem 0x00000000fee00000-0x00000000fee00fff] reserved
Apr 18 18:38:17 ubuntu-bionic kernel: [    0.000000] BIOS-e820: [mem 0x00000000fffc0000-0x00000000ffffffff] reserved
Apr 18 18:38:17 ubuntu-bionic kernel: [    0.000000] NX (Execute Disable) protection: active
Apr 18 18:38:17 ubuntu-bionic kernel: [    0.000000] SMBIOS 2.5 present.
Apr 18 18:38:17 ubuntu-bionic kernel: [    0.000000] DMI: innotek GmbH VirtualBox/VirtualBox, BIOS VirtualBox 12/01/2006
Apr 18 18:38:17 ubuntu-bionic kernel: [    0.000000] Hypervisor detected: KVM
Apr 18 18:38:17 ubuntu-bionic kernel: [    0.000000] e820: update [mem 0x00000000-0x00000fff] usable ==> reserved
Apr 18 18:38:17 ubuntu-bionic kernel: [    0.000000] e820: remove [mem 0x000a0000-0x000fffff] usable
Apr 18 18:38:17 ubuntu-bionic kernel: [    0.000000] e820: last_pfn = 0x3fff0 max_arch_pfn = 0x400000000
Apr 18 18:38:17 ubuntu-bionic kernel: [    0.000000] MTRR default type: uncachable
Apr 18 18:38:17 ubuntu-bionic kernel: [    0.000000] MTRR variable ranges disabled:
Apr 18 18:38:17 ubuntu-bionic kernel: [    0.000000] MTRR: Disabled
Apr 18 18:38:17 ubuntu-bionic kernel: [    0.000000] x86/PAT: MTRRs disabled, skipping PAT initialization too.
Apr 18 18:38:17 ubuntu-bionic kernel: [    0.000000] CPU MTRRs all blank - virtualized system.
Apr 18 18:38:17 ubuntu-bionic kernel: [    0.000000] x86/PAT: Configuration [0-7]: WB  WT  UC- UC  WB  WT  UC- UC  
Apr 18 18:38:17 ubuntu-bionic kernel: [    0.000000] found SMP MP-table at [mem 0x0009fff0-0x0009ffff]
Apr 18 18:38:17 ubuntu-bionic kernel: [    0.000000] Scanning 1 areas for low memory corruption
Apr 18 18:38:17 ubuntu-bionic kernel: [    0.000000] BRK [0x11991000, 0x11991fff] PGTABLE
Apr 18 18:38:17 ubuntu-bionic kernel: [    0.000000] BRK [0x11992000, 0x11992fff] PGTABLE
Apr 18 18:38:17 ubuntu-bionic kernel: [    0.000000] BRK [0x11993000, 0x11993fff] PGTABLE
Apr 18 18:38:17 ubuntu-bionic kernel: [    0.000000] BRK [0x11994000, 0x11994fff] PGTABLE
Apr 18 18:38:17 ubuntu-bionic kernel: [    0.000000] BRK [0x11995000, 0x11995fff] PGTABLE
Apr 18 18:38:17 ubuntu-bionic kernel: [    0.000000] RAMDISK: [mem 0x35a6b000-0x36d2cfff]
Apr 18 18:38:17 ubuntu-bionic kernel: [    0.000000] ACPI: Early table checksum verification disabled
Apr 18 18:38:17 ubuntu-bionic kernel: [    0.000000] ACPI: RSDP 0x00000000000E0000 000024 (v02 VBOX  )
Apr 18 18:38:17 ubuntu-bionic kernel: [    0.000000] ACPI: XSDT 0x000000003FFF0030 00003C (v01 VBOX   VBOXXSDT 00000001 ASL  00000061)
Apr 18 18:38:17 ubuntu-bionic kernel: [    0.000000] ACPI: FACP 0x000000003FFF00F0 0000F4 (v04 VBOX   VBOXFACP 00000001 ASL  00000061)
Apr 18 18:38:17 ubuntu-bionic kernel: [    0.000000] ACPI: DSDT 0x000000003FFF0470 002325 (v02 VBOX   VBOXBIOS 00000002 INTL 20200214)
Apr 18 18:38:17 ubuntu-bionic kernel: [    0.000000] ACPI: FACS 0x000000003FFF0200 000040
Apr 18 18:38:17 ubuntu-bionic kernel: [    0.000000] ACPI: FACS 0x000000003FFF0200 000040
Apr 18 18:38:17 ubuntu-bionic kernel: [    0.000000] ACPI: APIC 0x000000003FFF0240 000054 (v02 VBOX   VBOXAPIC 00000001 ASL  00000061)
Apr 18 18:38:17 ubuntu-bionic kernel: [    0.000000] ACPI: SSDT 0x000000003FFF02A0 0001CC (v01 VBOX   VBOXCPUT 00000002 INTL 20200214)
Apr 18 18:38:17 ubuntu-bionic kernel: [    0.000000] ACPI: Local APIC address 0xfee00000
Apr 18 18:38:17 ubuntu-bionic kernel: [    0.000000] No NUMA configuration found
Apr 18 18:38:17 ubuntu-bionic kernel: [    0.000000] Faking a node at [mem 0x0000000000000000-0x000000003ffeffff]
Apr 18 18:38:17 ubuntu-bionic kernel: [    0.000000] NODE_DATA(0) allocated [mem 0x3ffc5000-0x3ffeffff]
Apr 18 18:38:17 ubuntu-bionic kernel: [    0.000000] kvm-clock: cpu 0, msr 0:3ff44001, primary cpu clock
Apr 18 18:38:17 ubuntu-bionic kernel: [    0.000000] kvm-clock: Using msrs 4b564d01 and 4b564d00
Apr 18 18:38:17 ubuntu-bionic kernel: [    0.000000] kvm-clock: using sched offset of 3474380616 cycles
Apr 18 18:38:17 ubuntu-bionic kernel: [    0.000000] clocksource: kvm-clock: mask: 0xffffffffffffffff max_cycles: 0x1cd42e4dffb, max_idle_ns: 881590591483 ns
Apr 18 18:38:17 ubuntu-bionic kernel: [    0.000000] Zone ranges:
Apr 18 18:38:17 ubuntu-bionic kernel: [    0.000000]   DMA      [mem 0x0000000000001000-0x0000000000ffffff]
Apr 18 18:38:17 ubuntu-bionic kernel: [    0.000000]   DMA32    [mem 0x0000000001000000-0x000000003ffeffff]
Apr 18 18:38:17 ubuntu-bionic kernel: [    0.000000]   Normal   empty
Apr 18 18:38:17 ubuntu-bionic kernel: [    0.000000]   Device   empty
Apr 18 18:38:17 ubuntu-bionic kernel: [    0.000000] Movable zone start for each node
Apr 18 18:38:17 ubuntu-bionic kernel: [    0.000000] Early memory node ranges
Apr 18 18:38:17 ubuntu-bionic kernel: [    0.000000]   node   0: [mem 0x0000000000001000-0x000000000009efff]
Apr 18 18:38:17 ubuntu-bionic kernel: [    0.000000]   node   0: [mem 0x0000000000100000-0x000000003ffeffff]
Apr 18 18:38:17 ubuntu-bionic kernel: [    0.000000] Reserved but unavailable: 98 pages
Apr 18 18:38:17 ubuntu-bionic kernel: [    0.000000] Initmem setup node 0 [mem 0x0000000000001000-0x000000003ffeffff]
Apr 18 18:38:17 ubuntu-bionic kernel: [    0.000000] On node 0 totalpages: 262030
Apr 18 18:38:17 ubuntu-bionic kernel: [    0.000000]   DMA zone: 64 pages used for memmap
Apr 18 18:38:17 ubuntu-bionic kernel: [    0.000000]   DMA zone: 21 pages reserved
Apr 18 18:38:17 ubuntu-bionic kernel: [    0.000000]   DMA zone: 3998 pages, LIFO batch:0
Apr 18 18:38:17 ubuntu-bionic kernel: [    0.000000]   DMA32 zone: 4032 pages used for memmap
Apr 18 18:38:17 ubuntu-bionic kernel: [    0.000000]   DMA32 zone: 258032 pages, LIFO batch:31
Apr 18 18:38:17 ubuntu-bionic kernel: [    0.000000] ACPI: PM-Timer IO Port: 0x4008
Apr 18 18:38:17 ubuntu-bionic kernel: [    0.000000] ACPI: Local APIC address 0xfee00000
Apr 18 18:38:17 ubuntu-bionic kernel: [    0.000000] IOAPIC[0]: apic_id 1, version 32, address 0xfec00000, GSI 0-23
Apr 18 18:38:17 ubuntu-bionic kernel: [    0.000000] ACPI: INT_SRC_OVR (bus 0 bus_irq 0 global_irq 2 dfl dfl)
Apr 18 18:38:17 ubuntu-bionic kernel: [    0.000000] ACPI: INT_SRC_OVR (bus 0 bus_irq 9 global_irq 9 low level)
Apr 18 18:38:17 ubuntu-bionic kernel: [    0.000000] ACPI: IRQ0 used by override.
Apr 18 18:38:17 ubuntu-bionic kernel: [    0.000000] ACPI: IRQ9 used by override.
Apr 18 18:38:17 ubuntu-bionic kernel: [    0.000000] Using ACPI (MADT) for SMP configuration information
Apr 18 18:38:17 ubuntu-bionic kernel: [    0.000000] smpboot: Allowing 1 CPUs, 0 hotplug CPUs
Apr 18 18:38:17 ubuntu-bionic kernel: [    0.000000] PM: Registered nosave memory: [mem 0x00000000-0x00000fff]
Apr 18 18:38:17 ubuntu-bionic kernel: [    0.000000] PM: Registered nosave memory: [mem 0x0009f000-0x0009ffff]
Apr 18 18:38:17 ubuntu-bionic kernel: [    0.000000] PM: Registered nosave memory: [mem 0x000a0000-0x000effff]
Apr 18 18:38:17 ubuntu-bionic kernel: [    0.000000] PM: Registered nosave memory: [mem 0x000f0000-0x000fffff]
Apr 18 18:38:17 ubuntu-bionic kernel: [    0.000000] e820: [mem 0x40000000-0xfebfffff] available for PCI devices
Apr 18 18:38:17 ubuntu-bionic kernel: [    0.000000] Booting paravirtualized kernel on KVM
Apr 18 18:38:17 ubuntu-bionic kernel: [    0.000000] clocksource: refined-jiffies: mask: 0xffffffff max_cycles: 0xffffffff, max_idle_ns: 7645519600211568 ns
Apr 18 18:38:17 ubuntu-bionic kernel: [    0.000000] random: get_random_bytes called from start_kernel+0x99/0x4fd with crng_init=0
Apr 18 18:38:17 ubuntu-bionic kernel: [    0.000000] setup_percpu: NR_CPUS:8192 nr_cpumask_bits:1 nr_cpu_ids:1 nr_node_ids:1
Apr 18 18:38:17 ubuntu-bionic kernel: [    0.000000] percpu: Embedded 45 pages/cpu s147456 r8192 d28672 u2097152
Apr 18 18:38:17 ubuntu-bionic kernel: [    0.000000] pcpu-alloc: s147456 r8192 d28672 u2097152 alloc=1*2097152
Apr 18 18:38:17 ubuntu-bionic kernel: [    0.000000] pcpu-alloc: [0] 0 
Apr 18 18:38:17 ubuntu-bionic kernel: [    0.000000] PV qspinlock hash table entries: 256 (order: 0, 4096 bytes)
Apr 18 18:38:17 ubuntu-bionic kernel: [    0.000000] Built 1 zonelists, mobility grouping on.  Total pages: 257913
Apr 18 18:38:17 ubuntu-bionic kernel: [    0.000000] Policy zone: DMA32
Apr 18 18:38:17 ubuntu-bionic kernel: [    0.000000] Kernel command line: BOOT_IMAGE=/boot/vmlinuz-4.15.0-96-generic root=LABEL=cloudimg-rootfs ro console=tty1 console=ttyS0
Apr 18 18:38:17 ubuntu-bionic kernel: [    0.000000] Calgary: detecting Calgary via BIOS EBDA area
Apr 18 18:38:17 ubuntu-bionic kernel: [    0.000000] Calgary: Unable to locate Rio Grande table in EBDA - bailing!
Apr 18 18:38:17 ubuntu-bionic kernel: [    0.000000] Memory: 983240K/1048120K available (12300K kernel code, 2481K rwdata, 4264K rodata, 2432K init, 2712K bss, 64880K reserved, 0K cma-reserved)
Apr 18 18:38:17 ubuntu-bionic kernel: [    0.000000] SLUB: HWalign=64, Order=0-3, MinObjects=0, CPUs=1, Nodes=1
Apr 18 18:38:17 ubuntu-bionic kernel: [    0.000000] Kernel/User page tables isolation: enabled
Apr 18 18:38:17 ubuntu-bionic kernel: [    0.000000] ftrace: allocating 39351 entries in 154 pages
Apr 18 18:38:17 ubuntu-bionic kernel: [    0.004000] Hierarchical RCU implementation.
Apr 18 18:38:17 ubuntu-bionic kernel: [    0.004000] 	RCU restricting CPUs from NR_CPUS=8192 to nr_cpu_ids=1.
Apr 18 18:38:17 ubuntu-bionic kernel: [    0.004000] 	Tasks RCU enabled.
Apr 18 18:38:17 ubuntu-bionic kernel: [    0.004000] RCU: Adjusting geometry for rcu_fanout_leaf=16, nr_cpu_ids=1
Apr 18 18:38:17 ubuntu-bionic kernel: [    0.004000] NR_IRQS: 524544, nr_irqs: 256, preallocated irqs: 16
Apr 18 18:38:17 ubuntu-bionic kernel: [    0.004000] Console: colour VGA+ 80x25
Apr 18 18:38:17 ubuntu-bionic kernel: [    0.004000] console [tty1] enabled
Apr 18 18:38:17 ubuntu-bionic kernel: [    0.004000] console [ttyS0] enabled
Apr 18 18:38:17 ubuntu-bionic kernel: [    0.004000] ACPI: Core revision 20170831
Apr 18 18:38:17 ubuntu-bionic kernel: [    0.004000] ACPI: 2 ACPI AML tables successfully acquired and loaded
Apr 18 18:38:17 ubuntu-bionic kernel: [    0.004000] APIC: Switch to symmetric I/O mode setup
Apr 18 18:38:17 ubuntu-bionic kernel: [    0.004000] x2apic enabled
Apr 18 18:38:17 ubuntu-bionic kernel: [    0.004000] Switched APIC routing to physical x2apic.
Apr 18 18:38:17 ubuntu-bionic kernel: [    0.004000] ..TIMER: vector=0x30 apic1=0 pin1=2 apic2=-1 pin2=-1
Apr 18 18:38:17 ubuntu-bionic kernel: [    0.004000] tsc: Detected 2304.018 MHz processor
Apr 18 18:38:17 ubuntu-bionic kernel: [    0.004000] Calibrating delay loop (skipped) preset value.. 4608.03 BogoMIPS (lpj=9216072)
Apr 18 18:38:17 ubuntu-bionic kernel: [    0.004003] pid_max: default: 32768 minimum: 301
Apr 18 18:38:17 ubuntu-bionic kernel: [    0.004499] Security Framework initialized
Apr 18 18:38:17 ubuntu-bionic kernel: [    0.004979] Yama: becoming mindful.
Apr 18 18:38:17 ubuntu-bionic kernel: [    0.005369] AppArmor: AppArmor initialized
Apr 18 18:38:17 ubuntu-bionic kernel: [    0.006384] Dentry cache hash table entries: 131072 (order: 8, 1048576 bytes)
Apr 18 18:38:17 ubuntu-bionic kernel: [    0.007283] Inode-cache hash table entries: 65536 (order: 7, 524288 bytes)
Apr 18 18:38:17 ubuntu-bionic kernel: [    0.008024] Mount-cache hash table entries: 2048 (order: 2, 16384 bytes)
Apr 18 18:38:17 ubuntu-bionic kernel: [    0.008899] Mountpoint-cache hash table entries: 2048 (order: 2, 16384 bytes)
Apr 18 18:38:17 ubuntu-bionic kernel: [    0.010013] process: using mwait in idle threads
Apr 18 18:38:17 ubuntu-bionic kernel: [    0.010653] Last level iTLB entries: 4KB 64, 2MB 8, 4MB 8
Apr 18 18:38:17 ubuntu-bionic kernel: [    0.012003] Last level dTLB entries: 4KB 64, 2MB 0, 4MB 0, 1GB 4
Apr 18 18:38:17 ubuntu-bionic kernel: [    0.012781] Spectre V1 : Mitigation: usercopy/swapgs barriers and __user pointer sanitization
Apr 18 18:38:17 ubuntu-bionic kernel: [    0.013888] Spectre V2 : Mitigation: Full generic retpoline
Apr 18 18:38:17 ubuntu-bionic kernel: [    0.014613] Spectre V2 : Spectre v2 / SpectreRSB mitigation: Filling RSB on context switch
Apr 18 18:38:17 ubuntu-bionic kernel: [    0.015687] Speculative Store Bypass: Vulnerable
Apr 18 18:38:17 ubuntu-bionic kernel: [    0.016037] MDS: Mitigation: Clear CPU buffers
Apr 18 18:38:17 ubuntu-bionic kernel: [    0.027665] Freeing SMP alternatives memory: 36K
Apr 18 18:38:17 ubuntu-bionic kernel: [    0.136002] APIC calibration not consistent with PM-Timer: 101ms instead of 100ms
Apr 18 18:38:17 ubuntu-bionic kernel: [    0.137035] APIC delta adjusted to PM-Timer: 6220789 (6290600)
Apr 18 18:38:17 ubuntu-bionic kernel: [    0.140043] smpboot: CPU0: Intel(R) Core(TM) i5-8300H CPU @ 2.30GHz (family: 0x6, model: 0x9e, stepping: 0xa)
Apr 18 18:38:17 ubuntu-bionic kernel: [    0.141451] Performance Events: unsupported p6 CPU model 158 no PMU driver, software events only.
Apr 18 18:38:17 ubuntu-bionic kernel: [    0.142672] Hierarchical SRCU implementation.
Apr 18 18:38:17 ubuntu-bionic kernel: [    0.143719] NMI watchdog: Perf event create on CPU 0 failed with -2
Apr 18 18:38:17 ubuntu-bionic kernel: [    0.144002] NMI watchdog: Perf NMI watchdog permanently disabled
Apr 18 18:38:17 ubuntu-bionic kernel: [    0.144810] smp: Bringing up secondary CPUs ...
Apr 18 18:38:17 ubuntu-bionic kernel: [    0.145418] smp: Brought up 1 node, 1 CPU
Apr 18 18:38:17 ubuntu-bionic kernel: [    0.145963] smpboot: Max logical packages: 1
Apr 18 18:38:17 ubuntu-bionic kernel: [    0.146544] smpboot: Total of 1 processors activated (4608.03 BogoMIPS)
Apr 18 18:38:17 ubuntu-bionic kernel: [    0.147481] devtmpfs: initialized
Apr 18 18:38:17 ubuntu-bionic kernel: [    0.148041] x86/mm: Memory block size: 128MB
Apr 18 18:38:17 ubuntu-bionic kernel: [    0.148725] evm: security.selinux
Apr 18 18:38:17 ubuntu-bionic kernel: [    0.149198] evm: security.SMACK64
Apr 18 18:38:17 ubuntu-bionic kernel: [    0.149663] evm: security.SMACK64EXEC
Apr 18 18:38:17 ubuntu-bionic kernel: [    0.150167] evm: security.SMACK64TRANSMUTE
Apr 18 18:38:17 ubuntu-bionic kernel: [    0.150728] evm: security.SMACK64MMAP
Apr 18 18:38:17 ubuntu-bionic kernel: [    0.151233] evm: security.apparmor
Apr 18 18:38:17 ubuntu-bionic kernel: [    0.152002] evm: security.ima
Apr 18 18:38:17 ubuntu-bionic kernel: [    0.152428] evm: security.capability
Apr 18 18:38:17 ubuntu-bionic kernel: [    0.152995] clocksource: jiffies: mask: 0xffffffff max_cycles: 0xffffffff, max_idle_ns: 7645041785100000 ns
Apr 18 18:38:17 ubuntu-bionic kernel: [    0.154250] futex hash table entries: 256 (order: 2, 16384 bytes)
Apr 18 18:38:17 ubuntu-bionic kernel: [    0.155069] pinctrl core: initialized pinctrl subsystem
Apr 18 18:38:17 ubuntu-bionic kernel: [    0.155839] RTC time: 18:38:02, date: 04/18/20
Apr 18 18:38:17 ubuntu-bionic kernel: [    0.156069] NET: Registered protocol family 16
Apr 18 18:38:17 ubuntu-bionic kernel: [    0.156763] audit: initializing netlink subsys (disabled)
Apr 18 18:38:17 ubuntu-bionic kernel: [    0.157598] cpuidle: using governor ladder
Apr 18 18:38:17 ubuntu-bionic kernel: [    0.158161] cpuidle: using governor menu
Apr 18 18:38:17 ubuntu-bionic kernel: [    0.158726] ACPI: bus type PCI registered
Apr 18 18:38:17 ubuntu-bionic kernel: [    0.159275] acpiphp: ACPI Hot Plug PCI Controller Driver version: 0.5
Apr 18 18:38:17 ubuntu-bionic kernel: [    0.160062] PCI: Using configuration type 1 for base access
Apr 18 18:38:17 ubuntu-bionic kernel: [    0.160812] audit: type=2000 audit(1587235087.518:1): state=initialized audit_enabled=0 res=1
Apr 18 18:38:17 ubuntu-bionic kernel: [    0.162627] HugeTLB registered 2.00 MiB page size, pre-allocated 0 pages
Apr 18 18:38:17 ubuntu-bionic kernel: [    0.164532] ACPI: Added _OSI(Module Device)
Apr 18 18:38:17 ubuntu-bionic kernel: [    0.165126] ACPI: Added _OSI(Processor Device)
Apr 18 18:38:17 ubuntu-bionic kernel: [    0.165714] ACPI: Added _OSI(3.0 _SCP Extensions)
Apr 18 18:38:17 ubuntu-bionic kernel: [    0.166343] ACPI: Added _OSI(Processor Aggregator Device)
Apr 18 18:38:17 ubuntu-bionic kernel: [    0.167059] ACPI: Added _OSI(Linux-Dell-Video)
Apr 18 18:38:17 ubuntu-bionic kernel: [    0.167662] ACPI: Added _OSI(Linux-Lenovo-NV-HDMI-Audio)
Apr 18 18:38:17 ubuntu-bionic kernel: [    0.168009] ACPI: Added _OSI(Linux-HPI-Hybrid-Graphics)
Apr 18 18:38:17 ubuntu-bionic kernel: [    0.168888] ACPI: Executed 1 blocks of module-level executable AML code
Apr 18 18:38:17 ubuntu-bionic kernel: [    0.172615] ACPI: Interpreter enabled
Apr 18 18:38:17 ubuntu-bionic kernel: [    0.173141] ACPI: (supports S0 S5)
Apr 18 18:38:17 ubuntu-bionic kernel: [    0.173624] ACPI: Using IOAPIC for interrupt routing
Apr 18 18:38:17 ubuntu-bionic kernel: [    0.174471] PCI: Using host bridge windows from ACPI; if necessary, use "pci=nocrs" and report a bug
Apr 18 18:38:17 ubuntu-bionic kernel: [    0.175650] ACPI: Enabled 2 GPEs in block 00 to 07
Apr 18 18:38:17 ubuntu-bionic kernel: [    0.180210] ACPI: PCI Root Bridge [PCI0] (domain 0000 [bus 00-ff])
Apr 18 18:38:17 ubuntu-bionic kernel: [    0.180897] acpi PNP0A03:00: _OSC: OS supports [ASPM ClockPM Segments MSI]
Apr 18 18:38:17 ubuntu-bionic kernel: [    0.181990] acpi PNP0A03:00: _OSC: not requesting OS control; OS requires [ExtendedConfig ASPM ClockPM MSI]
Apr 18 18:38:17 ubuntu-bionic kernel: [    0.183071] acpi PNP0A03:00: fail to add MMCONFIG information, can't access extended PCI configuration space under this bridge.
Apr 18 18:38:17 ubuntu-bionic kernel: [    0.184232] PCI host bridge to bus 0000:00
Apr 18 18:38:17 ubuntu-bionic kernel: [    0.184743] pci_bus 0000:00: root bus resource [io  0x0000-0x0cf7 window]
Apr 18 18:38:17 ubuntu-bionic kernel: [    0.185499] pci_bus 0000:00: root bus resource [io  0x0d00-0xffff window]
Apr 18 18:38:17 ubuntu-bionic kernel: [    0.186260] pci_bus 0000:00: root bus resource [mem 0x000a0000-0x000bffff window]
Apr 18 18:38:17 ubuntu-bionic kernel: [    0.187124] pci_bus 0000:00: root bus resource [mem 0x40000000-0xfdffffff window]
Apr 18 18:38:17 ubuntu-bionic kernel: [    0.187966] pci_bus 0000:00: root bus resource [bus 00-ff]
Apr 18 18:38:17 ubuntu-bionic kernel: [    0.188027] pci 0000:00:00.0: [8086:1237] type 00 class 0x060000
Apr 18 18:38:17 ubuntu-bionic kernel: [    0.188521] pci 0000:00:01.0: [8086:7000] type 00 class 0x060100
Apr 18 18:38:17 ubuntu-bionic kernel: [    0.189012] pci 0000:00:01.1: [8086:7111] type 00 class 0x01018a
Apr 18 18:38:17 ubuntu-bionic kernel: [    0.189229] pci 0000:00:01.1: reg 0x20: [io  0xd000-0xd00f]
Apr 18 18:38:17 ubuntu-bionic kernel: [    0.189317] pci 0000:00:01.1: legacy IDE quirk: reg 0x10: [io  0x01f0-0x01f7]
Apr 18 18:38:17 ubuntu-bionic kernel: [    0.190516] pci 0000:00:01.1: legacy IDE quirk: reg 0x14: [io  0x03f6]
Apr 18 18:38:17 ubuntu-bionic kernel: [    0.191344] pci 0000:00:01.1: legacy IDE quirk: reg 0x18: [io  0x0170-0x0177]
Apr 18 18:38:17 ubuntu-bionic kernel: [    0.192004] pci 0000:00:01.1: legacy IDE quirk: reg 0x1c: [io  0x0376]
Apr 18 18:38:17 ubuntu-bionic kernel: [    0.192878] pci 0000:00:02.0: [80ee:beef] type 00 class 0x030000
Apr 18 18:38:17 ubuntu-bionic kernel: [    0.193488] pci 0000:00:02.0: reg 0x10: [mem 0xe0000000-0xe0ffffff pref]
Apr 18 18:38:17 ubuntu-bionic kernel: [    0.196781] pci 0000:00:03.0: [8086:100e] type 00 class 0x020000
Apr 18 18:38:17 ubuntu-bionic kernel: [    0.197068] pci 0000:00:03.0: reg 0x10: [mem 0xf0000000-0xf001ffff]
Apr 18 18:38:17 ubuntu-bionic kernel: [    0.197489] pci 0000:00:03.0: reg 0x18: [io  0xd010-0xd017]
Apr 18 18:38:17 ubuntu-bionic kernel: [    0.198639] pci 0000:00:04.0: [80ee:cafe] type 00 class 0x088000
Apr 18 18:38:17 ubuntu-bionic kernel: [    0.198905] pci 0000:00:04.0: reg 0x10: [io  0xd020-0xd03f]
Apr 18 18:38:17 ubuntu-bionic kernel: [    0.199129] pci 0000:00:04.0: reg 0x14: [mem 0xf0400000-0xf07fffff]
Apr 18 18:38:17 ubuntu-bionic kernel: [    0.199345] pci 0000:00:04.0: reg 0x18: [mem 0xf0800000-0xf0803fff pref]
Apr 18 18:38:17 ubuntu-bionic kernel: [    0.200301] pci 0000:00:05.0: [8086:2415] type 00 class 0x040100
Apr 18 18:38:17 ubuntu-bionic kernel: [    0.200376] pci 0000:00:05.0: reg 0x10: [io  0xd100-0xd1ff]
Apr 18 18:38:17 ubuntu-bionic kernel: [    0.200413] pci 0000:00:05.0: reg 0x14: [io  0xd200-0xd23f]
Apr 18 18:38:17 ubuntu-bionic kernel: [    0.200747] pci 0000:00:07.0: [8086:7113] type 00 class 0x068000
Apr 18 18:38:17 ubuntu-bionic kernel: [    0.201057] pci 0000:00:07.0: quirk: [io  0x4000-0x403f] claimed by PIIX4 ACPI
Apr 18 18:38:17 ubuntu-bionic kernel: [    0.201882] pci 0000:00:07.0: quirk: [io  0x4100-0x410f] claimed by PIIX4 SMB
Apr 18 18:38:17 ubuntu-bionic kernel: [    0.202838] pci 0000:00:08.0: [8086:100e] type 00 class 0x020000
Apr 18 18:38:17 ubuntu-bionic kernel: [    0.203189] pci 0000:00:08.0: reg 0x10: [mem 0xf0820000-0xf083ffff]
Apr 18 18:38:17 ubuntu-bionic kernel: [    0.203656] pci 0000:00:08.0: reg 0x18: [io  0xd240-0xd247]
Apr 18 18:38:17 ubuntu-bionic kernel: [    0.204821] pci 0000:00:14.0: [1000:0030] type 00 class 0x010000
Apr 18 18:38:17 ubuntu-bionic kernel: [    0.205110] pci 0000:00:14.0: reg 0x10: [io  0xd300-0xd3ff]
Apr 18 18:38:17 ubuntu-bionic kernel: [    0.205329] pci 0000:00:14.0: reg 0x14: [mem 0xf0840000-0xf085ffff]
Apr 18 18:38:17 ubuntu-bionic kernel: [    0.205547] pci 0000:00:14.0: reg 0x18: [mem 0xf0860000-0xf087ffff]
Apr 18 18:38:17 ubuntu-bionic kernel: [    0.207617] ACPI: PCI Interrupt Link [LNKA] (IRQs 5 9 10 *11)
Apr 18 18:38:17 ubuntu-bionic kernel: [    0.208225] ACPI: PCI Interrupt Link [LNKB] (IRQs 5 9 *10 11)
Apr 18 18:38:17 ubuntu-bionic kernel: [    0.209011] ACPI: PCI Interrupt Link [LNKC] (IRQs 5 *9 10 11)
Apr 18 18:38:17 ubuntu-bionic kernel: [    0.209809] ACPI: PCI Interrupt Link [LNKD] (IRQs 5 9 10 *11)
Apr 18 18:38:17 ubuntu-bionic kernel: [    0.210918] SCSI subsystem initialized
Apr 18 18:38:17 ubuntu-bionic kernel: [    0.211451] libata version 3.00 loaded.
Apr 18 18:38:17 ubuntu-bionic kernel: [    0.211491] pci 0000:00:02.0: vgaarb: setting as boot VGA device
Apr 18 18:38:17 ubuntu-bionic kernel: [    0.212000] pci 0000:00:02.0: vgaarb: VGA device added: decodes=io+mem,owns=io+mem,locks=none
Apr 18 18:38:17 ubuntu-bionic kernel: [    0.212004] pci 0000:00:02.0: vgaarb: bridge control possible
Apr 18 18:38:17 ubuntu-bionic kernel: [    0.212637] vgaarb: loaded
Apr 18 18:38:17 ubuntu-bionic kernel: [    0.212978] ACPI: bus type USB registered
Apr 18 18:38:17 ubuntu-bionic kernel: [    0.213535] usbcore: registered new interface driver usbfs
Apr 18 18:38:17 ubuntu-bionic kernel: [    0.214201] usbcore: registered new interface driver hub
Apr 18 18:38:17 ubuntu-bionic kernel: [    0.216017] usbcore: registered new device driver usb
Apr 18 18:38:17 ubuntu-bionic kernel: [    0.216907] EDAC MC: Ver: 3.0.0
Apr 18 18:38:17 ubuntu-bionic kernel: [    0.217745] PCI: Using ACPI for IRQ routing
Apr 18 18:38:17 ubuntu-bionic kernel: [    0.218371] PCI: pci_cache_line_size set to 64 bytes
Apr 18 18:38:17 ubuntu-bionic kernel: [    0.218519] e820: reserve RAM buffer [mem 0x0009fc00-0x0009ffff]
Apr 18 18:38:17 ubuntu-bionic kernel: [    0.218523] e820: reserve RAM buffer [mem 0x3fff0000-0x3fffffff]
Apr 18 18:38:17 ubuntu-bionic kernel: [    0.218630] NetLabel: Initializing
Apr 18 18:38:17 ubuntu-bionic kernel: [    0.220004] NetLabel:  domain hash size = 128
Apr 18 18:38:17 ubuntu-bionic kernel: [    0.220494] NetLabel:  protocols = UNLABELED CIPSOv4 CALIPSO
Apr 18 18:38:17 ubuntu-bionic kernel: [    0.221211] NetLabel:  unlabeled traffic allowed by default
Apr 18 18:38:17 ubuntu-bionic kernel: [    0.222153] clocksource: Switched to clocksource kvm-clock
Apr 18 18:38:17 ubuntu-bionic kernel: [    0.229363] VFS: Disk quotas dquot_6.6.0
Apr 18 18:38:17 ubuntu-bionic kernel: [    0.229875] VFS: Dquot-cache hash table entries: 512 (order 0, 4096 bytes)
Apr 18 18:38:17 ubuntu-bionic kernel: [    0.230906] AppArmor: AppArmor Filesystem Enabled
Apr 18 18:38:17 ubuntu-bionic kernel: [    0.231549] pnp: PnP ACPI init
Apr 18 18:38:17 ubuntu-bionic kernel: [    0.232010] pnp 00:00: Plug and Play ACPI device, IDs PNP0303 (active)
Apr 18 18:38:17 ubuntu-bionic kernel: [    0.232084] pnp 00:01: Plug and Play ACPI device, IDs PNP0f03 (active)
Apr 18 18:38:17 ubuntu-bionic kernel: [    0.232290] pnp 00:02: Plug and Play ACPI device, IDs PNP0501 (active)
Apr 18 18:38:17 ubuntu-bionic kernel: [    0.232699] pnp: PnP ACPI: found 3 devices
Apr 18 18:38:17 ubuntu-bionic kernel: [    0.238495] clocksource: acpi_pm: mask: 0xffffff max_cycles: 0xffffff, max_idle_ns: 2085701024 ns
Apr 18 18:38:17 ubuntu-bionic kernel: [    0.239700] pci_bus 0000:00: resource 4 [io  0x0000-0x0cf7 window]
Apr 18 18:38:17 ubuntu-bionic kernel: [    0.239702] pci_bus 0000:00: resource 5 [io  0x0d00-0xffff window]
Apr 18 18:38:17 ubuntu-bionic kernel: [    0.239703] pci_bus 0000:00: resource 6 [mem 0x000a0000-0x000bffff window]
Apr 18 18:38:17 ubuntu-bionic kernel: [    0.239705] pci_bus 0000:00: resource 7 [mem 0x40000000-0xfdffffff window]
Apr 18 18:38:17 ubuntu-bionic kernel: [    0.239754] NET: Registered protocol family 2
Apr 18 18:38:17 ubuntu-bionic kernel: [    0.240432] TCP established hash table entries: 8192 (order: 4, 65536 bytes)
Apr 18 18:38:17 ubuntu-bionic kernel: [    0.241221] TCP bind hash table entries: 8192 (order: 5, 131072 bytes)
Apr 18 18:38:17 ubuntu-bionic kernel: [    0.242020] TCP: Hash tables configured (established 8192 bind 8192)
Apr 18 18:38:17 ubuntu-bionic kernel: [    0.242743] UDP hash table entries: 512 (order: 2, 16384 bytes)
Apr 18 18:38:17 ubuntu-bionic kernel: [    0.243413] UDP-Lite hash table entries: 512 (order: 2, 16384 bytes)
Apr 18 18:38:17 ubuntu-bionic kernel: [    0.244142] NET: Registered protocol family 1
Apr 18 18:38:17 ubuntu-bionic kernel: [    0.244667] pci 0000:00:00.0: Limiting direct PCI/PCI transfers
Apr 18 18:38:17 ubuntu-bionic kernel: [    0.245338] pci 0000:00:01.0: Activating ISA DMA hang workarounds
Apr 18 18:38:17 ubuntu-bionic kernel: [    0.246193] pci 0000:00:02.0: Video device with shadowed ROM at [mem 0x000c0000-0x000dffff]
Apr 18 18:38:17 ubuntu-bionic kernel: [    0.247132] PCI: CLS 0 bytes, default 64
Apr 18 18:38:17 ubuntu-bionic kernel: [    0.247170] Unpacking initramfs...
Apr 18 18:38:17 ubuntu-bionic kernel: [    0.465063] Freeing initrd memory: 19208K
Apr 18 18:38:17 ubuntu-bionic kernel: [    0.471623] clocksource: tsc: mask: 0xffffffffffffffff max_cycles: 0x213608c06ae, max_idle_ns: 440795240117 ns
Apr 18 18:38:17 ubuntu-bionic kernel: [    0.473009] platform rtc_cmos: registered platform RTC device (no PNP device found)
Apr 18 18:38:17 ubuntu-bionic kernel: [    0.474029] Scanning for low memory corruption every 60 seconds
Apr 18 18:38:17 ubuntu-bionic kernel: [    0.475038] Initialise system trusted keyrings
Apr 18 18:38:17 ubuntu-bionic kernel: [    0.475580] Key type blacklist registered
Apr 18 18:38:17 ubuntu-bionic kernel: [    0.476111] workingset: timestamp_bits=36 max_order=18 bucket_order=0
Apr 18 18:38:17 ubuntu-bionic kernel: [    0.477861] zbud: loaded
Apr 18 18:38:17 ubuntu-bionic kernel: [    0.478549] squashfs: version 4.0 (2009/01/31) Phillip Lougher
Apr 18 18:38:17 ubuntu-bionic kernel: [    0.479295] fuse init (API version 7.26)
Apr 18 18:38:17 ubuntu-bionic kernel: [    0.480308] Key type asymmetric registered
Apr 18 18:38:17 ubuntu-bionic kernel: [    0.480851] Asymmetric key parser 'x509' registered
Apr 18 18:38:17 ubuntu-bionic kernel: [    0.481567] Block layer SCSI generic (bsg) driver version 0.4 loaded (major 246)
Apr 18 18:38:17 ubuntu-bionic kernel: [    0.482414] io scheduler noop registered
Apr 18 18:38:17 ubuntu-bionic kernel: [    0.482901] io scheduler deadline registered
Apr 18 18:38:17 ubuntu-bionic kernel: [    0.483438] io scheduler cfq registered (default)
Apr 18 18:38:17 ubuntu-bionic kernel: [    0.484186] ACPI: AC Adapter [AC] (on-line)
Apr 18 18:38:17 ubuntu-bionic kernel: [    0.484710] input: Power Button as /devices/LNXSYSTM:00/LNXPWRBN:00/input/input0
Apr 18 18:38:17 ubuntu-bionic kernel: [    0.485529] ACPI: Power Button [PWRF]
Apr 18 18:38:17 ubuntu-bionic kernel: [    0.486093] input: Sleep Button as /devices/LNXSYSTM:00/LNXSLPBN:00/input/input1
Apr 18 18:38:17 ubuntu-bionic kernel: [    0.486973] ACPI: Sleep Button [SLPF]
Apr 18 18:38:17 ubuntu-bionic kernel: [    0.488154] ACPI: Battery Slot [BAT0] (battery present)
Apr 18 18:38:17 ubuntu-bionic kernel: [    0.488921] Serial: 8250/16550 driver, 32 ports, IRQ sharing enabled
Apr 18 18:38:17 ubuntu-bionic kernel: [    0.510140] 00:02: ttyS0 at I/O 0x3f8 (irq = 4, base_baud = 115200) is a 16550A
Apr 18 18:38:17 ubuntu-bionic kernel: [    0.511907] Linux agpgart interface v0.103
Apr 18 18:38:17 ubuntu-bionic kernel: [    0.513266] loop: module loaded
Apr 18 18:38:17 ubuntu-bionic kernel: [    0.513708] ata_piix 0000:00:01.1: version 2.13
Apr 18 18:38:17 ubuntu-bionic kernel: [    0.513938] scsi host0: ata_piix
Apr 18 18:38:17 ubuntu-bionic kernel: [    0.514341] scsi host1: ata_piix
Apr 18 18:38:17 ubuntu-bionic kernel: [    0.514758] ata1: PATA max UDMA/33 cmd 0x1f0 ctl 0x3f6 bmdma 0xd000 irq 14
Apr 18 18:38:17 ubuntu-bionic kernel: [    0.515487] ata2: PATA max UDMA/33 cmd 0x170 ctl 0x376 bmdma 0xd008 irq 15
Apr 18 18:38:17 ubuntu-bionic kernel: [    0.516539] libphy: Fixed MDIO Bus: probed
Apr 18 18:38:17 ubuntu-bionic kernel: [    0.517005] tun: Universal TUN/TAP device driver, 1.6
Apr 18 18:38:17 ubuntu-bionic kernel: [    0.517565] PPP generic driver version 2.4.2
Apr 18 18:38:17 ubuntu-bionic kernel: [    0.518092] ehci_hcd: USB 2.0 'Enhanced' Host Controller (EHCI) Driver
Apr 18 18:38:17 ubuntu-bionic kernel: [    0.518769] ehci-pci: EHCI PCI platform driver
Apr 18 18:38:17 ubuntu-bionic kernel: [    0.519279] ehci-platform: EHCI generic platform driver
Apr 18 18:38:17 ubuntu-bionic kernel: [    0.519871] ohci_hcd: USB 1.1 'Open' Host Controller (OHCI) Driver
Apr 18 18:38:17 ubuntu-bionic kernel: [    0.520588] ohci-pci: OHCI PCI platform driver
Apr 18 18:38:17 ubuntu-bionic kernel: [    0.521101] ohci-platform: OHCI generic platform driver
Apr 18 18:38:17 ubuntu-bionic kernel: [    0.521847] uhci_hcd: USB Universal Host Controller Interface driver
Apr 18 18:38:17 ubuntu-bionic kernel: [    0.522626] i8042: PNP: PS/2 Controller [PNP0303:PS2K,PNP0f03:PS2M] at 0x60,0x64 irq 1,12
Apr 18 18:38:17 ubuntu-bionic kernel: [    0.523896] serio: i8042 KBD port at 0x60,0x64 irq 1
Apr 18 18:38:17 ubuntu-bionic kernel: [    0.524513] serio: i8042 AUX port at 0x60,0x64 irq 12
Apr 18 18:38:17 ubuntu-bionic kernel: [    0.525162] mousedev: PS/2 mouse device common for all mice
Apr 18 18:38:17 ubuntu-bionic kernel: [    0.525965] input: AT Translated Set 2 keyboard as /devices/platform/i8042/serio0/input/input2
Apr 18 18:38:17 ubuntu-bionic kernel: [    0.527170] rtc_cmos rtc_cmos: rtc core: registered rtc_cmos as rtc0
Apr 18 18:38:17 ubuntu-bionic kernel: [    0.527904] rtc_cmos rtc_cmos: alarms up to one day, 114 bytes nvram
Apr 18 18:38:17 ubuntu-bionic kernel: [    0.528567] i2c /dev entries driver
Apr 18 18:38:17 ubuntu-bionic kernel: [    0.528994] device-mapper: uevent: version 1.0.3
Apr 18 18:38:17 ubuntu-bionic kernel: [    0.529569] device-mapper: ioctl: 4.37.0-ioctl (2017-09-20) initialised: dm-devel@redhat.com
Apr 18 18:38:17 ubuntu-bionic kernel: [    0.530479] ledtrig-cpu: registered to indicate activity on CPUs
Apr 18 18:38:17 ubuntu-bionic kernel: [    0.531244] intel_pmc_core:  initialized
Apr 18 18:38:17 ubuntu-bionic kernel: [    0.531870] NET: Registered protocol family 10
Apr 18 18:38:17 ubuntu-bionic kernel: [    0.534505] Segment Routing with IPv6
Apr 18 18:38:17 ubuntu-bionic kernel: [    0.534981] NET: Registered protocol family 17
Apr 18 18:38:17 ubuntu-bionic kernel: [    0.535531] Key type dns_resolver registered
Apr 18 18:38:17 ubuntu-bionic kernel: [    0.536122] mce: Using 0 MCE banks
Apr 18 18:38:17 ubuntu-bionic kernel: [    0.536568] RAS: Correctable Errors collector initialized.
Apr 18 18:38:17 ubuntu-bionic kernel: [    0.537284] sched_clock: Marking stable (536553250, 0)->(635575859, -99022609)
Apr 18 18:38:17 ubuntu-bionic kernel: [    0.538401] registered taskstats version 1
Apr 18 18:38:17 ubuntu-bionic kernel: [    0.538866] Loading compiled-in X.509 certificates
Apr 18 18:38:17 ubuntu-bionic kernel: [    0.541069] Loaded X.509 cert 'Build time autogenerated kernel key: 244b473b43e18b01f00e37a87f2ecd28620f0244'
Apr 18 18:38:17 ubuntu-bionic kernel: [    0.542817] zswap: loaded using pool lzo/zbud
Apr 18 18:38:17 ubuntu-bionic kernel: [    0.545609] Key type big_key registered
Apr 18 18:38:17 ubuntu-bionic kernel: [    0.546800] Key type trusted registered
Apr 18 18:38:17 ubuntu-bionic kernel: [    0.548926] Key type encrypted registered
Apr 18 18:38:17 ubuntu-bionic kernel: [    0.549384] AppArmor: AppArmor sha1 policy hashing enabled
Apr 18 18:38:17 ubuntu-bionic kernel: [    0.550013] ima: No TPM chip found, activating TPM-bypass! (rc=-19)
Apr 18 18:38:17 ubuntu-bionic kernel: [    0.550709] ima: Allocated hash algorithm: sha1
Apr 18 18:38:17 ubuntu-bionic kernel: [    0.551251] evm: HMAC attrs: 0x1
Apr 18 18:38:17 ubuntu-bionic kernel: [    0.551829]   Magic number: 0:830:645
Apr 18 18:38:17 ubuntu-bionic kernel: [    0.552391] rtc_cmos rtc_cmos: setting system clock to 2020-04-18 18:38:03 UTC (1587235083)
Apr 18 18:38:17 ubuntu-bionic kernel: [    0.553529] BIOS EDD facility v0.16 2004-Jun-25, 0 devices found
Apr 18 18:38:17 ubuntu-bionic kernel: [    0.554196] EDD information not available.
Apr 18 18:38:17 ubuntu-bionic kernel: [    0.702059] Freeing unused kernel image memory: 2432K
Apr 18 18:38:17 ubuntu-bionic kernel: [    0.708059] Write protecting the kernel read-only data: 20480k
Apr 18 18:38:17 ubuntu-bionic kernel: [    0.709134] Freeing unused kernel image memory: 2008K
Apr 18 18:38:17 ubuntu-bionic kernel: [    0.709959] Freeing unused kernel image memory: 1880K
Apr 18 18:38:17 ubuntu-bionic kernel: [    0.716299] x86/mm: Checked W+X mappings: passed, no W+X pages found.
Apr 18 18:38:17 ubuntu-bionic kernel: [    0.717020] x86/mm: Checking user space page tables
Apr 18 18:38:17 ubuntu-bionic kernel: [    0.722693] x86/mm: Checked W+X mappings: passed, no W+X pages found.
Apr 18 18:38:17 ubuntu-bionic kernel: [    0.798621] e1000: Intel(R) PRO/1000 Network Driver - version 7.3.21-k8-NAPI
Apr 18 18:38:17 ubuntu-bionic kernel: [    0.799448] e1000: Copyright (c) 1999-2006 Intel Corporation.
Apr 18 18:38:17 ubuntu-bionic kernel: [    0.803551] Fusion MPT base driver 3.04.20
Apr 18 18:38:17 ubuntu-bionic kernel: [    0.804046] Copyright (c) 1999-2008 LSI Corporation
Apr 18 18:38:17 ubuntu-bionic kernel: [    0.812896] Fusion MPT SPI Host driver 3.04.20
Apr 18 18:38:17 ubuntu-bionic kernel: [    0.831100] AVX2 version of gcm_enc/dec engaged.
Apr 18 18:38:17 ubuntu-bionic kernel: [    0.831877] AES CTR mode by8 optimization enabled
Apr 18 18:38:17 ubuntu-bionic kernel: [    1.015280] input: ImExPS/2 Generic Explorer Mouse as /devices/platform/i8042/serio1/input/input4
Apr 18 18:38:17 ubuntu-bionic kernel: [    1.166882] e1000 0000:00:03.0 eth0: (PCI:33MHz:32-bit) 02:43:0e:00:05:fc
Apr 18 18:38:17 ubuntu-bionic kernel: [    1.167713] e1000 0000:00:03.0 eth0: Intel(R) PRO/1000 Network Connection
Apr 18 18:38:17 ubuntu-bionic kernel: [    1.169033] mptbase: ioc0: Initiating bringup
Apr 18 18:38:17 ubuntu-bionic kernel: [    1.264675] ioc0: LSI53C1030 A0: Capabilities={Initiator}
Apr 18 18:38:17 ubuntu-bionic kernel: [    1.508174] scsi host2: ioc0: LSI53C1030 A0, FwRev=00000000h, Ports=1, MaxQ=256, IRQ=20
Apr 18 18:38:17 ubuntu-bionic kernel: [    1.680861] scsi 2:0:0:0: Direct-Access     VBOX     HARDDISK         1.0  PQ: 0 ANSI: 5
Apr 18 18:38:17 ubuntu-bionic kernel: [    1.685014] scsi target2:0:0: Beginning Domain Validation
Apr 18 18:38:17 ubuntu-bionic kernel: [    1.693766] scsi target2:0:0: Domain Validation skipping write tests
Apr 18 18:38:17 ubuntu-bionic kernel: [    1.696769] scsi target2:0:0: Ending Domain Validation
Apr 18 18:38:17 ubuntu-bionic kernel: [    1.699634] random: fast init done
Apr 18 18:38:17 ubuntu-bionic kernel: [    1.701375] scsi target2:0:0: asynchronous
Apr 18 18:38:17 ubuntu-bionic kernel: [    1.703546] scsi 2:0:1:0: Direct-Access     VBOX     HARDDISK         1.0  PQ: 0 ANSI: 5
Apr 18 18:38:17 ubuntu-bionic kernel: [    1.706170] scsi target2:0:1: Beginning Domain Validation
Apr 18 18:38:17 ubuntu-bionic kernel: [    1.709228] scsi target2:0:1: Domain Validation skipping write tests
Apr 18 18:38:17 ubuntu-bionic kernel: [    1.711221] scsi target2:0:1: Ending Domain Validation
Apr 18 18:38:17 ubuntu-bionic kernel: [    1.712673] scsi target2:0:1: asynchronous
Apr 18 18:38:17 ubuntu-bionic kernel: [    1.717727] random: systemd-udevd: uninitialized urandom read (16 bytes read)
Apr 18 18:38:17 ubuntu-bionic kernel: [    1.718979] random: systemd-udevd: uninitialized urandom read (16 bytes read)
Apr 18 18:38:17 ubuntu-bionic kernel: [    1.720273] random: systemd-udevd: uninitialized urandom read (16 bytes read)
Apr 18 18:38:17 ubuntu-bionic kernel: [    1.721713] sd 2:0:0:0: [sda] 20971520 512-byte logical blocks: (10.7 GB/10.0 GiB)
Apr 18 18:38:17 ubuntu-bionic kernel: [    1.722911] sd 2:0:0:0: [sda] Write Protect is off
Apr 18 18:38:17 ubuntu-bionic kernel: [    1.723634] sd 2:0:0:0: [sda] Mode Sense: 04 00 10 00
Apr 18 18:38:17 ubuntu-bionic kernel: [    1.723727] sd 2:0:0:0: [sda] Incomplete mode parameter data
Apr 18 18:38:17 ubuntu-bionic kernel: [    1.724617] sd 2:0:0:0: [sda] Assuming drive cache: write through
Apr 18 18:38:17 ubuntu-bionic kernel: [    1.725635] sd 2:0:0:0: Attached scsi generic sg0 type 0
Apr 18 18:38:17 ubuntu-bionic kernel: [    1.730828] sd 2:0:1:0: [sdb] 20480 512-byte logical blocks: (10.5 MB/10.0 MiB)
Apr 18 18:38:17 ubuntu-bionic kernel: [    1.731804]  sda: sda1
Apr 18 18:38:17 ubuntu-bionic kernel: [    1.732165] sd 2:0:1:0: [sdb] Write Protect is off
Apr 18 18:38:17 ubuntu-bionic kernel: [    1.733187] sd 2:0:1:0: [sdb] Mode Sense: 04 00 10 00
Apr 18 18:38:17 ubuntu-bionic kernel: [    1.733325] sd 2:0:1:0: [sdb] Incomplete mode parameter data
Apr 18 18:38:17 ubuntu-bionic kernel: [    1.734015] sd 2:0:1:0: [sdb] Assuming drive cache: write through
Apr 18 18:38:17 ubuntu-bionic kernel: [    1.734841] sd 2:0:1:0: Attached scsi generic sg1 type 0
Apr 18 18:38:17 ubuntu-bionic kernel: [    1.735680] sd 2:0:0:0: [sda] Attached SCSI disk
Apr 18 18:38:17 ubuntu-bionic kernel: [    1.737491] sd 2:0:1:0: [sdb] Attached SCSI disk
Apr 18 18:38:17 ubuntu-bionic kernel: [    2.054863] e1000 0000:00:08.0 eth1: (PCI:33MHz:32-bit) 08:00:27:a0:94:91
Apr 18 18:38:17 ubuntu-bionic kernel: [    2.055619] e1000 0000:00:08.0 eth1: Intel(R) PRO/1000 Network Connection
Apr 18 18:38:17 ubuntu-bionic kernel: [    2.057115] e1000 0000:00:08.0 enp0s8: renamed from eth1
Apr 18 18:38:17 ubuntu-bionic kernel: [    2.058945] e1000 0000:00:03.0 enp0s3: renamed from eth0
Apr 18 18:38:17 ubuntu-bionic kernel: [    3.421025] raid6: sse2x1   gen() 13862 MB/s
Apr 18 18:38:17 ubuntu-bionic kernel: [    3.484430] raid6: sse2x1   xor() 10339 MB/s
Apr 18 18:38:17 ubuntu-bionic kernel: [    3.547834] raid6: sse2x2   gen() 17626 MB/s
Apr 18 18:38:17 ubuntu-bionic kernel: [    3.611146] raid6: sse2x2   xor() 11916 MB/s
Apr 18 18:38:17 ubuntu-bionic kernel: [    3.674520] raid6: sse2x4   gen() 19966 MB/s
Apr 18 18:38:17 ubuntu-bionic kernel: [    3.727021] raid6: sse2x4   xor() 12409 MB/s
Apr 18 18:38:17 ubuntu-bionic kernel: [    3.790396] raid6: avx2x1   gen() 28359 MB/s
Apr 18 18:38:17 ubuntu-bionic kernel: [    3.853644] raid6: avx2x1   xor() 20079 MB/s
Apr 18 18:38:17 ubuntu-bionic kernel: [    3.923728] raid6: avx2x2   gen() 37424 MB/s
Apr 18 18:38:17 ubuntu-bionic kernel: [    3.987383] raid6: avx2x2   xor() 18142 MB/s
Apr 18 18:38:17 ubuntu-bionic kernel: [    4.051360] raid6: avx2x4   gen() 38571 MB/s
Apr 18 18:38:17 ubuntu-bionic kernel: [    4.115705] raid6: avx2x4   xor() 18606 MB/s
Apr 18 18:38:17 ubuntu-bionic kernel: [    4.116312] raid6: using algorithm avx2x4 gen() 38571 MB/s
Apr 18 18:38:17 ubuntu-bionic kernel: [    4.116998] raid6: .... xor() 18606 MB/s, rmw enabled
Apr 18 18:38:17 ubuntu-bionic kernel: [    4.117602] raid6: using avx2x2 recovery algorithm
Apr 18 18:38:17 ubuntu-bionic kernel: [    4.119608] xor: automatically using best checksumming function   avx       
Apr 18 18:38:17 ubuntu-bionic kernel: [    4.122003] async_tx: api initialized (async)
Apr 18 18:38:17 ubuntu-bionic kernel: [    4.164436] Btrfs loaded, crc32c=crc32c-intel
Apr 18 18:38:17 ubuntu-bionic kernel: [    4.226868] EXT4-fs (sda1): mounted filesystem with ordered data mode. Opts: (null)
Apr 18 18:38:17 ubuntu-bionic kernel: [    4.922976] ip_tables: (C) 2000-2006 Netfilter Core Team
Apr 18 18:38:17 ubuntu-bionic kernel: [    6.063635] Loading iSCSI transport class v2.0-870.
Apr 18 18:38:17 ubuntu-bionic kernel: [    6.251865] iscsi: registered transport (tcp)
Apr 18 18:38:17 ubuntu-bionic kernel: [    6.277853] EXT4-fs (sda1): re-mounted. Opts: (null)
Apr 18 18:38:17 ubuntu-bionic kernel: [    6.350315] iscsi: registered transport (iser)
Apr 18 18:38:17 ubuntu-bionic kernel: [    6.880379] random: crng init done
Apr 18 18:38:17 ubuntu-bionic kernel: [    6.880382] random: 7 urandom warning(s) missed due to ratelimiting
Apr 18 18:38:17 ubuntu-bionic kernel: [    7.379940] vgdrvHeartbeatInit: Setting up heartbeat to trigger every 2000 milliseconds
Apr 18 18:38:17 ubuntu-bionic kernel: [    7.379993] input: Unspecified device as /devices/pci0000:00/0000:00:04.0/input/input5
Apr 18 18:38:17 ubuntu-bionic kernel: [    7.380074] vboxguest: misc device minor 56, IRQ 20, I/O port d020, MMIO at 00000000f0400000 (size 0x400000)
Apr 18 18:38:17 ubuntu-bionic kernel: [    7.380119] vboxguest: Successfully loaded version 5.2.8_KernelUbuntu (interface 0x00010004)
Apr 18 18:38:17 ubuntu-bionic kernel: [    7.416324] ACPI: Video Device [GFX0] (multi-head: yes  rom: no  post: no)
Apr 18 18:38:17 ubuntu-bionic kernel: [    7.416374] input: Video Bus as /devices/LNXSYSTM:00/LNXSYBUS:00/PNP0A03:00/LNXVIDEO:00/input/input6
Apr 18 18:38:17 ubuntu-bionic kernel: [    7.607196] audit: type=1400 audit(1587235090.548:2): apparmor="STATUS" operation="profile_load" profile="unconfined" name="lxc-container-default" pid=460 comm="apparmor_parser"
Apr 18 18:38:17 ubuntu-bionic kernel: [    7.608780] audit: type=1400 audit(1587235090.548:3): apparmor="STATUS" operation="profile_load" profile="unconfined" name="lxc-container-default-cgns" pid=460 comm="apparmor_parser"
Apr 18 18:38:17 ubuntu-bionic kernel: [    7.609639] audit: type=1400 audit(1587235090.548:4): apparmor="STATUS" operation="profile_load" profile="unconfined" name="lxc-container-default-with-mounting" pid=460 comm="apparmor_parser"
Apr 18 18:38:17 ubuntu-bionic kernel: [    7.609978] audit: type=1400 audit(1587235090.548:5): apparmor="STATUS" operation="profile_load" profile="unconfined" name="lxc-container-default-with-nesting" pid=460 comm="apparmor_parser"
Apr 18 18:38:17 ubuntu-bionic kernel: [    7.841001] audit: type=1400 audit(1587235090.776:6): apparmor="STATUS" operation="profile_load" profile="unconfined" name="/sbin/dhclient" pid=484 comm="apparmor_parser"
Apr 18 18:38:17 ubuntu-bionic kernel: [    7.841383] audit: type=1400 audit(1587235090.776:7): apparmor="STATUS" operation="profile_load" profile="unconfined" name="/usr/lib/NetworkManager/nm-dhcp-client.action" pid=484 comm="apparmor_parser"
Apr 18 18:38:17 ubuntu-bionic kernel: [    7.841697] audit: type=1400 audit(1587235090.776:8): apparmor="STATUS" operation="profile_load" profile="unconfined" name="/usr/lib/NetworkManager/nm-dhcp-helper" pid=484 comm="apparmor_parser"
Apr 18 18:38:17 ubuntu-bionic kernel: [    7.841981] audit: type=1400 audit(1587235090.776:9): apparmor="STATUS" operation="profile_load" profile="unconfined" name="/usr/lib/connman/scripts/dhclient-script" pid=484 comm="apparmor_parser"
Apr 18 18:38:17 ubuntu-bionic kernel: [    7.857701] audit: type=1400 audit(1587235090.796:10): apparmor="STATUS" operation="profile_load" profile="unconfined" name="/usr/bin/lxc-start" pid=495 comm="apparmor_parser"
Apr 18 18:38:17 ubuntu-bionic kernel: [    7.914364] audit: type=1400 audit(1587235090.852:11): apparmor="STATUS" operation="profile_load" profile="unconfined" name="/usr/bin/man" pid=497 comm="apparmor_parser"
Apr 18 18:38:17 ubuntu-bionic kernel: [   11.031310] ISO 9660 Extensions: Microsoft Joliet Level 3
Apr 18 18:38:17 ubuntu-bionic kernel: [   11.036730] ISO 9660 Extensions: RRIP_1991A
Apr 18 18:38:17 ubuntu-bionic kernel: [   11.514593] IPv6: ADDRCONF(NETDEV_UP): enp0s3: link is not ready
Apr 18 18:38:17 ubuntu-bionic kernel: [   11.521823] e1000: enp0s3 NIC Link is Up 1000 Mbps Full Duplex, Flow Control: RX
Apr 18 18:38:17 ubuntu-bionic kernel: [   11.522074] IPv6: ADDRCONF(NETDEV_CHANGE): enp0s3: link becomes ready
Apr 18 18:38:17 ubuntu-bionic kernel: [   13.900900] EXT4-fs (sda1): resizing filesystem from 576000 to 2621179 blocks
Apr 18 18:38:17 ubuntu-bionic kernel: [   13.920658] EXT4-fs (sda1): resized filesystem to 2621179
Apr 18 18:38:17 ubuntu-bionic kernel: [   14.437640] new mount options do not match the existing superblock, will be ignored
Apr 18 18:38:17 ubuntu-bionic kernel: [   14.939298] vboxsf: Successfully loaded version 5.2.8_KernelUbuntu (interface 0x00010004)
Apr 18 18:38:17 ubuntu-bionic kernel: [   15.016376] VBoxService 5.2.34_Ubuntu r133883 (verbosity: 0) linux.amd64 (Oct 23 2019 13:26:08) release log
Apr 18 18:38:17 ubuntu-bionic kernel: [   15.016376] 00:00:00.000053 main     Log opened 2020-04-18T18:38:17.963937000Z
Apr 18 18:38:17 ubuntu-bionic kernel: [   15.016591] 00:00:00.000289 main     OS Product: Linux
Apr 18 18:38:17 ubuntu-bionic kernel: [   15.016687] 00:00:00.000389 main     OS Release: 4.15.0-96-generic
Apr 18 18:38:17 ubuntu-bionic kernel: [   15.016775] 00:00:00.000475 main     OS Version: #97-Ubuntu SMP Wed Apr 1 03:25:46 UTC 2020
Apr 18 18:38:17 ubuntu-bionic kernel: [   15.016802] 00:00:00.000505 main     Executable: /usr/sbin/VBoxService
Apr 18 18:38:17 ubuntu-bionic kernel: [   15.016802] 00:00:00.000506 main     Process ID: 937
Apr 18 18:38:17 ubuntu-bionic kernel: [   15.016802] 00:00:00.000506 main     Package type: LINUX_64BITS_GENERIC (OSE)
Apr 18 18:38:17 ubuntu-bionic kernel: [   15.017289] 00:00:00.000989 main     5.2.34_Ubuntu r133883 started. Verbose level = 0
Apr 18 18:38:24 ubuntu-bionic kernel: [   21.885707] IPv6: ADDRCONF(NETDEV_UP): enp0s8: link is not ready
Apr 18 18:38:24 ubuntu-bionic kernel: [   21.893075] e1000: enp0s8 NIC Link is Up 1000 Mbps Full Duplex, Flow Control: RX
Apr 18 18:38:24 ubuntu-bionic kernel: [   21.893305] IPv6: ADDRCONF(NETDEV_CHANGE): enp0s8: link becomes ready
Apr 18 18:40:58 ubuntu-bionic kernel: [  175.695699] aufs 4.15-20180219
Apr 18 18:40:59 ubuntu-bionic kernel: [  176.866145] kauditd_printk_skb: 5 callbacks suppressed
Apr 18 18:40:59 ubuntu-bionic kernel: [  176.866146] audit: type=1400 audit(1587235259.884:17): apparmor="STATUS" operation="profile_load" profile="unconfined" name="docker-default" pid=3201 comm="apparmor_parser"
Apr 18 18:40:59 ubuntu-bionic kernel: [  176.962113] bridge: filtering via arp/ip/ip6tables is no longer available by default. Update your scripts to load br_netfilter if you need this.
Apr 18 18:40:59 ubuntu-bionic kernel: [  176.968170] Bridge firewalling registered
Apr 18 18:41:00 ubuntu-bionic kernel: [  177.023772] nf_conntrack version 0.5.0 (8192 buckets, 32768 max)
Apr 18 18:41:00 ubuntu-bionic kernel: [  177.154473] Initializing XFRM netlink socket
Apr 18 18:41:00 ubuntu-bionic kernel: [  177.158424] Netfilter messages via NETLINK v0.30.
Apr 18 18:41:00 ubuntu-bionic kernel: [  177.164435] ctnetlink v0.93: registering with nfnetlink.
Apr 18 18:41:00 ubuntu-bionic kernel: [  177.324129] IPv6: ADDRCONF(NETDEV_UP): docker0: link is not ready
Apr 18 18:49:00 ubuntu-bionic kernel: [  656.776276] docker0: port 1(veth3f98d1b) entered blocking state
Apr 18 18:49:00 ubuntu-bionic kernel: [  656.776279] docker0: port 1(veth3f98d1b) entered disabled state
Apr 18 18:49:00 ubuntu-bionic kernel: [  656.776540] device veth3f98d1b entered promiscuous mode
Apr 18 18:49:00 ubuntu-bionic kernel: [  656.780642] IPv6: ADDRCONF(NETDEV_UP): veth3f98d1b: link is not ready
Apr 18 18:49:00 ubuntu-bionic kernel: [  657.035120] eth0: renamed from veth17b2c22
Apr 18 18:49:00 ubuntu-bionic kernel: [  657.035452] IPv6: ADDRCONF(NETDEV_CHANGE): veth3f98d1b: link becomes ready
Apr 18 18:49:00 ubuntu-bionic kernel: [  657.035474] docker0: port 1(veth3f98d1b) entered blocking state
Apr 18 18:49:00 ubuntu-bionic kernel: [  657.035475] docker0: port 1(veth3f98d1b) entered forwarding state
Apr 18 18:49:00 ubuntu-bionic kernel: [  657.035500] IPv6: ADDRCONF(NETDEV_CHANGE): docker0: link becomes ready
Apr 18 18:49:00 ubuntu-bionic kernel: [  657.243634] docker0: port 1(veth3f98d1b) entered disabled state
Apr 18 18:49:00 ubuntu-bionic kernel: [  657.244873] veth17b2c22: renamed from eth0
Apr 18 18:49:00 ubuntu-bionic kernel: [  657.255275] docker0: port 1(veth3f98d1b) entered disabled state
Apr 18 18:49:00 ubuntu-bionic kernel: [  657.257918] device veth3f98d1b left promiscuous mode
Apr 18 18:49:00 ubuntu-bionic kernel: [  657.257922] docker0: port 1(veth3f98d1b) entered disabled state
Apr 18 18:49:21 ubuntu-bionic kernel: [  677.843330] docker0: port 1(vetheac627d) entered blocking state
Apr 18 18:49:21 ubuntu-bionic kernel: [  677.843338] docker0: port 1(vetheac627d) entered disabled state
Apr 18 18:49:21 ubuntu-bionic kernel: [  677.847783] device vetheac627d entered promiscuous mode
Apr 18 18:49:21 ubuntu-bionic kernel: [  677.856302] IPv6: ADDRCONF(NETDEV_UP): vetheac627d: link is not ready
Apr 18 18:49:21 ubuntu-bionic kernel: [  678.035876] eth0: renamed from veth6b97a3c
Apr 18 18:49:21 ubuntu-bionic kernel: [  678.036017] IPv6: ADDRCONF(NETDEV_CHANGE): vetheac627d: link becomes ready
Apr 18 18:49:21 ubuntu-bionic kernel: [  678.036035] docker0: port 1(vetheac627d) entered blocking state
Apr 18 18:49:21 ubuntu-bionic kernel: [  678.036035] docker0: port 1(vetheac627d) entered forwarding state
Apr 18 18:49:21 ubuntu-bionic kernel: [  678.235728] docker0: port 1(vetheac627d) entered disabled state
Apr 18 18:49:21 ubuntu-bionic kernel: [  678.237848] veth6b97a3c: renamed from eth0
Apr 18 18:49:21 ubuntu-bionic kernel: [  678.246064] docker0: port 1(vetheac627d) entered disabled state
Apr 18 18:49:21 ubuntu-bionic kernel: [  678.252357] device vetheac627d left promiscuous mode
Apr 18 18:49:21 ubuntu-bionic kernel: [  678.252362] docker0: port 1(vetheac627d) entered disabled state
Apr 18 19:40:18 ubuntu-bionic kernel: [ 3734.667511] docker0: port 1(veth6183b3d) entered blocking state
Apr 18 19:40:18 ubuntu-bionic kernel: [ 3734.667513] docker0: port 1(veth6183b3d) entered disabled state
Apr 18 19:40:18 ubuntu-bionic kernel: [ 3734.667602] device veth6183b3d entered promiscuous mode
Apr 18 19:40:18 ubuntu-bionic kernel: [ 3734.672880] IPv6: ADDRCONF(NETDEV_UP): veth6183b3d: link is not ready
Apr 18 19:40:18 ubuntu-bionic kernel: [ 3734.824219] eth0: renamed from veth7e2b248
Apr 18 19:40:18 ubuntu-bionic kernel: [ 3734.824378] IPv6: ADDRCONF(NETDEV_CHANGE): veth6183b3d: link becomes ready
Apr 18 19:40:18 ubuntu-bionic kernel: [ 3734.824403] docker0: port 1(veth6183b3d) entered blocking state
Apr 18 19:40:18 ubuntu-bionic kernel: [ 3734.824405] docker0: port 1(veth6183b3d) entered forwarding state
Apr 18 19:40:18 ubuntu-bionic kernel: [ 3735.018060] docker0: port 1(veth6183b3d) entered disabled state
Apr 18 19:40:18 ubuntu-bionic kernel: [ 3735.019322] veth7e2b248: renamed from eth0
Apr 18 19:40:19 ubuntu-bionic kernel: [ 3735.028204] docker0: port 1(veth6183b3d) entered disabled state
Apr 18 19:40:19 ubuntu-bionic kernel: [ 3735.032056] device veth6183b3d left promiscuous mode
Apr 18 19:40:19 ubuntu-bionic kernel: [ 3735.032059] docker0: port 1(veth6183b3d) entered disabled state
Apr 18 19:40:40 ubuntu-bionic kernel: [ 3756.333051] docker0: port 1(veth7a50901) entered blocking state
Apr 18 19:40:40 ubuntu-bionic kernel: [ 3756.333055] docker0: port 1(veth7a50901) entered disabled state
Apr 18 19:40:40 ubuntu-bionic kernel: [ 3756.333326] device veth7a50901 entered promiscuous mode
Apr 18 19:40:40 ubuntu-bionic kernel: [ 3756.343422] IPv6: ADDRCONF(NETDEV_UP): veth7a50901: link is not ready
Apr 18 19:40:40 ubuntu-bionic kernel: [ 3756.499990] eth0: renamed from vethae77c11
Apr 18 19:40:40 ubuntu-bionic kernel: [ 3756.500136] IPv6: ADDRCONF(NETDEV_CHANGE): veth7a50901: link becomes ready
Apr 18 19:40:40 ubuntu-bionic kernel: [ 3756.500157] docker0: port 1(veth7a50901) entered blocking state
Apr 18 19:40:40 ubuntu-bionic kernel: [ 3756.500158] docker0: port 1(veth7a50901) entered forwarding state
Apr 18 19:40:40 ubuntu-bionic kernel: [ 3756.696346] docker0: port 1(veth7a50901) entered disabled state
Apr 18 19:40:40 ubuntu-bionic kernel: [ 3756.698711] vethae77c11: renamed from eth0
Apr 18 19:40:40 ubuntu-bionic kernel: [ 3756.716485] docker0: port 1(veth7a50901) entered disabled state
Apr 18 19:40:40 ubuntu-bionic kernel: [ 3756.719083] device veth7a50901 left promiscuous mode
Apr 18 19:40:40 ubuntu-bionic kernel: [ 3756.719087] docker0: port 1(veth7a50901) entered disabled state
Apr 18 19:58:56 ubuntu-bionic kernel: [ 4853.018188] docker0: port 1(veth03c2369) entered blocking state
Apr 18 19:58:56 ubuntu-bionic kernel: [ 4853.018190] docker0: port 1(veth03c2369) entered disabled state
Apr 18 19:58:56 ubuntu-bionic kernel: [ 4853.019057] device veth03c2369 entered promiscuous mode
Apr 18 19:58:56 ubuntu-bionic kernel: [ 4853.024434] IPv6: ADDRCONF(NETDEV_UP): veth03c2369: link is not ready
Apr 18 19:58:57 ubuntu-bionic kernel: [ 4853.207809] eth0: renamed from vethf7f6bc2
Apr 18 19:58:57 ubuntu-bionic kernel: [ 4853.207943] IPv6: ADDRCONF(NETDEV_CHANGE): veth03c2369: link becomes ready
Apr 18 19:58:57 ubuntu-bionic kernel: [ 4853.207961] docker0: port 1(veth03c2369) entered blocking state
Apr 18 19:58:57 ubuntu-bionic kernel: [ 4853.207962] docker0: port 1(veth03c2369) entered forwarding state
Apr 18 19:58:57 ubuntu-bionic kernel: [ 4853.396155] docker0: port 1(veth03c2369) entered disabled state
Apr 18 19:58:57 ubuntu-bionic kernel: [ 4853.397279] vethf7f6bc2: renamed from eth0
Apr 18 19:58:57 ubuntu-bionic kernel: [ 4853.409932] docker0: port 1(veth03c2369) entered disabled state
Apr 18 19:58:57 ubuntu-bionic kernel: [ 4853.412634] device veth03c2369 left promiscuous mode
Apr 18 19:58:57 ubuntu-bionic kernel: [ 4853.412637] docker0: port 1(veth03c2369) entered disabled state
Apr 18 20:01:40 ubuntu-bionic kernel: [ 5016.861918] docker0: port 1(vethf9aca06) entered blocking state
Apr 18 20:01:40 ubuntu-bionic kernel: [ 5016.861923] docker0: port 1(vethf9aca06) entered disabled state
Apr 18 20:01:40 ubuntu-bionic kernel: [ 5016.862306] device vethf9aca06 entered promiscuous mode
Apr 18 20:01:40 ubuntu-bionic kernel: [ 5016.873035] IPv6: ADDRCONF(NETDEV_UP): vethf9aca06: link is not ready
Apr 18 20:01:40 ubuntu-bionic kernel: [ 5017.020035] eth0: renamed from vethccc467d
Apr 18 20:01:40 ubuntu-bionic kernel: [ 5017.020173] IPv6: ADDRCONF(NETDEV_CHANGE): vethf9aca06: link becomes ready
Apr 18 20:01:40 ubuntu-bionic kernel: [ 5017.020191] docker0: port 1(vethf9aca06) entered blocking state
Apr 18 20:01:40 ubuntu-bionic kernel: [ 5017.020192] docker0: port 1(vethf9aca06) entered forwarding state
Apr 18 20:01:41 ubuntu-bionic kernel: [ 5017.205885] docker0: port 1(vethf9aca06) entered disabled state
Apr 18 20:01:41 ubuntu-bionic kernel: [ 5017.207020] vethccc467d: renamed from eth0
Apr 18 20:01:41 ubuntu-bionic kernel: [ 5017.220179] docker0: port 1(vethf9aca06) entered disabled state
Apr 18 20:01:41 ubuntu-bionic kernel: [ 5017.223934] device vethf9aca06 left promiscuous mode
Apr 18 20:01:41 ubuntu-bionic kernel: [ 5017.223937] docker0: port 1(vethf9aca06) entered disabled state
Apr 18 20:09:37 ubuntu-bionic kernel: [ 5493.888480] docker0: port 1(veth6d0b4cf) entered blocking state
Apr 18 20:09:37 ubuntu-bionic kernel: [ 5493.888484] docker0: port 1(veth6d0b4cf) entered disabled state
Apr 18 20:09:37 ubuntu-bionic kernel: [ 5493.888700] device veth6d0b4cf entered promiscuous mode
Apr 18 20:09:37 ubuntu-bionic kernel: [ 5493.897489] IPv6: ADDRCONF(NETDEV_UP): veth6d0b4cf: link is not ready
Apr 18 20:09:38 ubuntu-bionic kernel: [ 5494.060296] eth0: renamed from veth2facf79
Apr 18 20:09:38 ubuntu-bionic kernel: [ 5494.060438] IPv6: ADDRCONF(NETDEV_CHANGE): veth6d0b4cf: link becomes ready
Apr 18 20:09:38 ubuntu-bionic kernel: [ 5494.060456] docker0: port 1(veth6d0b4cf) entered blocking state
Apr 18 20:09:38 ubuntu-bionic kernel: [ 5494.060457] docker0: port 1(veth6d0b4cf) entered forwarding state
Apr 18 20:09:42 ubuntu-bionic kernel: [ 5498.372034] docker0: port 1(veth6d0b4cf) entered disabled state
Apr 18 20:09:42 ubuntu-bionic kernel: [ 5498.373792] veth2facf79: renamed from eth0
Apr 18 20:09:42 ubuntu-bionic kernel: [ 5498.382234] docker0: port 1(veth6d0b4cf) entered disabled state
Apr 18 20:09:42 ubuntu-bionic kernel: [ 5498.386234] device veth6d0b4cf left promiscuous mode
Apr 18 20:09:42 ubuntu-bionic kernel: [ 5498.386237] docker0: port 1(veth6d0b4cf) entered disabled state
Apr 18 20:09:42 ubuntu-bionic kernel: [ 5498.766553] docker0: port 1(veth4bfc2b6) entered blocking state
Apr 18 20:09:42 ubuntu-bionic kernel: [ 5498.766556] docker0: port 1(veth4bfc2b6) entered disabled state
Apr 18 20:09:42 ubuntu-bionic kernel: [ 5498.766951] device veth4bfc2b6 entered promiscuous mode
Apr 18 20:09:42 ubuntu-bionic kernel: [ 5498.776328] IPv6: ADDRCONF(NETDEV_UP): veth4bfc2b6: link is not ready
Apr 18 20:09:42 ubuntu-bionic kernel: [ 5498.776339] docker0: port 1(veth4bfc2b6) entered blocking state
Apr 18 20:09:42 ubuntu-bionic kernel: [ 5498.776341] docker0: port 1(veth4bfc2b6) entered forwarding state
Apr 18 20:09:42 ubuntu-bionic kernel: [ 5498.936091] eth0: renamed from veth5afedeb
Apr 18 20:09:42 ubuntu-bionic kernel: [ 5498.936231] IPv6: ADDRCONF(NETDEV_CHANGE): veth4bfc2b6: link becomes ready
Apr 18 20:09:43 ubuntu-bionic kernel: [ 5499.119796] docker0: port 1(veth4bfc2b6) entered disabled state
Apr 18 20:09:43 ubuntu-bionic kernel: [ 5499.122242] veth5afedeb: renamed from eth0
Apr 18 20:09:43 ubuntu-bionic kernel: [ 5499.139690] docker0: port 1(veth4bfc2b6) entered disabled state
Apr 18 20:09:43 ubuntu-bionic kernel: [ 5499.142456] device veth4bfc2b6 left promiscuous mode
Apr 18 20:09:43 ubuntu-bionic kernel: [ 5499.142459] docker0: port 1(veth4bfc2b6) entered disabled state
Apr 18 20:17:11 ubuntu-bionic kernel: [ 5947.870500] docker0: port 1(vethea50520) entered blocking state
Apr 18 20:17:11 ubuntu-bionic kernel: [ 5947.870502] docker0: port 1(vethea50520) entered disabled state
Apr 18 20:17:11 ubuntu-bionic kernel: [ 5947.870631] device vethea50520 entered promiscuous mode
Apr 18 20:17:11 ubuntu-bionic kernel: [ 5947.877991] IPv6: ADDRCONF(NETDEV_UP): vethea50520: link is not ready
Apr 18 20:17:12 ubuntu-bionic kernel: [ 5948.095945] eth0: renamed from veth5433183
Apr 18 20:17:12 ubuntu-bionic kernel: [ 5948.096085] IPv6: ADDRCONF(NETDEV_CHANGE): vethea50520: link becomes ready
Apr 18 20:17:12 ubuntu-bionic kernel: [ 5948.096104] docker0: port 1(vethea50520) entered blocking state
Apr 18 20:17:12 ubuntu-bionic kernel: [ 5948.096105] docker0: port 1(vethea50520) entered forwarding state
Apr 18 20:47:02 ubuntu-bionic kernel: [ 7738.373375] docker0: port 1(vethea50520) entered disabled state
Apr 18 20:47:02 ubuntu-bionic kernel: [ 7738.374853] veth5433183: renamed from eth0
Apr 18 20:47:02 ubuntu-bionic kernel: [ 7738.387198] docker0: port 1(vethea50520) entered disabled state
Apr 18 20:47:02 ubuntu-bionic kernel: [ 7738.393234] device vethea50520 left promiscuous mode
Apr 18 20:47:02 ubuntu-bionic kernel: [ 7738.393237] docker0: port 1(vethea50520) entered disabled state
Apr 18 20:47:37 ubuntu-bionic kernel: [ 7773.180982] docker0: port 1(vethd805bb7) entered blocking state
Apr 18 20:47:37 ubuntu-bionic kernel: [ 7773.180984] docker0: port 1(vethd805bb7) entered disabled state
Apr 18 20:47:37 ubuntu-bionic kernel: [ 7773.181067] device vethd805bb7 entered promiscuous mode
Apr 18 20:47:37 ubuntu-bionic kernel: [ 7773.185956] IPv6: ADDRCONF(NETDEV_UP): vethd805bb7: link is not ready
Apr 18 20:47:37 ubuntu-bionic kernel: [ 7773.344008] eth0: renamed from veth31c54aa
Apr 18 20:47:37 ubuntu-bionic kernel: [ 7773.344250] IPv6: ADDRCONF(NETDEV_CHANGE): vethd805bb7: link becomes ready
Apr 18 20:47:37 ubuntu-bionic kernel: [ 7773.344270] docker0: port 1(vethd805bb7) entered blocking state
Apr 18 20:47:37 ubuntu-bionic kernel: [ 7773.344271] docker0: port 1(vethd805bb7) entered forwarding state
Apr 18 20:47:37 ubuntu-bionic kernel: [ 7773.539139] docker0: port 1(vethd805bb7) entered disabled state
Apr 18 20:47:37 ubuntu-bionic kernel: [ 7773.540299] veth31c54aa: renamed from eth0
Apr 18 20:47:37 ubuntu-bionic kernel: [ 7773.553195] docker0: port 1(vethd805bb7) entered disabled state
Apr 18 20:47:37 ubuntu-bionic kernel: [ 7773.556163] device vethd805bb7 left promiscuous mode
Apr 18 20:47:37 ubuntu-bionic kernel: [ 7773.556182] docker0: port 1(vethd805bb7) entered disabled state
Apr 18 20:47:42 ubuntu-bionic kernel: [ 7778.689528] docker0: port 1(veth7653ec0) entered blocking state
Apr 18 20:47:42 ubuntu-bionic kernel: [ 7778.689531] docker0: port 1(veth7653ec0) entered disabled state
Apr 18 20:47:42 ubuntu-bionic kernel: [ 7778.690315] device veth7653ec0 entered promiscuous mode
Apr 18 20:47:42 ubuntu-bionic kernel: [ 7778.698318] IPv6: ADDRCONF(NETDEV_UP): veth7653ec0: link is not ready
Apr 18 20:47:42 ubuntu-bionic kernel: [ 7778.860027] eth0: renamed from veth25a8aca
Apr 18 20:47:42 ubuntu-bionic kernel: [ 7778.860171] IPv6: ADDRCONF(NETDEV_CHANGE): veth7653ec0: link becomes ready
Apr 18 20:47:42 ubuntu-bionic kernel: [ 7778.860188] docker0: port 1(veth7653ec0) entered blocking state
Apr 18 20:47:42 ubuntu-bionic kernel: [ 7778.860189] docker0: port 1(veth7653ec0) entered forwarding state
Apr 18 20:47:43 ubuntu-bionic kernel: [ 7779.047159] docker0: port 1(veth7653ec0) entered disabled state
Apr 18 20:47:43 ubuntu-bionic kernel: [ 7779.048414] veth25a8aca: renamed from eth0
Apr 18 20:47:43 ubuntu-bionic kernel: [ 7779.060801] docker0: port 1(veth7653ec0) entered disabled state
Apr 18 20:47:43 ubuntu-bionic kernel: [ 7779.064648] device veth7653ec0 left promiscuous mode
Apr 18 20:47:43 ubuntu-bionic kernel: [ 7779.064651] docker0: port 1(veth7653ec0) entered disabled state
Apr 18 20:47:45 ubuntu-bionic kernel: [ 7781.856185] docker0: port 1(vethc8981dc) entered blocking state
Apr 18 20:47:45 ubuntu-bionic kernel: [ 7781.856186] docker0: port 1(vethc8981dc) entered disabled state
Apr 18 20:47:45 ubuntu-bionic kernel: [ 7781.856268] device vethc8981dc entered promiscuous mode
Apr 18 20:47:45 ubuntu-bionic kernel: [ 7781.861026] IPv6: ADDRCONF(NETDEV_UP): vethc8981dc: link is not ready
Apr 18 20:47:46 ubuntu-bionic kernel: [ 7782.028152] eth0: renamed from vethc67c891
Apr 18 20:47:46 ubuntu-bionic kernel: [ 7782.028301] IPv6: ADDRCONF(NETDEV_CHANGE): vethc8981dc: link becomes ready
Apr 18 20:47:46 ubuntu-bionic kernel: [ 7782.028321] docker0: port 1(vethc8981dc) entered blocking state
Apr 18 20:47:46 ubuntu-bionic kernel: [ 7782.028322] docker0: port 1(vethc8981dc) entered forwarding state
Apr 18 20:47:55 ubuntu-bionic kernel: [ 7791.999398] docker0: port 1(vethc8981dc) entered disabled state
Apr 18 20:47:55 ubuntu-bionic kernel: [ 7792.000716] vethc67c891: renamed from eth0
Apr 18 20:47:55 ubuntu-bionic kernel: [ 7792.010241] docker0: port 1(vethc8981dc) entered disabled state
Apr 18 20:47:55 ubuntu-bionic kernel: [ 7792.014223] device vethc8981dc left promiscuous mode
Apr 18 20:47:55 ubuntu-bionic kernel: [ 7792.014226] docker0: port 1(vethc8981dc) entered disabled state
Apr 18 20:56:11 ubuntu-bionic kernel: [ 8287.095660] docker0: port 1(veth1ac62c2) entered blocking state
Apr 18 20:56:11 ubuntu-bionic kernel: [ 8287.095663] docker0: port 1(veth1ac62c2) entered disabled state
Apr 18 20:56:11 ubuntu-bionic kernel: [ 8287.095884] device veth1ac62c2 entered promiscuous mode
Apr 18 20:56:11 ubuntu-bionic kernel: [ 8287.102156] IPv6: ADDRCONF(NETDEV_UP): veth1ac62c2: link is not ready
Apr 18 20:56:11 ubuntu-bionic kernel: [ 8287.314715] eth0: renamed from vethd1760a8
Apr 18 20:56:11 ubuntu-bionic kernel: [ 8287.314868] IPv6: ADDRCONF(NETDEV_CHANGE): veth1ac62c2: link becomes ready
Apr 18 20:56:11 ubuntu-bionic kernel: [ 8287.314886] docker0: port 1(veth1ac62c2) entered blocking state
Apr 18 20:56:11 ubuntu-bionic kernel: [ 8287.314887] docker0: port 1(veth1ac62c2) entered forwarding state
May 21 14:27:01 docker01 kernel: [    0.000000] Linux version 4.15.0-96-generic (buildd@lgw01-amd64-004) (gcc version 7.5.0 (Ubuntu 7.5.0-3ubuntu1~18.04)) #97-Ubuntu SMP Wed Apr 1 03:25:46 UTC 2020 (Ubuntu 4.15.0-96.97-generic 4.15.18)
May 21 14:27:01 docker01 kernel: [    0.000000] Command line: BOOT_IMAGE=/boot/vmlinuz-4.15.0-96-generic root=LABEL=cloudimg-rootfs ro console=tty1 console=ttyS0
May 21 14:27:01 docker01 kernel: [    0.000000] KERNEL supported cpus:
May 21 14:27:01 docker01 kernel: [    0.000000]   Intel GenuineIntel
May 21 14:27:01 docker01 kernel: [    0.000000]   AMD AuthenticAMD
May 21 14:27:01 docker01 kernel: [    0.000000]   Centaur CentaurHauls
May 21 14:27:01 docker01 kernel: [    0.000000] x86/fpu: Supporting XSAVE feature 0x001: 'x87 floating point registers'
May 21 14:27:01 docker01 kernel: [    0.000000] x86/fpu: Supporting XSAVE feature 0x002: 'SSE registers'
May 21 14:27:01 docker01 kernel: [    0.000000] x86/fpu: Supporting XSAVE feature 0x004: 'AVX registers'
May 21 14:27:01 docker01 kernel: [    0.000000] x86/fpu: xstate_offset[2]:  576, xstate_sizes[2]:  256
May 21 14:27:01 docker01 kernel: [    0.000000] x86/fpu: Enabled xstate features 0x7, context size is 832 bytes, using 'standard' format.
May 21 14:27:01 docker01 kernel: [    0.000000] e820: BIOS-provided physical RAM map:
May 21 14:27:01 docker01 kernel: [    0.000000] BIOS-e820: [mem 0x0000000000000000-0x000000000009fbff] usable
May 21 14:27:01 docker01 kernel: [    0.000000] BIOS-e820: [mem 0x000000000009fc00-0x000000000009ffff] reserved
May 21 14:27:01 docker01 kernel: [    0.000000] BIOS-e820: [mem 0x00000000000f0000-0x00000000000fffff] reserved
May 21 14:27:01 docker01 kernel: [    0.000000] BIOS-e820: [mem 0x0000000000100000-0x000000003ffeffff] usable
May 21 14:27:01 docker01 kernel: [    0.000000] BIOS-e820: [mem 0x000000003fff0000-0x000000003fffffff] ACPI data
May 21 14:27:01 docker01 kernel: [    0.000000] BIOS-e820: [mem 0x00000000fec00000-0x00000000fec00fff] reserved
May 21 14:27:01 docker01 kernel: [    0.000000] BIOS-e820: [mem 0x00000000fee00000-0x00000000fee00fff] reserved
May 21 14:27:01 docker01 kernel: [    0.000000] BIOS-e820: [mem 0x00000000fffc0000-0x00000000ffffffff] reserved
May 21 14:27:01 docker01 kernel: [    0.000000] NX (Execute Disable) protection: active
May 21 14:27:01 docker01 kernel: [    0.000000] SMBIOS 2.5 present.
May 21 14:27:01 docker01 kernel: [    0.000000] DMI: innotek GmbH VirtualBox/VirtualBox, BIOS VirtualBox 12/01/2006
May 21 14:27:01 docker01 kernel: [    0.000000] Hypervisor detected: KVM
May 21 14:27:01 docker01 kernel: [    0.000000] e820: update [mem 0x00000000-0x00000fff] usable ==> reserved
May 21 14:27:01 docker01 kernel: [    0.000000] e820: remove [mem 0x000a0000-0x000fffff] usable
May 21 14:27:01 docker01 kernel: [    0.000000] e820: last_pfn = 0x3fff0 max_arch_pfn = 0x400000000
May 21 14:27:01 docker01 kernel: [    0.000000] MTRR default type: uncachable
May 21 14:27:01 docker01 kernel: [    0.000000] MTRR variable ranges disabled:
May 21 14:27:01 docker01 kernel: [    0.000000] MTRR: Disabled
May 21 14:27:01 docker01 kernel: [    0.000000] x86/PAT: MTRRs disabled, skipping PAT initialization too.
May 21 14:27:01 docker01 kernel: [    0.000000] CPU MTRRs all blank - virtualized system.
May 21 14:27:01 docker01 kernel: [    0.000000] x86/PAT: Configuration [0-7]: WB  WT  UC- UC  WB  WT  UC- UC  
May 21 14:27:01 docker01 kernel: [    0.000000] found SMP MP-table at [mem 0x0009fff0-0x0009ffff]
May 21 14:27:01 docker01 kernel: [    0.000000] Scanning 1 areas for low memory corruption
May 21 14:27:01 docker01 kernel: [    0.000000] BRK [0x0a791000, 0x0a791fff] PGTABLE
May 21 14:27:01 docker01 kernel: [    0.000000] BRK [0x0a792000, 0x0a792fff] PGTABLE
May 21 14:27:01 docker01 kernel: [    0.000000] BRK [0x0a793000, 0x0a793fff] PGTABLE
May 21 14:27:01 docker01 kernel: [    0.000000] BRK [0x0a794000, 0x0a794fff] PGTABLE
May 21 14:27:01 docker01 kernel: [    0.000000] BRK [0x0a795000, 0x0a795fff] PGTABLE
May 21 14:27:01 docker01 kernel: [    0.000000] RAMDISK: [mem 0x35a6b000-0x36d2cfff]
May 21 14:27:01 docker01 kernel: [    0.000000] ACPI: Early table checksum verification disabled
May 21 14:27:01 docker01 kernel: [    0.000000] ACPI: RSDP 0x00000000000E0000 000024 (v02 VBOX  )
May 21 14:27:01 docker01 kernel: [    0.000000] ACPI: XSDT 0x000000003FFF0030 00003C (v01 VBOX   VBOXXSDT 00000001 ASL  00000061)
May 21 14:27:01 docker01 kernel: [    0.000000] ACPI: FACP 0x000000003FFF00F0 0000F4 (v04 VBOX   VBOXFACP 00000001 ASL  00000061)
May 21 14:27:01 docker01 kernel: [    0.000000] ACPI: DSDT 0x000000003FFF0470 002325 (v02 VBOX   VBOXBIOS 00000002 INTL 20200214)
May 21 14:27:01 docker01 kernel: [    0.000000] ACPI: FACS 0x000000003FFF0200 000040
May 21 14:27:01 docker01 kernel: [    0.000000] ACPI: FACS 0x000000003FFF0200 000040
May 21 14:27:01 docker01 kernel: [    0.000000] ACPI: APIC 0x000000003FFF0240 000054 (v02 VBOX   VBOXAPIC 00000001 ASL  00000061)
May 21 14:27:01 docker01 kernel: [    0.000000] ACPI: SSDT 0x000000003FFF02A0 0001CC (v01 VBOX   VBOXCPUT 00000002 INTL 20200214)
May 21 14:27:01 docker01 kernel: [    0.000000] ACPI: Local APIC address 0xfee00000
May 21 14:27:01 docker01 kernel: [    0.000000] No NUMA configuration found
May 21 14:27:01 docker01 kernel: [    0.000000] Faking a node at [mem 0x0000000000000000-0x000000003ffeffff]
May 21 14:27:01 docker01 kernel: [    0.000000] NODE_DATA(0) allocated [mem 0x3ffc5000-0x3ffeffff]
May 21 14:27:01 docker01 kernel: [    0.000000] kvm-clock: cpu 0, msr 0:3ff44001, primary cpu clock
May 21 14:27:01 docker01 kernel: [    0.000000] kvm-clock: Using msrs 4b564d01 and 4b564d00
May 21 14:27:01 docker01 kernel: [    0.000000] kvm-clock: using sched offset of 3123145291 cycles
May 21 14:27:01 docker01 kernel: [    0.000000] clocksource: kvm-clock: mask: 0xffffffffffffffff max_cycles: 0x1cd42e4dffb, max_idle_ns: 881590591483 ns
May 21 14:27:01 docker01 kernel: [    0.000000] Zone ranges:
May 21 14:27:01 docker01 kernel: [    0.000000]   DMA      [mem 0x0000000000001000-0x0000000000ffffff]
May 21 14:27:01 docker01 kernel: [    0.000000]   DMA32    [mem 0x0000000001000000-0x000000003ffeffff]
May 21 14:27:01 docker01 kernel: [    0.000000]   Normal   empty
May 21 14:27:01 docker01 kernel: [    0.000000]   Device   empty
May 21 14:27:01 docker01 kernel: [    0.000000] Movable zone start for each node
May 21 14:27:01 docker01 kernel: [    0.000000] Early memory node ranges
May 21 14:27:01 docker01 kernel: [    0.000000]   node   0: [mem 0x0000000000001000-0x000000000009efff]
May 21 14:27:01 docker01 kernel: [    0.000000]   node   0: [mem 0x0000000000100000-0x000000003ffeffff]
May 21 14:27:01 docker01 kernel: [    0.000000] Reserved but unavailable: 98 pages
May 21 14:27:01 docker01 kernel: [    0.000000] Initmem setup node 0 [mem 0x0000000000001000-0x000000003ffeffff]
May 21 14:27:01 docker01 kernel: [    0.000000] On node 0 totalpages: 262030
May 21 14:27:01 docker01 kernel: [    0.000000]   DMA zone: 64 pages used for memmap
May 21 14:27:01 docker01 kernel: [    0.000000]   DMA zone: 21 pages reserved
May 21 14:27:01 docker01 kernel: [    0.000000]   DMA zone: 3998 pages, LIFO batch:0
May 21 14:27:01 docker01 kernel: [    0.000000]   DMA32 zone: 4032 pages used for memmap
May 21 14:27:01 docker01 kernel: [    0.000000]   DMA32 zone: 258032 pages, LIFO batch:31
May 21 14:27:01 docker01 kernel: [    0.000000] ACPI: PM-Timer IO Port: 0x4008
May 21 14:27:01 docker01 kernel: [    0.000000] ACPI: Local APIC address 0xfee00000
May 21 14:27:01 docker01 kernel: [    0.000000] IOAPIC[0]: apic_id 1, version 32, address 0xfec00000, GSI 0-23
May 21 14:27:01 docker01 kernel: [    0.000000] ACPI: INT_SRC_OVR (bus 0 bus_irq 0 global_irq 2 dfl dfl)
May 21 14:27:01 docker01 kernel: [    0.000000] ACPI: INT_SRC_OVR (bus 0 bus_irq 9 global_irq 9 low level)
May 21 14:27:01 docker01 kernel: [    0.000000] ACPI: IRQ0 used by override.
May 21 14:27:01 docker01 kernel: [    0.000000] ACPI: IRQ9 used by override.
May 21 14:27:01 docker01 kernel: [    0.000000] Using ACPI (MADT) for SMP configuration information
May 21 14:27:01 docker01 kernel: [    0.000000] smpboot: Allowing 1 CPUs, 0 hotplug CPUs
May 21 14:27:01 docker01 kernel: [    0.000000] PM: Registered nosave memory: [mem 0x00000000-0x00000fff]
May 21 14:27:01 docker01 kernel: [    0.000000] PM: Registered nosave memory: [mem 0x0009f000-0x0009ffff]
May 21 14:27:01 docker01 kernel: [    0.000000] PM: Registered nosave memory: [mem 0x000a0000-0x000effff]
May 21 14:27:01 docker01 kernel: [    0.000000] PM: Registered nosave memory: [mem 0x000f0000-0x000fffff]
May 21 14:27:01 docker01 kernel: [    0.000000] e820: [mem 0x40000000-0xfebfffff] available for PCI devices
May 21 14:27:01 docker01 kernel: [    0.000000] Booting paravirtualized kernel on KVM
May 21 14:27:01 docker01 kernel: [    0.000000] clocksource: refined-jiffies: mask: 0xffffffff max_cycles: 0xffffffff, max_idle_ns: 7645519600211568 ns
May 21 14:27:01 docker01 kernel: [    0.000000] random: get_random_bytes called from start_kernel+0x99/0x4fd with crng_init=0
May 21 14:27:01 docker01 kernel: [    0.000000] setup_percpu: NR_CPUS:8192 nr_cpumask_bits:1 nr_cpu_ids:1 nr_node_ids:1
May 21 14:27:01 docker01 kernel: [    0.000000] percpu: Embedded 45 pages/cpu s147456 r8192 d28672 u2097152
May 21 14:27:01 docker01 kernel: [    0.000000] pcpu-alloc: s147456 r8192 d28672 u2097152 alloc=1*2097152
May 21 14:27:01 docker01 kernel: [    0.000000] pcpu-alloc: [0] 0 
May 21 14:27:01 docker01 kernel: [    0.000000] PV qspinlock hash table entries: 256 (order: 0, 4096 bytes)
May 21 14:27:01 docker01 kernel: [    0.000000] Built 1 zonelists, mobility grouping on.  Total pages: 257913
May 21 14:27:01 docker01 kernel: [    0.000000] Policy zone: DMA32
May 21 14:27:01 docker01 kernel: [    0.000000] Kernel command line: BOOT_IMAGE=/boot/vmlinuz-4.15.0-96-generic root=LABEL=cloudimg-rootfs ro console=tty1 console=ttyS0
May 21 14:27:01 docker01 kernel: [    0.000000] Calgary: detecting Calgary via BIOS EBDA area
May 21 14:27:01 docker01 kernel: [    0.000000] Calgary: Unable to locate Rio Grande table in EBDA - bailing!
May 21 14:27:01 docker01 kernel: [    0.000000] Memory: 983240K/1048120K available (12300K kernel code, 2481K rwdata, 4264K rodata, 2432K init, 2712K bss, 64880K reserved, 0K cma-reserved)
May 21 14:27:01 docker01 kernel: [    0.000000] SLUB: HWalign=64, Order=0-3, MinObjects=0, CPUs=1, Nodes=1
May 21 14:27:01 docker01 kernel: [    0.000000] Kernel/User page tables isolation: enabled
May 21 14:27:01 docker01 kernel: [    0.000000] ftrace: allocating 39351 entries in 154 pages
May 21 14:27:01 docker01 kernel: [    0.004000] Hierarchical RCU implementation.
May 21 14:27:01 docker01 kernel: [    0.004000] 	RCU restricting CPUs from NR_CPUS=8192 to nr_cpu_ids=1.
May 21 14:27:01 docker01 kernel: [    0.004000] 	Tasks RCU enabled.
May 21 14:27:01 docker01 kernel: [    0.004000] RCU: Adjusting geometry for rcu_fanout_leaf=16, nr_cpu_ids=1
May 21 14:27:01 docker01 kernel: [    0.004000] NR_IRQS: 524544, nr_irqs: 256, preallocated irqs: 16
May 21 14:27:01 docker01 kernel: [    0.004000] Console: colour VGA+ 80x25
May 21 14:27:01 docker01 kernel: [    0.004000] console [tty1] enabled
May 21 14:27:01 docker01 kernel: [    0.004000] console [ttyS0] enabled
May 21 14:27:01 docker01 kernel: [    0.004000] ACPI: Core revision 20170831
May 21 14:27:01 docker01 kernel: [    0.004000] ACPI: 2 ACPI AML tables successfully acquired and loaded
May 21 14:27:01 docker01 kernel: [    0.004000] APIC: Switch to symmetric I/O mode setup
May 21 14:27:01 docker01 kernel: [    0.004000] x2apic enabled
May 21 14:27:01 docker01 kernel: [    0.004000] Switched APIC routing to physical x2apic.
May 21 14:27:01 docker01 kernel: [    0.004000] ..TIMER: vector=0x30 apic1=0 pin1=2 apic2=-1 pin2=-1
May 21 14:27:01 docker01 kernel: [    0.004000] tsc: Detected 2304.018 MHz processor
May 21 14:27:01 docker01 kernel: [    0.004009] Calibrating delay loop (skipped) preset value.. 4608.03 BogoMIPS (lpj=9216072)
May 21 14:27:01 docker01 kernel: [    0.005007] pid_max: default: 32768 minimum: 301
May 21 14:27:01 docker01 kernel: [    0.005604] Security Framework initialized
May 21 14:27:01 docker01 kernel: [    0.006220] Yama: becoming mindful.
May 21 14:27:01 docker01 kernel: [    0.006752] AppArmor: AppArmor initialized
May 21 14:27:01 docker01 kernel: [    0.008033] Dentry cache hash table entries: 131072 (order: 8, 1048576 bytes)
May 21 14:27:01 docker01 kernel: [    0.008942] Inode-cache hash table entries: 65536 (order: 7, 524288 bytes)
May 21 14:27:01 docker01 kernel: [    0.009793] Mount-cache hash table entries: 2048 (order: 2, 16384 bytes)
May 21 14:27:01 docker01 kernel: [    0.010645] Mountpoint-cache hash table entries: 2048 (order: 2, 16384 bytes)
May 21 14:27:01 docker01 kernel: [    0.011684] process: using mwait in idle threads
May 21 14:27:01 docker01 kernel: [    0.012005] Last level iTLB entries: 4KB 64, 2MB 8, 4MB 8
May 21 14:27:01 docker01 kernel: [    0.012697] Last level dTLB entries: 4KB 64, 2MB 0, 4MB 0, 1GB 4
May 21 14:27:01 docker01 kernel: [    0.013441] Spectre V1 : Mitigation: usercopy/swapgs barriers and __user pointer sanitization
May 21 14:27:01 docker01 kernel: [    0.014451] Spectre V2 : Mitigation: Full generic retpoline
May 21 14:27:01 docker01 kernel: [    0.015165] Spectre V2 : Spectre v2 / SpectreRSB mitigation: Filling RSB on context switch
May 21 14:27:01 docker01 kernel: [    0.016001] Speculative Store Bypass: Vulnerable
May 21 14:27:01 docker01 kernel: [    0.016685] MDS: Mitigation: Clear CPU buffers
May 21 14:27:01 docker01 kernel: [    0.028352] Freeing SMP alternatives memory: 36K
May 21 14:27:01 docker01 kernel: [    0.138989] smpboot: CPU0: Intel(R) Core(TM) i5-8300H CPU @ 2.30GHz (family: 0x6, model: 0x9e, stepping: 0xa)
May 21 14:27:01 docker01 kernel: [    0.140000] Performance Events: unsupported p6 CPU model 158 no PMU driver, software events only.
May 21 14:27:01 docker01 kernel: [    0.140000] Hierarchical SRCU implementation.
May 21 14:27:01 docker01 kernel: [    0.140000] NMI watchdog: Perf event create on CPU 0 failed with -2
May 21 14:27:01 docker01 kernel: [    0.140002] NMI watchdog: Perf NMI watchdog permanently disabled
May 21 14:27:01 docker01 kernel: [    0.140762] smp: Bringing up secondary CPUs ...
May 21 14:27:01 docker01 kernel: [    0.141329] smp: Brought up 1 node, 1 CPU
May 21 14:27:01 docker01 kernel: [    0.141804] smpboot: Max logical packages: 1
May 21 14:27:01 docker01 kernel: [    0.142408] smpboot: Total of 1 processors activated (4608.03 BogoMIPS)
May 21 14:27:01 docker01 kernel: [    0.143483] devtmpfs: initialized
May 21 14:27:01 docker01 kernel: [    0.144053] x86/mm: Memory block size: 128MB
May 21 14:27:01 docker01 kernel: [    0.144754] evm: security.selinux
May 21 14:27:01 docker01 kernel: [    0.145258] evm: security.SMACK64
May 21 14:27:01 docker01 kernel: [    0.145761] evm: security.SMACK64EXEC
May 21 14:27:01 docker01 kernel: [    0.146252] evm: security.SMACK64TRANSMUTE
May 21 14:27:01 docker01 kernel: [    0.146810] evm: security.SMACK64MMAP
May 21 14:27:01 docker01 kernel: [    0.147323] evm: security.apparmor
May 21 14:27:01 docker01 kernel: [    0.148008] evm: security.ima
May 21 14:27:01 docker01 kernel: [    0.148461] evm: security.capability
May 21 14:27:01 docker01 kernel: [    0.149117] clocksource: jiffies: mask: 0xffffffff max_cycles: 0xffffffff, max_idle_ns: 7645041785100000 ns
May 21 14:27:01 docker01 kernel: [    0.150395] futex hash table entries: 256 (order: 2, 16384 bytes)
May 21 14:27:01 docker01 kernel: [    0.151422] pinctrl core: initialized pinctrl subsystem
May 21 14:27:01 docker01 kernel: [    0.152085] RTC time: 14:26:53, date: 05/21/20
May 21 14:27:01 docker01 kernel: [    0.152812] NET: Registered protocol family 16
May 21 14:27:01 docker01 kernel: [    0.153468] audit: initializing netlink subsys (disabled)
May 21 14:27:01 docker01 kernel: [    0.154278] cpuidle: using governor ladder
May 21 14:27:01 docker01 kernel: [    0.154877] cpuidle: using governor menu
May 21 14:27:01 docker01 kernel: [    0.155443] ACPI: bus type PCI registered
May 21 14:27:01 docker01 kernel: [    0.156003] acpiphp: ACPI Hot Plug PCI Controller Driver version: 0.5
May 21 14:27:01 docker01 kernel: [    0.156896] PCI: Using configuration type 1 for base access
May 21 14:27:01 docker01 kernel: [    0.157694] audit: type=2000 audit(1590071218.266:1): state=initialized audit_enabled=0 res=1
May 21 14:27:01 docker01 kernel: [    0.159758] HugeTLB registered 2.00 MiB page size, pre-allocated 0 pages
May 21 14:27:01 docker01 kernel: [    0.160727] ACPI: Added _OSI(Module Device)
May 21 14:27:01 docker01 kernel: [    0.161379] ACPI: Added _OSI(Processor Device)
May 21 14:27:01 docker01 kernel: [    0.161965] ACPI: Added _OSI(3.0 _SCP Extensions)
May 21 14:27:01 docker01 kernel: [    0.164007] ACPI: Added _OSI(Processor Aggregator Device)
May 21 14:27:01 docker01 kernel: [    0.164584] ACPI: Added _OSI(Linux-Dell-Video)
May 21 14:27:01 docker01 kernel: [    0.165107] ACPI: Added _OSI(Linux-Lenovo-NV-HDMI-Audio)
May 21 14:27:01 docker01 kernel: [    0.165769] ACPI: Added _OSI(Linux-HPI-Hybrid-Graphics)
May 21 14:27:01 docker01 kernel: [    0.166572] ACPI: Executed 1 blocks of module-level executable AML code
May 21 14:27:01 docker01 kernel: [    0.169631] ACPI: Interpreter enabled
May 21 14:27:01 docker01 kernel: [    0.170143] ACPI: (supports S0 S5)
May 21 14:27:01 docker01 kernel: [    0.170605] ACPI: Using IOAPIC for interrupt routing
May 21 14:27:01 docker01 kernel: [    0.171332] PCI: Using host bridge windows from ACPI; if necessary, use "pci=nocrs" and report a bug
May 21 14:27:01 docker01 kernel: [    0.172115] ACPI: Enabled 2 GPEs in block 00 to 07
May 21 14:27:01 docker01 kernel: [    0.177135] ACPI: PCI Root Bridge [PCI0] (domain 0000 [bus 00-ff])
May 21 14:27:01 docker01 kernel: [    0.177863] acpi PNP0A03:00: _OSC: OS supports [ASPM ClockPM Segments MSI]
May 21 14:27:01 docker01 kernel: [    0.179061] acpi PNP0A03:00: _OSC: not requesting OS control; OS requires [ExtendedConfig ASPM ClockPM MSI]
May 21 14:27:01 docker01 kernel: [    0.180000] acpi PNP0A03:00: fail to add MMCONFIG information, can't access extended PCI configuration space under this bridge.
May 21 14:27:01 docker01 kernel: [    0.180308] PCI host bridge to bus 0000:00
May 21 14:27:01 docker01 kernel: [    0.180825] pci_bus 0000:00: root bus resource [io  0x0000-0x0cf7 window]
May 21 14:27:01 docker01 kernel: [    0.181569] pci_bus 0000:00: root bus resource [io  0x0d00-0xffff window]
May 21 14:27:01 docker01 kernel: [    0.182391] pci_bus 0000:00: root bus resource [mem 0x000a0000-0x000bffff window]
May 21 14:27:01 docker01 kernel: [    0.184004] pci_bus 0000:00: root bus resource [mem 0x40000000-0xfdffffff window]
May 21 14:27:01 docker01 kernel: [    0.184954] pci_bus 0000:00: root bus resource [bus 00-ff]
May 21 14:27:01 docker01 kernel: [    0.185743] pci 0000:00:00.0: [8086:1237] type 00 class 0x060000
May 21 14:27:01 docker01 kernel: [    0.186231] pci 0000:00:01.0: [8086:7000] type 00 class 0x060100
May 21 14:27:01 docker01 kernel: [    0.186672] pci 0000:00:01.1: [8086:7111] type 00 class 0x01018a
May 21 14:27:01 docker01 kernel: [    0.186887] pci 0000:00:01.1: reg 0x20: [io  0xd000-0xd00f]
May 21 14:27:01 docker01 kernel: [    0.186975] pci 0000:00:01.1: legacy IDE quirk: reg 0x10: [io  0x01f0-0x01f7]
May 21 14:27:01 docker01 kernel: [    0.188003] pci 0000:00:01.1: legacy IDE quirk: reg 0x14: [io  0x03f6]
May 21 14:27:01 docker01 kernel: [    0.188815] pci 0000:00:01.1: legacy IDE quirk: reg 0x18: [io  0x0170-0x0177]
May 21 14:27:01 docker01 kernel: [    0.189650] pci 0000:00:01.1: legacy IDE quirk: reg 0x1c: [io  0x0376]
May 21 14:27:01 docker01 kernel: [    0.192177] pci 0000:00:02.0: [80ee:beef] type 00 class 0x030000
May 21 14:27:01 docker01 kernel: [    0.193142] pci 0000:00:02.0: reg 0x10: [mem 0xe0000000-0xe0ffffff pref]
May 21 14:27:01 docker01 kernel: [    0.196971] pci 0000:00:03.0: [8086:100e] type 00 class 0x020000
May 21 14:27:01 docker01 kernel: [    0.197468] pci 0000:00:03.0: reg 0x10: [mem 0xf0000000-0xf001ffff]
May 21 14:27:01 docker01 kernel: [    0.198356] pci 0000:00:03.0: reg 0x18: [io  0xd010-0xd017]
May 21 14:27:01 docker01 kernel: [    0.200034] pci 0000:00:04.0: [80ee:cafe] type 00 class 0x088000
May 21 14:27:01 docker01 kernel: [    0.200351] pci 0000:00:04.0: reg 0x10: [io  0xd020-0xd03f]
May 21 14:27:01 docker01 kernel: [    0.200645] pci 0000:00:04.0: reg 0x14: [mem 0xf0400000-0xf07fffff]
May 21 14:27:01 docker01 kernel: [    0.200939] pci 0000:00:04.0: reg 0x18: [mem 0xf0800000-0xf0803fff pref]
May 21 14:27:01 docker01 kernel: [    0.202042] pci 0000:00:05.0: [8086:2415] type 00 class 0x040100
May 21 14:27:01 docker01 kernel: [    0.202117] pci 0000:00:05.0: reg 0x10: [io  0xd100-0xd1ff]
May 21 14:27:01 docker01 kernel: [    0.202154] pci 0000:00:05.0: reg 0x14: [io  0xd200-0xd23f]
May 21 14:27:01 docker01 kernel: [    0.202489] pci 0000:00:07.0: [8086:7113] type 00 class 0x068000
May 21 14:27:01 docker01 kernel: [    0.202849] pci 0000:00:07.0: quirk: [io  0x4000-0x403f] claimed by PIIX4 ACPI
May 21 14:27:01 docker01 kernel: [    0.203664] pci 0000:00:07.0: quirk: [io  0x4100-0x410f] claimed by PIIX4 SMB
May 21 14:27:01 docker01 kernel: [    0.204224] pci 0000:00:08.0: [8086:100e] type 00 class 0x020000
May 21 14:27:01 docker01 kernel: [    0.204681] pci 0000:00:08.0: reg 0x10: [mem 0xf0820000-0xf083ffff]
May 21 14:27:01 docker01 kernel: [    0.205390] pci 0000:00:08.0: reg 0x18: [io  0xd240-0xd247]
May 21 14:27:01 docker01 kernel: [    0.206675] pci 0000:00:14.0: [1000:0030] type 00 class 0x010000
May 21 14:27:01 docker01 kernel: [    0.206980] pci 0000:00:14.0: reg 0x10: [io  0xd300-0xd3ff]
May 21 14:27:01 docker01 kernel: [    0.207237] pci 0000:00:14.0: reg 0x14: [mem 0xf0840000-0xf085ffff]
May 21 14:27:01 docker01 kernel: [    0.208067] pci 0000:00:14.0: reg 0x18: [mem 0xf0860000-0xf087ffff]
May 21 14:27:01 docker01 kernel: [    0.210452] ACPI: PCI Interrupt Link [LNKA] (IRQs 5 9 10 *11)
May 21 14:27:01 docker01 kernel: [    0.211686] ACPI: PCI Interrupt Link [LNKB] (IRQs 5 9 *10 11)
May 21 14:27:01 docker01 kernel: [    0.212133] ACPI: PCI Interrupt Link [LNKC] (IRQs 5 *9 10 11)
May 21 14:27:01 docker01 kernel: [    0.213020] ACPI: PCI Interrupt Link [LNKD] (IRQs 5 9 10 *11)
May 21 14:27:01 docker01 kernel: [    0.214336] SCSI subsystem initialized
May 21 14:27:01 docker01 kernel: [    0.214891] libata version 3.00 loaded.
May 21 14:27:01 docker01 kernel: [    0.214930] pci 0000:00:02.0: vgaarb: setting as boot VGA device
May 21 14:27:01 docker01 kernel: [    0.215579] pci 0000:00:02.0: vgaarb: VGA device added: decodes=io+mem,owns=io+mem,locks=none
May 21 14:27:01 docker01 kernel: [    0.216004] pci 0000:00:02.0: vgaarb: bridge control possible
May 21 14:27:01 docker01 kernel: [    0.216833] vgaarb: loaded
May 21 14:27:01 docker01 kernel: [    0.217179] ACPI: bus type USB registered
May 21 14:27:01 docker01 kernel: [    0.217712] usbcore: registered new interface driver usbfs
May 21 14:27:01 docker01 kernel: [    0.218347] usbcore: registered new interface driver hub
May 21 14:27:01 docker01 kernel: [    0.218951] usbcore: registered new device driver usb
May 21 14:27:01 docker01 kernel: [    0.220052] EDAC MC: Ver: 3.0.0
May 21 14:27:01 docker01 kernel: [    0.220620] PCI: Using ACPI for IRQ routing
May 21 14:27:01 docker01 kernel: [    0.221208] PCI: pci_cache_line_size set to 64 bytes
May 21 14:27:01 docker01 kernel: [    0.221317] e820: reserve RAM buffer [mem 0x0009fc00-0x0009ffff]
May 21 14:27:01 docker01 kernel: [    0.221320] e820: reserve RAM buffer [mem 0x3fff0000-0x3fffffff]
May 21 14:27:01 docker01 kernel: [    0.221390] NetLabel: Initializing
May 21 14:27:01 docker01 kernel: [    0.221856] NetLabel:  domain hash size = 128
May 21 14:27:01 docker01 kernel: [    0.222323] NetLabel:  protocols = UNLABELED CIPSOv4 CALIPSO
May 21 14:27:01 docker01 kernel: [    0.222953] NetLabel:  unlabeled traffic allowed by default
May 21 14:27:01 docker01 kernel: [    0.224117] clocksource: Switched to clocksource kvm-clock
May 21 14:27:01 docker01 kernel: [    0.233459] VFS: Disk quotas dquot_6.6.0
May 21 14:27:01 docker01 kernel: [    0.233990] VFS: Dquot-cache hash table entries: 512 (order 0, 4096 bytes)
May 21 14:27:01 docker01 kernel: [    0.234843] AppArmor: AppArmor Filesystem Enabled
May 21 14:27:01 docker01 kernel: [    0.235403] pnp: PnP ACPI init
May 21 14:27:01 docker01 kernel: [    0.235854] pnp 00:00: Plug and Play ACPI device, IDs PNP0303 (active)
May 21 14:27:01 docker01 kernel: [    0.235897] pnp 00:01: Plug and Play ACPI device, IDs PNP0f03 (active)
May 21 14:27:01 docker01 kernel: [    0.236098] pnp 00:02: Plug and Play ACPI device, IDs PNP0501 (active)
May 21 14:27:01 docker01 kernel: [    0.236466] pnp: PnP ACPI: found 3 devices
May 21 14:27:01 docker01 kernel: [    0.242518] clocksource: acpi_pm: mask: 0xffffff max_cycles: 0xffffff, max_idle_ns: 2085701024 ns
May 21 14:27:01 docker01 kernel: [    0.243762] pci_bus 0000:00: resource 4 [io  0x0000-0x0cf7 window]
May 21 14:27:01 docker01 kernel: [    0.243763] pci_bus 0000:00: resource 5 [io  0x0d00-0xffff window]
May 21 14:27:01 docker01 kernel: [    0.243764] pci_bus 0000:00: resource 6 [mem 0x000a0000-0x000bffff window]
May 21 14:27:01 docker01 kernel: [    0.243766] pci_bus 0000:00: resource 7 [mem 0x40000000-0xfdffffff window]
May 21 14:27:01 docker01 kernel: [    0.243825] NET: Registered protocol family 2
May 21 14:27:01 docker01 kernel: [    0.244667] TCP established hash table entries: 8192 (order: 4, 65536 bytes)
May 21 14:27:01 docker01 kernel: [    0.245670] TCP bind hash table entries: 8192 (order: 5, 131072 bytes)
May 21 14:27:01 docker01 kernel: [    0.246386] TCP: Hash tables configured (established 8192 bind 8192)
May 21 14:27:01 docker01 kernel: [    0.247085] UDP hash table entries: 512 (order: 2, 16384 bytes)
May 21 14:27:01 docker01 kernel: [    0.247761] UDP-Lite hash table entries: 512 (order: 2, 16384 bytes)
May 21 14:27:01 docker01 kernel: [    0.248550] NET: Registered protocol family 1
May 21 14:27:01 docker01 kernel: [    0.249044] pci 0000:00:00.0: Limiting direct PCI/PCI transfers
May 21 14:27:01 docker01 kernel: [    0.249731] pci 0000:00:01.0: Activating ISA DMA hang workarounds
May 21 14:27:01 docker01 kernel: [    0.250603] pci 0000:00:02.0: Video device with shadowed ROM at [mem 0x000c0000-0x000dffff]
May 21 14:27:01 docker01 kernel: [    0.251779] PCI: CLS 0 bytes, default 64
May 21 14:27:01 docker01 kernel: [    0.251809] Unpacking initramfs...
May 21 14:27:01 docker01 kernel: [    0.471702] Freeing initrd memory: 19208K
May 21 14:27:01 docker01 kernel: [    0.478382] clocksource: tsc: mask: 0xffffffffffffffff max_cycles: 0x213608c06ae, max_idle_ns: 440795240117 ns
May 21 14:27:01 docker01 kernel: [    0.479756] platform rtc_cmos: registered platform RTC device (no PNP device found)
May 21 14:27:01 docker01 kernel: [    0.480854] Scanning for low memory corruption every 60 seconds
May 21 14:27:01 docker01 kernel: [    0.482047] Initialise system trusted keyrings
May 21 14:27:01 docker01 kernel: [    0.482764] Key type blacklist registered
May 21 14:27:01 docker01 kernel: [    0.483470] workingset: timestamp_bits=36 max_order=18 bucket_order=0
May 21 14:27:01 docker01 kernel: [    0.485528] zbud: loaded
May 21 14:27:01 docker01 kernel: [    0.486295] squashfs: version 4.0 (2009/01/31) Phillip Lougher
May 21 14:27:01 docker01 kernel: [    0.487331] fuse init (API version 7.26)
May 21 14:27:01 docker01 kernel: [    0.488513] Key type asymmetric registered
May 21 14:27:01 docker01 kernel: [    0.489170] Asymmetric key parser 'x509' registered
May 21 14:27:01 docker01 kernel: [    0.489858] Block layer SCSI generic (bsg) driver version 0.4 loaded (major 246)
May 21 14:27:01 docker01 kernel: [    0.490933] io scheduler noop registered
May 21 14:27:01 docker01 kernel: [    0.491489] io scheduler deadline registered
May 21 14:27:01 docker01 kernel: [    0.492200] io scheduler cfq registered (default)
May 21 14:27:01 docker01 kernel: [    0.493116] ACPI: AC Adapter [AC] (on-line)
May 21 14:27:01 docker01 kernel: [    0.493763] input: Power Button as /devices/LNXSYSTM:00/LNXPWRBN:00/input/input0
May 21 14:27:01 docker01 kernel: [    0.494886] ACPI: Power Button [PWRF]
May 21 14:27:01 docker01 kernel: [    0.495516] input: Sleep Button as /devices/LNXSYSTM:00/LNXSLPBN:00/input/input1
May 21 14:27:01 docker01 kernel: [    0.496595] ACPI: Sleep Button [SLPF]
May 21 14:27:01 docker01 kernel: [    0.497699] ACPI: Battery Slot [BAT0] (battery present)
May 21 14:27:01 docker01 kernel: [    0.498523] Serial: 8250/16550 driver, 32 ports, IRQ sharing enabled
May 21 14:27:01 docker01 kernel: [    0.520012] 00:02: ttyS0 at I/O 0x3f8 (irq = 4, base_baud = 115200) is a 16550A
May 21 14:27:01 docker01 kernel: [    0.522046] Linux agpgart interface v0.103
May 21 14:27:01 docker01 kernel: [    0.523300] loop: module loaded
May 21 14:27:01 docker01 kernel: [    0.523829] ata_piix 0000:00:01.1: version 2.13
May 21 14:27:01 docker01 kernel: [    0.524052] scsi host0: ata_piix
May 21 14:27:01 docker01 kernel: [    0.524589] scsi host1: ata_piix
May 21 14:27:01 docker01 kernel: [    0.525163] ata1: PATA max UDMA/33 cmd 0x1f0 ctl 0x3f6 bmdma 0xd000 irq 14
May 21 14:27:01 docker01 kernel: [    0.526150] ata2: PATA max UDMA/33 cmd 0x170 ctl 0x376 bmdma 0xd008 irq 15
May 21 14:27:01 docker01 kernel: [    0.527364] libphy: Fixed MDIO Bus: probed
May 21 14:27:01 docker01 kernel: [    0.528024] tun: Universal TUN/TAP device driver, 1.6
May 21 14:27:01 docker01 kernel: [    0.528863] PPP generic driver version 2.4.2
May 21 14:27:01 docker01 kernel: [    0.529571] ehci_hcd: USB 2.0 'Enhanced' Host Controller (EHCI) Driver
May 21 14:27:01 docker01 kernel: [    0.530484] ehci-pci: EHCI PCI platform driver
May 21 14:27:01 docker01 kernel: [    0.531192] ehci-platform: EHCI generic platform driver
May 21 14:27:01 docker01 kernel: [    0.531906] ohci_hcd: USB 1.1 'Open' Host Controller (OHCI) Driver
May 21 14:27:01 docker01 kernel: [    0.532769] ohci-pci: OHCI PCI platform driver
May 21 14:27:01 docker01 kernel: [    0.533392] ohci-platform: OHCI generic platform driver
May 21 14:27:01 docker01 kernel: [    0.534186] uhci_hcd: USB Universal Host Controller Interface driver
May 21 14:27:01 docker01 kernel: [    0.535175] i8042: PNP: PS/2 Controller [PNP0303:PS2K,PNP0f03:PS2M] at 0x60,0x64 irq 1,12
May 21 14:27:01 docker01 kernel: [    0.536678] serio: i8042 KBD port at 0x60,0x64 irq 1
May 21 14:27:01 docker01 kernel: [    0.537413] serio: i8042 AUX port at 0x60,0x64 irq 12
May 21 14:27:01 docker01 kernel: [    0.538198] mousedev: PS/2 mouse device common for all mice
May 21 14:27:01 docker01 kernel: [    0.539228] input: AT Translated Set 2 keyboard as /devices/platform/i8042/serio0/input/input2
May 21 14:27:01 docker01 kernel: [    0.540709] rtc_cmos rtc_cmos: rtc core: registered rtc_cmos as rtc0
May 21 14:27:01 docker01 kernel: [    0.541620] rtc_cmos rtc_cmos: alarms up to one day, 114 bytes nvram
May 21 14:27:01 docker01 kernel: [    0.542513] i2c /dev entries driver
May 21 14:27:01 docker01 kernel: [    0.543030] device-mapper: uevent: version 1.0.3
May 21 14:27:01 docker01 kernel: [    0.543789] device-mapper: ioctl: 4.37.0-ioctl (2017-09-20) initialised: dm-devel@redhat.com
May 21 14:27:01 docker01 kernel: [    0.545058] ledtrig-cpu: registered to indicate activity on CPUs
May 21 14:27:01 docker01 kernel: [    0.545952] intel_pmc_core:  initialized
May 21 14:27:01 docker01 kernel: [    0.546701] NET: Registered protocol family 10
May 21 14:27:01 docker01 kernel: [    0.549451] Segment Routing with IPv6
May 21 14:27:01 docker01 kernel: [    0.550031] NET: Registered protocol family 17
May 21 14:27:01 docker01 kernel: [    0.550841] Key type dns_resolver registered
May 21 14:27:01 docker01 kernel: [    0.551543] mce: Using 0 MCE banks
May 21 14:27:01 docker01 kernel: [    0.551964] RAS: Correctable Errors collector initialized.
May 21 14:27:01 docker01 kernel: [    0.552631] sched_clock: Marking stable (552609721, 0)->(646537533, -93927812)
May 21 14:27:01 docker01 kernel: [    0.553545] registered taskstats version 1
May 21 14:27:01 docker01 kernel: [    0.554068] Loading compiled-in X.509 certificates
May 21 14:27:01 docker01 kernel: [    0.556054] Loaded X.509 cert 'Build time autogenerated kernel key: 244b473b43e18b01f00e37a87f2ecd28620f0244'
May 21 14:27:01 docker01 kernel: [    0.557344] zswap: loaded using pool lzo/zbud
May 21 14:27:01 docker01 kernel: [    0.560506] Key type big_key registered
May 21 14:27:01 docker01 kernel: [    0.562132] Key type trusted registered
May 21 14:27:01 docker01 kernel: [    0.563532] Key type encrypted registered
May 21 14:27:01 docker01 kernel: [    0.564063] AppArmor: AppArmor sha1 policy hashing enabled
May 21 14:27:01 docker01 kernel: [    0.564783] ima: No TPM chip found, activating TPM-bypass! (rc=-19)
