Apr 18 18:38:17 ubuntu-bionic kernel: [    0.000000] Linux version 4.15.0-96-generic (buildd@lgw01-amd64-004) (gcc version 7.5.0 (Ubuntu 7.5.0-3ubuntu1~18.04)) #97-Ubuntu SMP Wed Apr 1 03:25:46 UTC 2020 (Ubuntu 4.15.0-96.97-generic 4.15.18)
Apr 18 18:38:17 ubuntu-bionic kernel: [    0.000000] Command line: BOOT_IMAGE=/boot/vmlinuz-4.15.0-96-generic root=LABEL=cloudimg-rootfs ro console=tty1 console=ttyS0
Apr 18 18:38:17 ubuntu-bionic kernel: [    0.000000] KERNEL supported cpus:
Apr 18 18:38:17 ubuntu-bionic kernel: [    0.000000]   Intel GenuineIntel
Apr 18 18:38:17 ubuntu-bionic kernel: [    0.000000]   AMD AuthenticAMD
Apr 18 18:38:17 ubuntu-bionic kernel: [    0.000000]   Centaur CentaurHauls
Apr 18 18:38:17 ubuntu-bionic kernel: [    0.000000] x86/fpu: Supporting XSAVE feature 0x001: 'x87 floating point registers'
Apr 18 18:38:17 ubuntu-bionic kernel: [    0.000000] x86/fpu: Supporting XSAVE feature 0x002: 'SSE registers'
Apr 18 18:38:17 ubuntu-bionic kernel: [    0.000000] x86/fpu: Supporting XSAVE feature 0x004: 'AVX registers'
Apr 18 18:38:17 ubuntu-bionic kernel: [    0.000000] x86/fpu: xstate_offset[2]:  576, xstate_sizes[2]:  256
Apr 18 18:38:17 ubuntu-bionic kernel: [    0.000000] x86/fpu: Enabled xstate features 0x7, context size is 832 bytes, using 'standard' format.
Apr 18 18:38:17 ubuntu-bionic kernel: [    0.000000] e820: BIOS-provided physical RAM map:
Apr 18 18:38:17 ubuntu-bionic kernel: [    0.000000] BIOS-e820: [mem 0x0000000000000000-0x000000000009fbff] usable
Apr 18 18:38:17 ubuntu-bionic kernel: [    0.000000] BIOS-e820: [mem 0x000000000009fc00-0x000000000009ffff] reserved
Apr 18 18:38:17 ubuntu-bionic kernel: [    0.000000] BIOS-e820: [mem 0x00000000000f0000-0x00000000000fffff] reserved
Apr 18 18:38:17 ubuntu-bionic kernel: [    0.000000] BIOS-e820: [mem 0x0000000000100000-0x000000003ffeffff] usable
Apr 18 18:38:17 ubuntu-bionic kernel: [    0.000000] BIOS-e820: [mem 0x000000003fff0000-0x000000003fffffff] ACPI data
Apr 18 18:38:17 ubuntu-bionic kernel: [    0.000000] BIOS-e820: [mem 0x00000000fec00000-0x00000000fec00fff] reserved
Apr 18 18:38:17 ubuntu-bionic kernel: [    0.000000] BIOS-e820: [mem 0x00000000fee00000-0x00000000fee00fff] reserved
Apr 18 18:38:17 ubuntu-bionic kernel: [    0.000000] BIOS-e820: [mem 0x00000000fffc0000-0x00000000ffffffff] reserved
Apr 18 18:38:17 ubuntu-bionic kernel: [    0.000000] NX (Execute Disable) protection: active
Apr 18 18:38:17 ubuntu-bionic kernel: [    0.000000] SMBIOS 2.5 present.
Apr 18 18:38:17 ubuntu-bionic kernel: [    0.000000] DMI: innotek GmbH VirtualBox/VirtualBox, BIOS VirtualBox 12/01/2006
Apr 18 18:38:17 ubuntu-bionic kernel: [    0.000000] Hypervisor detected: KVM
Apr 18 18:38:17 ubuntu-bionic kernel: [    0.000000] e820: update [mem 0x00000000-0x00000fff] usable ==> reserved
Apr 18 18:38:17 ubuntu-bionic kernel: [    0.000000] e820: remove [mem 0x000a0000-0x000fffff] usable
Apr 18 18:38:17 ubuntu-bionic kernel: [    0.000000] e820: last_pfn = 0x3fff0 max_arch_pfn = 0x400000000
Apr 18 18:38:17 ubuntu-bionic kernel: [    0.000000] MTRR default type: uncachable
Apr 18 18:38:17 ubuntu-bionic kernel: [    0.000000] MTRR variable ranges disabled:
Apr 18 18:38:17 ubuntu-bionic kernel: [    0.000000] MTRR: Disabled
Apr 18 18:38:17 ubuntu-bionic kernel: [    0.000000] x86/PAT: MTRRs disabled, skipping PAT initialization too.
Apr 18 18:38:17 ubuntu-bionic kernel: [    0.000000] CPU MTRRs all blank - virtualized system.
Apr 18 18:38:17 ubuntu-bionic kernel: [    0.000000] x86/PAT: Configuration [0-7]: WB  WT  UC- UC  WB  WT  UC- UC  
Apr 18 18:38:17 ubuntu-bionic kernel: [    0.000000] found SMP MP-table at [mem 0x0009fff0-0x0009ffff]
Apr 18 18:38:17 ubuntu-bionic kernel: [    0.000000] Scanning 1 areas for low memory corruption
Apr 18 18:38:17 ubuntu-bionic kernel: [    0.000000] BRK [0x11991000, 0x11991fff] PGTABLE
Apr 18 18:38:17 ubuntu-bionic kernel: [    0.000000] BRK [0x11992000, 0x11992fff] PGTABLE
Apr 18 18:38:17 ubuntu-bionic kernel: [    0.000000] BRK [0x11993000, 0x11993fff] PGTABLE
Apr 18 18:38:17 ubuntu-bionic kernel: [    0.000000] BRK [0x11994000, 0x11994fff] PGTABLE
Apr 18 18:38:17 ubuntu-bionic kernel: [    0.000000] BRK [0x11995000, 0x11995fff] PGTABLE
Apr 18 18:38:17 ubuntu-bionic kernel: [    0.000000] RAMDISK: [mem 0x35a6b000-0x36d2cfff]
Apr 18 18:38:17 ubuntu-bionic kernel: [    0.000000] ACPI: Early table checksum verification disabled
Apr 18 18:38:17 ubuntu-bionic kernel: [    0.000000] ACPI: RSDP 0x00000000000E0000 000024 (v02 VBOX  )
Apr 18 18:38:17 ubuntu-bionic kernel: [    0.000000] ACPI: XSDT 0x000000003FFF0030 00003C (v01 VBOX   VBOXXSDT 00000001 ASL  00000061)
Apr 18 18:38:17 ubuntu-bionic kernel: [    0.000000] ACPI: FACP 0x000000003FFF00F0 0000F4 (v04 VBOX   VBOXFACP 00000001 ASL  00000061)
Apr 18 18:38:17 ubuntu-bionic kernel: [    0.000000] ACPI: DSDT 0x000000003FFF0470 002325 (v02 VBOX   VBOXBIOS 00000002 INTL 20200214)
Apr 18 18:38:17 ubuntu-bionic kernel: [    0.000000] ACPI: FACS 0x000000003FFF0200 000040
Apr 18 18:38:17 ubuntu-bionic kernel: [    0.000000] ACPI: FACS 0x000000003FFF0200 000040
Apr 18 18:38:17 ubuntu-bionic kernel: [    0.000000] ACPI: APIC 0x000000003FFF0240 000054 (v02 VBOX   VBOXAPIC 00000001 ASL  00000061)
Apr 18 18:38:17 ubuntu-bionic kernel: [    0.000000] ACPI: SSDT 0x000000003FFF02A0 0001CC (v01 VBOX   VBOXCPUT 00000002 INTL 20200214)
Apr 18 18:38:17 ubuntu-bionic kernel: [    0.000000] ACPI: Local APIC address 0xfee00000
Apr 18 18:38:17 ubuntu-bionic kernel: [    0.000000] No NUMA configuration found
Apr 18 18:38:17 ubuntu-bionic kernel: [    0.000000] Faking a node at [mem 0x0000000000000000-0x000000003ffeffff]
Apr 18 18:38:17 ubuntu-bionic kernel: [    0.000000] NODE_DATA(0) allocated [mem 0x3ffc5000-0x3ffeffff]
Apr 18 18:38:17 ubuntu-bionic kernel: [    0.000000] kvm-clock: cpu 0, msr 0:3ff44001, primary cpu clock
Apr 18 18:38:17 ubuntu-bionic kernel: [    0.000000] kvm-clock: Using msrs 4b564d01 and 4b564d00
Apr 18 18:38:17 ubuntu-bionic kernel: [    0.000000] kvm-clock: using sched offset of 3474380616 cycles
Apr 18 18:38:17 ubuntu-bionic kernel: [    0.000000] clocksource: kvm-clock: mask: 0xffffffffffffffff max_cycles: 0x1cd42e4dffb, max_idle_ns: 881590591483 ns
Apr 18 18:38:17 ubuntu-bionic kernel: [    0.000000] Zone ranges:
Apr 18 18:38:17 ubuntu-bionic kernel: [    0.000000]   DMA      [mem 0x0000000000001000-0x0000000000ffffff]
Apr 18 18:38:17 ubuntu-bionic kernel: [    0.000000]   DMA32    [mem 0x0000000001000000-0x000000003ffeffff]
Apr 18 18:38:17 ubuntu-bionic kernel: [    0.000000]   Normal   empty
Apr 18 18:38:17 ubuntu-bionic kernel: [    0.000000]   Device   empty
Apr 18 18:38:17 ubuntu-bionic kernel: [    0.000000] Movable zone start for each node
Apr 18 18:38:17 ubuntu-bionic kernel: [    0.000000] Early memory node ranges
Apr 18 18:38:17 ubuntu-bionic kernel: [    0.000000]   node   0: [mem 0x0000000000001000-0x000000000009efff]
Apr 18 18:38:17 ubuntu-bionic kernel: [    0.000000]   node   0: [mem 0x0000000000100000-0x000000003ffeffff]
Apr 18 18:38:17 ubuntu-bionic kernel: [    0.000000] Reserved but unavailable: 98 pages
Apr 18 18:38:17 ubuntu-bionic kernel: [    0.000000] Initmem setup node 0 [mem 0x0000000000001000-0x000000003ffeffff]
Apr 18 18:38:17 ubuntu-bionic kernel: [    0.000000] On node 0 totalpages: 262030
Apr 18 18:38:17 ubuntu-bionic kernel: [    0.000000]   DMA zone: 64 pages used for memmap
Apr 18 18:38:17 ubuntu-bionic kernel: [    0.000000]   DMA zone: 21 pages reserved
Apr 18 18:38:17 ubuntu-bionic kernel: [    0.000000]   DMA zone: 3998 pages, LIFO batch:0
Apr 18 18:38:17 ubuntu-bionic kernel: [    0.000000]   DMA32 zone: 4032 pages used for memmap
Apr 18 18:38:17 ubuntu-bionic kernel: [    0.000000]   DMA32 zone: 258032 pages, LIFO batch:31
Apr 18 18:38:17 ubuntu-bionic kernel: [    0.000000] ACPI: PM-Timer IO Port: 0x4008
Apr 18 18:38:17 ubuntu-bionic kernel: [    0.000000] ACPI: Local APIC address 0xfee00000
Apr 18 18:38:17 ubuntu-bionic kernel: [    0.000000] IOAPIC[0]: apic_id 1, version 32, address 0xfec00000, GSI 0-23
Apr 18 18:38:17 ubuntu-bionic kernel: [    0.000000] ACPI: INT_SRC_OVR (bus 0 bus_irq 0 global_irq 2 dfl dfl)
Apr 18 18:38:17 ubuntu-bionic kernel: [    0.000000] ACPI: INT_SRC_OVR (bus 0 bus_irq 9 global_irq 9 low level)
Apr 18 18:38:17 ubuntu-bionic kernel: [    0.000000] ACPI: IRQ0 used by override.
Apr 18 18:38:17 ubuntu-bionic kernel: [    0.000000] ACPI: IRQ9 used by override.
Apr 18 18:38:17 ubuntu-bionic kernel: [    0.000000] Using ACPI (MADT) for SMP configuration information
Apr 18 18:38:17 ubuntu-bionic kernel: [    0.000000] smpboot: Allowing 1 CPUs, 0 hotplug CPUs
Apr 18 18:38:17 ubuntu-bionic kernel: [    0.000000] PM: Registered nosave memory: [mem 0x00000000-0x00000fff]
Apr 18 18:38:17 ubuntu-bionic kernel: [    0.000000] PM: Registered nosave memory: [mem 0x0009f000-0x0009ffff]
Apr 18 18:38:17 ubuntu-bionic kernel: [    0.000000] PM: Registered nosave memory: [mem 0x000a0000-0x000effff]
Apr 18 18:38:17 ubuntu-bionic kernel: [    0.000000] PM: Registered nosave memory: [mem 0x000f0000-0x000fffff]
Apr 18 18:38:17 ubuntu-bionic kernel: [    0.000000] e820: [mem 0x40000000-0xfebfffff] available for PCI devices
Apr 18 18:38:17 ubuntu-bionic kernel: [    0.000000] Booting paravirtualized kernel on KVM
Apr 18 18:38:17 ubuntu-bionic kernel: [    0.000000] clocksource: refined-jiffies: mask: 0xffffffff max_cycles: 0xffffffff, max_idle_ns: 7645519600211568 ns
Apr 18 18:38:17 ubuntu-bionic kernel: [    0.000000] random: get_random_bytes called from start_kernel+0x99/0x4fd with crng_init=0
Apr 18 18:38:17 ubuntu-bionic kernel: [    0.000000] setup_percpu: NR_CPUS:8192 nr_cpumask_bits:1 nr_cpu_ids:1 nr_node_ids:1
Apr 18 18:38:17 ubuntu-bionic kernel: [    0.000000] percpu: Embedded 45 pages/cpu s147456 r8192 d28672 u2097152
Apr 18 18:38:17 ubuntu-bionic kernel: [    0.000000] pcpu-alloc: s147456 r8192 d28672 u2097152 alloc=1*2097152
Apr 18 18:38:17 ubuntu-bionic kernel: [    0.000000] pcpu-alloc: [0] 0 
Apr 18 18:38:17 ubuntu-bionic kernel: [    0.000000] PV qspinlock hash table entries: 256 (order: 0, 4096 bytes)
Apr 18 18:38:17 ubuntu-bionic kernel: [    0.000000] Built 1 zonelists, mobility grouping on.  Total pages: 257913
Apr 18 18:38:17 ubuntu-bionic kernel: [    0.000000] Policy zone: DMA32
Apr 18 18:38:17 ubuntu-bionic kernel: [    0.000000] Kernel command line: BOOT_IMAGE=/boot/vmlinuz-4.15.0-96-generic root=LABEL=cloudimg-rootfs ro console=tty1 console=ttyS0
Apr 18 18:38:17 ubuntu-bionic kernel: [    0.000000] Calgary: detecting Calgary via BIOS EBDA area
Apr 18 18:38:17 ubuntu-bionic kernel: [    0.000000] Calgary: Unable to locate Rio Grande table in EBDA - bailing!
Apr 18 18:38:17 ubuntu-bionic kernel: [    0.000000] Memory: 983240K/1048120K available (12300K kernel code, 2481K rwdata, 4264K rodata, 2432K init, 2712K bss, 64880K reserved, 0K cma-reserved)
Apr 18 18:38:17 ubuntu-bionic kernel: [    0.000000] SLUB: HWalign=64, Order=0-3, MinObjects=0, CPUs=1, Nodes=1
Apr 18 18:38:17 ubuntu-bionic kernel: [    0.000000] Kernel/User page tables isolation: enabled
Apr 18 18:38:17 ubuntu-bionic kernel: [    0.000000] ftrace: allocating 39351 entries in 154 pages
Apr 18 18:38:17 ubuntu-bionic kernel: [    0.004000] Hierarchical RCU implementation.
Apr 18 18:38:17 ubuntu-bionic kernel: [    0.004000] 	RCU restricting CPUs from NR_CPUS=8192 to nr_cpu_ids=1.
Apr 18 18:38:17 ubuntu-bionic kernel: [    0.004000] 	Tasks RCU enabled.
Apr 18 18:38:17 ubuntu-bionic kernel: [    0.004000] RCU: Adjusting geometry for rcu_fanout_leaf=16, nr_cpu_ids=1
Apr 18 18:38:17 ubuntu-bionic kernel: [    0.004000] NR_IRQS: 524544, nr_irqs: 256, preallocated irqs: 16
Apr 18 18:38:17 ubuntu-bionic kernel: [    0.004000] Console: colour VGA+ 80x25
Apr 18 18:38:17 ubuntu-bionic kernel: [    0.004000] console [tty1] enabled
Apr 18 18:38:17 ubuntu-bionic kernel: [    0.004000] console [ttyS0] enabled
Apr 18 18:38:17 ubuntu-bionic kernel: [    0.004000] ACPI: Core revision 20170831
Apr 18 18:38:17 ubuntu-bionic kernel: [    0.004000] ACPI: 2 ACPI AML tables successfully acquired and loaded
Apr 18 18:38:17 ubuntu-bionic kernel: [    0.004000] APIC: Switch to symmetric I/O mode setup
Apr 18 18:38:17 ubuntu-bionic kernel: [    0.004000] x2apic enabled
Apr 18 18:38:17 ubuntu-bionic kernel: [    0.004000] Switched APIC routing to physical x2apic.
Apr 18 18:38:17 ubuntu-bionic kernel: [    0.004000] ..TIMER: vector=0x30 apic1=0 pin1=2 apic2=-1 pin2=-1
Apr 18 18:38:17 ubuntu-bionic kernel: [    0.004000] tsc: Detected 2304.018 MHz processor
Apr 18 18:38:17 ubuntu-bionic kernel: [    0.004000] Calibrating delay loop (skipped) preset value.. 4608.03 BogoMIPS (lpj=9216072)
Apr 18 18:38:17 ubuntu-bionic kernel: [    0.004003] pid_max: default: 32768 minimum: 301
Apr 18 18:38:17 ubuntu-bionic kernel: [    0.004499] Security Framework initialized
Apr 18 18:38:17 ubuntu-bionic kernel: [    0.004979] Yama: becoming mindful.
Apr 18 18:38:17 ubuntu-bionic kernel: [    0.005369] AppArmor: AppArmor initialized
Apr 18 18:38:17 ubuntu-bionic kernel: [    0.006384] Dentry cache hash table entries: 131072 (order: 8, 1048576 bytes)
Apr 18 18:38:17 ubuntu-bionic kernel: [    0.007283] Inode-cache hash table entries: 65536 (order: 7, 524288 bytes)
Apr 18 18:38:17 ubuntu-bionic kernel: [    0.008024] Mount-cache hash table entries: 2048 (order: 2, 16384 bytes)
Apr 18 18:38:17 ubuntu-bionic kernel: [    0.008899] Mountpoint-cache hash table entries: 2048 (order: 2, 16384 bytes)
Apr 18 18:38:17 ubuntu-bionic kernel: [    0.010013] process: using mwait in idle threads
Apr 18 18:38:17 ubuntu-bionic kernel: [    0.010653] Last level iTLB entries: 4KB 64, 2MB 8, 4MB 8
Apr 18 18:38:17 ubuntu-bionic kernel: [    0.012003] Last level dTLB entries: 4KB 64, 2MB 0, 4MB 0, 1GB 4
Apr 18 18:38:17 ubuntu-bionic kernel: [    0.012781] Spectre V1 : Mitigation: usercopy/swapgs barriers and __user pointer sanitization
Apr 18 18:38:17 ubuntu-bionic kernel: [    0.013888] Spectre V2 : Mitigation: Full generic retpoline
Apr 18 18:38:17 ubuntu-bionic kernel: [    0.014613] Spectre V2 : Spectre v2 / SpectreRSB mitigation: Filling RSB on context switch
Apr 18 18:38:17 ubuntu-bionic kernel: [    0.015687] Speculative Store Bypass: Vulnerable
Apr 18 18:38:17 ubuntu-bionic kernel: [    0.016037] MDS: Mitigation: Clear CPU buffers
Apr 18 18:38:17 ubuntu-bionic kernel: [    0.027665] Freeing SMP alternatives memory: 36K
Apr 18 18:38:17 ubuntu-bionic kernel: [    0.136002] APIC calibration not consistent with PM-Timer: 101ms instead of 100ms
Apr 18 18:38:17 ubuntu-bionic kernel: [    0.137035] APIC delta adjusted to PM-Timer: 6220789 (6290600)
Apr 18 18:38:17 ubuntu-bionic kernel: [    0.140043] smpboot: CPU0: Intel(R) Core(TM) i5-8300H CPU @ 2.30GHz (family: 0x6, model: 0x9e, stepping: 0xa)
Apr 18 18:38:17 ubuntu-bionic kernel: [    0.141451] Performance Events: unsupported p6 CPU model 158 no PMU driver, software events only.
Apr 18 18:38:17 ubuntu-bionic kernel: [    0.142672] Hierarchical SRCU implementation.
Apr 18 18:38:17 ubuntu-bionic kernel: [    0.143719] NMI watchdog: Perf event create on CPU 0 failed with -2
Apr 18 18:38:17 ubuntu-bionic kernel: [    0.144002] NMI watchdog: Perf NMI watchdog permanently disabled
Apr 18 18:38:17 ubuntu-bionic kernel: [    0.144810] smp: Bringing up secondary CPUs ...
Apr 18 18:38:17 ubuntu-bionic kernel: [    0.145418] smp: Brought up 1 node, 1 CPU
Apr 18 18:38:17 ubuntu-bionic kernel: [    0.145963] smpboot: Max logical packages: 1
Apr 18 18:38:17 ubuntu-bionic kernel: [    0.146544] smpboot: Total of 1 processors activated (4608.03 BogoMIPS)
Apr 18 18:38:17 ubuntu-bionic kernel: [    0.147481] devtmpfs: initialized
Apr 18 18:38:17 ubuntu-bionic kernel: [    0.148041] x86/mm: Memory block size: 128MB
Apr 18 18:38:17 ubuntu-bionic kernel: [    0.148725] evm: security.selinux
Apr 18 18:38:17 ubuntu-bionic kernel: [    0.149198] evm: security.SMACK64
Apr 18 18:38:17 ubuntu-bionic kernel: [    0.149663] evm: security.SMACK64EXEC
Apr 18 18:38:17 ubuntu-bionic kernel: [    0.150167] evm: security.SMACK64TRANSMUTE
Apr 18 18:38:17 ubuntu-bionic kernel: [    0.150728] evm: security.SMACK64MMAP
Apr 18 18:38:17 ubuntu-bionic kernel: [    0.151233] evm: security.apparmor
Apr 18 18:38:17 ubuntu-bionic kernel: [    0.152002] evm: security.ima
Apr 18 18:38:17 ubuntu-bionic kernel: [    0.152428] evm: security.capability
Apr 18 18:38:17 ubuntu-bionic kernel: [    0.152995] clocksource: jiffies: mask: 0xffffffff max_cycles: 0xffffffff, max_idle_ns: 7645041785100000 ns
Apr 18 18:38:17 ubuntu-bionic kernel: [    0.154250] futex hash table entries: 256 (order: 2, 16384 bytes)
Apr 18 18:38:17 ubuntu-bionic kernel: [    0.155069] pinctrl core: initialized pinctrl subsystem
Apr 18 18:38:17 ubuntu-bionic kernel: [    0.155839] RTC time: 18:38:02, date: 04/18/20
Apr 18 18:38:17 ubuntu-bionic kernel: [    0.156069] NET: Registered protocol family 16
Apr 18 18:38:17 ubuntu-bionic kernel: [    0.156763] audit: initializing netlink subsys (disabled)
Apr 18 18:38:17 ubuntu-bionic kernel: [    0.157598] cpuidle: using governor ladder
Apr 18 18:38:17 ubuntu-bionic kernel: [    0.158161] cpuidle: using governor menu
Apr 18 18:38:17 ubuntu-bionic kernel: [    0.158726] ACPI: bus type PCI registered
Apr 18 18:38:17 ubuntu-bionic kernel: [    0.159275] acpiphp: ACPI Hot Plug PCI Controller Driver version: 0.5
Apr 18 18:38:17 ubuntu-bionic kernel: [    0.160062] PCI: Using configuration type 1 for base access
Apr 18 18:38:17 ubuntu-bionic kernel: [    0.160812] audit: type=2000 audit(1587235087.518:1): state=initialized audit_enabled=0 res=1
Apr 18 18:38:17 ubuntu-bionic kernel: [    0.162627] HugeTLB registered 2.00 MiB page size, pre-allocated 0 pages
Apr 18 18:38:17 ubuntu-bionic kernel: [    0.164532] ACPI: Added _OSI(Module Device)
Apr 18 18:38:17 ubuntu-bionic kernel: [    0.165126] ACPI: Added _OSI(Processor Device)
Apr 18 18:38:17 ubuntu-bionic kernel: [    0.165714] ACPI: Added _OSI(3.0 _SCP Extensions)
Apr 18 18:38:17 ubuntu-bionic kernel: [    0.166343] ACPI: Added _OSI(Processor Aggregator Device)
Apr 18 18:38:17 ubuntu-bionic kernel: [    0.167059] ACPI: Added _OSI(Linux-Dell-Video)
Apr 18 18:38:17 ubuntu-bionic kernel: [    0.167662] ACPI: Added _OSI(Linux-Lenovo-NV-HDMI-Audio)
Apr 18 18:38:17 ubuntu-bionic kernel: [    0.168009] ACPI: Added _OSI(Linux-HPI-Hybrid-Graphics)
Apr 18 18:38:17 ubuntu-bionic kernel: [    0.168888] ACPI: Executed 1 blocks of module-level executable AML code
Apr 18 18:38:17 ubuntu-bionic kernel: [    0.172615] ACPI: Interpreter enabled
Apr 18 18:38:17 ubuntu-bionic kernel: [    0.173141] ACPI: (supports S0 S5)
Apr 18 18:38:17 ubuntu-bionic kernel: [    0.173624] ACPI: Using IOAPIC for interrupt routing
Apr 18 18:38:17 ubuntu-bionic kernel: [    0.174471] PCI: Using host bridge windows from ACPI; if necessary, use "pci=nocrs" and report a bug
Apr 18 18:38:17 ubuntu-bionic kernel: [    0.175650] ACPI: Enabled 2 GPEs in block 00 to 07
Apr 18 18:38:17 ubuntu-bionic kernel: [    0.180210] ACPI: PCI Root Bridge [PCI0] (domain 0000 [bus 00-ff])
Apr 18 18:38:17 ubuntu-bionic kernel: [    0.180897] acpi PNP0A03:00: _OSC: OS supports [ASPM ClockPM Segments MSI]
Apr 18 18:38:17 ubuntu-bionic kernel: [    0.181990] acpi PNP0A03:00: _OSC: not requesting OS control; OS requires [ExtendedConfig ASPM ClockPM MSI]
Apr 18 18:38:17 ubuntu-bionic kernel: [    0.183071] acpi PNP0A03:00: fail to add MMCONFIG information, can't access extended PCI configuration space under this bridge.
Apr 18 18:38:17 ubuntu-bionic kernel: [    0.184232] PCI host bridge to bus 0000:00
Apr 18 18:38:17 ubuntu-bionic kernel: [    0.184743] pci_bus 0000:00: root bus resource [io  0x0000-0x0cf7 window]
Apr 18 18:38:17 ubuntu-bionic kernel: [    0.185499] pci_bus 0000:00: root bus resource [io  0x0d00-0xffff window]
Apr 18 18:38:17 ubuntu-bionic kernel: [    0.186260] pci_bus 0000:00: root bus resource [mem 0x000a0000-0x000bffff window]
Apr 18 18:38:17 ubuntu-bionic kernel: [    0.187124] pci_bus 0000:00: root bus resource [mem 0x40000000-0xfdffffff window]
Apr 18 18:38:17 ubuntu-bionic kernel: [    0.187966] pci_bus 0000:00: root bus resource [bus 00-ff]
Apr 18 18:38:17 ubuntu-bionic kernel: [    0.188027] pci 0000:00:00.0: [8086:1237] type 00 class 0x060000
Apr 18 18:38:17 ubuntu-bionic kernel: [    0.188521] pci 0000:00:01.0: [8086:7000] type 00 class 0x060100
Apr 18 18:38:17 ubuntu-bionic kernel: [    0.189012] pci 0000:00:01.1: [8086:7111] type 00 class 0x01018a
Apr 18 18:38:17 ubuntu-bionic kernel: [    0.189229] pci 0000:00:01.1: reg 0x20: [io  0xd000-0xd00f]
Apr 18 18:38:17 ubuntu-bionic kernel: [    0.189317] pci 0000:00:01.1: legacy IDE quirk: reg 0x10: [io  0x01f0-0x01f7]
Apr 18 18:38:17 ubuntu-bionic kernel: [    0.190516] pci 0000:00:01.1: legacy IDE quirk: reg 0x14: [io  0x03f6]
Apr 18 18:38:17 ubuntu-bionic kernel: [    0.191344] pci 0000:00:01.1: legacy IDE quirk: reg 0x18: [io  0x0170-0x0177]
Apr 18 18:38:17 ubuntu-bionic kernel: [    0.192004] pci 0000:00:01.1: legacy IDE quirk: reg 0x1c: [io  0x0376]
Apr 18 18:38:17 ubuntu-bionic kernel: [    0.192878] pci 0000:00:02.0: [80ee:beef] type 00 class 0x030000
Apr 18 18:38:17 ubuntu-bionic kernel: [    0.193488] pci 0000:00:02.0: reg 0x10: [mem 0xe0000000-0xe0ffffff pref]
Apr 18 18:38:17 ubuntu-bionic kernel: [    0.196781] pci 0000:00:03.0: [8086:100e] type 00 class 0x020000
Apr 18 18:38:17 ubuntu-bionic kernel: [    0.197068] pci 0000:00:03.0: reg 0x10: [mem 0xf0000000-0xf001ffff]
Apr 18 18:38:17 ubuntu-bionic kernel: [    0.197489] pci 0000:00:03.0: reg 0x18: [io  0xd010-0xd017]
Apr 18 18:38:17 ubuntu-bionic kernel: [    0.198639] pci 0000:00:04.0: [80ee:cafe] type 00 class 0x088000
Apr 18 18:38:17 ubuntu-bionic kernel: [    0.198905] pci 0000:00:04.0: reg 0x10: [io  0xd020-0xd03f]
Apr 18 18:38:17 ubuntu-bionic kernel: [    0.199129] pci 0000:00:04.0: reg 0x14: [mem 0xf0400000-0xf07fffff]
Apr 18 18:38:17 ubuntu-bionic kernel: [    0.199345] pci 0000:00:04.0: reg 0x18: [mem 0xf0800000-0xf0803fff pref]
Apr 18 18:38:17 ubuntu-bionic kernel: [    0.200301] pci 0000:00:05.0: [8086:2415] type 00 class 0x040100
Apr 18 18:38:17 ubuntu-bionic kernel: [    0.200376] pci 0000:00:05.0: reg 0x10: [io  0xd100-0xd1ff]
Apr 18 18:38:17 ubuntu-bionic kernel: [    0.200413] pci 0000:00:05.0: reg 0x14: [io  0xd200-0xd23f]
Apr 18 18:38:17 ubuntu-bionic kernel: [    0.200747] pci 0000:00:07.0: [8086:7113] type 00 class 0x068000
Apr 18 18:38:17 ubuntu-bionic kernel: [    0.201057] pci 0000:00:07.0: quirk: [io  0x4000-0x403f] claimed by PIIX4 ACPI
Apr 18 18:38:17 ubuntu-bionic kernel: [    0.201882] pci 0000:00:07.0: quirk: [io  0x4100-0x410f] claimed by PIIX4 SMB
Apr 18 18:38:17 ubuntu-bionic kernel: [    0.202838] pci 0000:00:08.0: [8086:100e] type 00 class 0x020000
Apr 18 18:38:17 ubuntu-bionic kernel: [    0.203189] pci 0000:00:08.0: reg 0x10: [mem 0xf0820000-0xf083ffff]
Apr 18 18:38:17 ubuntu-bionic kernel: [    0.203656] pci 0000:00:08.0: reg 0x18: [io  0xd240-0xd247]
Apr 18 18:38:17 ubuntu-bionic kernel: [    0.204821] pci 0000:00:14.0: [1000:0030] type 00 class 0x010000
Apr 18 18:38:17 ubuntu-bionic kernel: [    0.205110] pci 0000:00:14.0: reg 0x10: [io  0xd300-0xd3ff]
Apr 18 18:38:17 ubuntu-bionic kernel: [    0.205329] pci 0000:00:14.0: reg 0x14: [mem 0xf0840000-0xf085ffff]
Apr 18 18:38:17 ubuntu-bionic kernel: [    0.205547] pci 0000:00:14.0: reg 0x18: [mem 0xf0860000-0xf087ffff]
Apr 18 18:38:17 ubuntu-bionic kernel: [    0.207617] ACPI: PCI Interrupt Link [LNKA] (IRQs 5 9 10 *11)
Apr 18 18:38:17 ubuntu-bionic kernel: [    0.208225] ACPI: PCI Interrupt Link [LNKB] (IRQs 5 9 *10 11)
Apr 18 18:38:17 ubuntu-bionic kernel: [    0.209011] ACPI: PCI Interrupt Link [LNKC] (IRQs 5 *9 10 11)
Apr 18 18:38:17 ubuntu-bionic kernel: [    0.209809] ACPI: PCI Interrupt Link [LNKD] (IRQs 5 9 10 *11)
Apr 18 18:38:17 ubuntu-bionic kernel: [    0.210918] SCSI subsystem initialized
Apr 18 18:38:17 ubuntu-bionic kernel: [    0.211451] libata version 3.00 loaded.
Apr 18 18:38:17 ubuntu-bionic kernel: [    0.211491] pci 0000:00:02.0: vgaarb: setting as boot VGA device
Apr 18 18:38:17 ubuntu-bionic kernel: [    0.212000] pci 0000:00:02.0: vgaarb: VGA device added: decodes=io+mem,owns=io+mem,locks=none
Apr 18 18:38:17 ubuntu-bionic kernel: [    0.212004] pci 0000:00:02.0: vgaarb: bridge control possible
Apr 18 18:38:17 ubuntu-bionic kernel: [    0.212637] vgaarb: loaded
Apr 18 18:38:17 ubuntu-bionic kernel: [    0.212978] ACPI: bus type USB registered
Apr 18 18:38:17 ubuntu-bionic kernel: [    0.213535] usbcore: registered new interface driver usbfs
Apr 18 18:38:17 ubuntu-bionic kernel: [    0.214201] usbcore: registered new interface driver hub
Apr 18 18:38:17 ubuntu-bionic kernel: [    0.216017] usbcore: registered new device driver usb
Apr 18 18:38:17 ubuntu-bionic kernel: [    0.216907] EDAC MC: Ver: 3.0.0
Apr 18 18:38:17 ubuntu-bionic kernel: [    0.217745] PCI: Using ACPI for IRQ routing
Apr 18 18:38:17 ubuntu-bionic kernel: [    0.218371] PCI: pci_cache_line_size set to 64 bytes
Apr 18 18:38:17 ubuntu-bionic kernel: [    0.218519] e820: reserve RAM buffer [mem 0x0009fc00-0x0009ffff]
Apr 18 18:38:17 ubuntu-bionic kernel: [    0.218523] e820: reserve RAM buffer [mem 0x3fff0000-0x3fffffff]
Apr 18 18:38:17 ubuntu-bionic kernel: [    0.218630] NetLabel: Initializing
Apr 18 18:38:17 ubuntu-bionic kernel: [    0.220004] NetLabel:  domain hash size = 128
Apr 18 18:38:17 ubuntu-bionic kernel: [    0.220494] NetLabel:  protocols = UNLABELED CIPSOv4 CALIPSO
Apr 18 18:38:17 ubuntu-bionic kernel: [    0.221211] NetLabel:  unlabeled traffic allowed by default
Apr 18 18:38:17 ubuntu-bionic kernel: [    0.222153] clocksource: Switched to clocksource kvm-clock
Apr 18 18:38:17 ubuntu-bionic kernel: [    0.229363] VFS: Disk quotas dquot_6.6.0
Apr 18 18:38:17 ubuntu-bionic kernel: [    0.229875] VFS: Dquot-cache hash table entries: 512 (order 0, 4096 bytes)
Apr 18 18:38:17 ubuntu-bionic kernel: [    0.230906] AppArmor: AppArmor Filesystem Enabled
Apr 18 18:38:17 ubuntu-bionic kernel: [    0.231549] pnp: PnP ACPI init
Apr 18 18:38:17 ubuntu-bionic kernel: [    0.232010] pnp 00:00: Plug and Play ACPI device, IDs PNP0303 (active)
Apr 18 18:38:17 ubuntu-bionic kernel: [    0.232084] pnp 00:01: Plug and Play ACPI device, IDs PNP0f03 (active)
Apr 18 18:38:17 ubuntu-bionic kernel: [    0.232290] pnp 00:02: Plug and Play ACPI device, IDs PNP0501 (active)
Apr 18 18:38:17 ubuntu-bionic kernel: [    0.232699] pnp: PnP ACPI: found 3 devices
Apr 18 18:38:17 ubuntu-bionic kernel: [    0.238495] clocksource: acpi_pm: mask: 0xffffff max_cycles: 0xffffff, max_idle_ns: 2085701024 ns
Apr 18 18:38:17 ubuntu-bionic kernel: [    0.239700] pci_bus 0000:00: resource 4 [io  0x0000-0x0cf7 window]
Apr 18 18:38:17 ubuntu-bionic kernel: [    0.239702] pci_bus 0000:00: resource 5 [io  0x0d00-0xffff window]
Apr 18 18:38:17 ubuntu-bionic kernel: [    0.239703] pci_bus 0000:00: resource 6 [mem 0x000a0000-0x000bffff window]
Apr 18 18:38:17 ubuntu-bionic kernel: [    0.239705] pci_bus 0000:00: resource 7 [mem 0x40000000-0xfdffffff window]
Apr 18 18:38:17 ubuntu-bionic kernel: [    0.239754] NET: Registered protocol family 2
Apr 18 18:38:17 ubuntu-bionic kernel: [    0.240432] TCP established hash table entries: 8192 (order: 4, 65536 bytes)
Apr 18 18:38:17 ubuntu-bionic kernel: [    0.241221] TCP bind hash table entries: 8192 (order: 5, 131072 bytes)
Apr 18 18:38:17 ubuntu-bionic kernel: [    0.242020] TCP: Hash tables configured (established 8192 bind 8192)
Apr 18 18:38:17 ubuntu-bionic kernel: [    0.242743] UDP hash table entries: 512 (order: 2, 16384 bytes)
Apr 18 18:38:17 ubuntu-bionic kernel: [    0.243413] UDP-Lite hash table entries: 512 (order: 2, 16384 bytes)
Apr 18 18:38:17 ubuntu-bionic kernel: [    0.244142] NET: Registered protocol family 1
Apr 18 18:38:17 ubuntu-bionic kernel: [    0.244667] pci 0000:00:00.0: Limiting direct PCI/PCI transfers
Apr 18 18:38:17 ubuntu-bionic kernel: [    0.245338] pci 0000:00:01.0: Activating ISA DMA hang workarounds
Apr 18 18:38:17 ubuntu-bionic kernel: [    0.246193] pci 0000:00:02.0: Video device with shadowed ROM at [mem 0x000c0000-0x000dffff]
Apr 18 18:38:17 ubuntu-bionic kernel: [    0.247132] PCI: CLS 0 bytes, default 64
Apr 18 18:38:17 ubuntu-bionic kernel: [    0.247170] Unpacking initramfs...
Apr 18 18:38:17 ubuntu-bionic kernel: [    0.465063] Freeing initrd memory: 19208K
Apr 18 18:38:17 ubuntu-bionic kernel: [    0.471623] clocksource: tsc: mask: 0xffffffffffffffff max_cycles: 0x213608c06ae, max_idle_ns: 440795240117 ns
Apr 18 18:38:17 ubuntu-bionic kernel: [    0.473009] platform rtc_cmos: registered platform RTC device (no PNP device found)
Apr 18 18:38:17 ubuntu-bionic kernel: [    0.474029] Scanning for low memory corruption every 60 seconds
Apr 18 18:38:17 ubuntu-bionic kernel: [    0.475038] Initialise system trusted keyrings
Apr 18 18:38:17 ubuntu-bionic kernel: [    0.475580] Key type blacklist registered
Apr 18 18:38:17 ubuntu-bionic kernel: [    0.476111] workingset: timestamp_bits=36 max_order=18 bucket_order=0
Apr 18 18:38:17 ubuntu-bionic kernel: [    0.477861] zbud: loaded
Apr 18 18:38:17 ubuntu-bionic kernel: [    0.478549] squashfs: version 4.0 (2009/01/31) Phillip Lougher
Apr 18 18:38:17 ubuntu-bionic kernel: [    0.479295] fuse init (API version 7.26)
Apr 18 18:38:17 ubuntu-bionic kernel: [    0.480308] Key type asymmetric registered
Apr 18 18:38:17 ubuntu-bionic kernel: [    0.480851] Asymmetric key parser 'x509' registered
Apr 18 18:38:17 ubuntu-bionic kernel: [    0.481567] Block layer SCSI generic (bsg) driver version 0.4 loaded (major 246)
Apr 18 18:38:17 ubuntu-bionic kernel: [    0.482414] io scheduler noop registered
Apr 18 18:38:17 ubuntu-bionic kernel: [    0.482901] io scheduler deadline registered
Apr 18 18:38:17 ubuntu-bionic kernel: [    0.483438] io scheduler cfq registered (default)
Apr 18 18:38:17 ubuntu-bionic kernel: [    0.484186] ACPI: AC Adapter [AC] (on-line)
Apr 18 18:38:17 ubuntu-bionic kernel: [    0.484710] input: Power Button as /devices/LNXSYSTM:00/LNXPWRBN:00/input/input0
Apr 18 18:38:17 ubuntu-bionic kernel: [    0.485529] ACPI: Power Button [PWRF]
Apr 18 18:38:17 ubuntu-bionic kernel: [    0.486093] input: Sleep Button as /devices/LNXSYSTM:00/LNXSLPBN:00/input/input1
Apr 18 18:38:17 ubuntu-bionic kernel: [    0.486973] ACPI: Sleep Button [SLPF]
Apr 18 18:38:17 ubuntu-bionic kernel: [    0.488154] ACPI: Battery Slot [BAT0] (battery present)
Apr 18 18:38:17 ubuntu-bionic kernel: [    0.488921] Serial: 8250/16550 driver, 32 ports, IRQ sharing enabled
Apr 18 18:38:17 ubuntu-bionic kernel: [    0.510140] 00:02: ttyS0 at I/O 0x3f8 (irq = 4, base_baud = 115200) is a 16550A
Apr 18 18:38:17 ubuntu-bionic kernel: [    0.511907] Linux agpgart interface v0.103
Apr 18 18:38:17 ubuntu-bionic kernel: [    0.513266] loop: module loaded
Apr 18 18:38:17 ubuntu-bionic kernel: [    0.513708] ata_piix 0000:00:01.1: version 2.13
Apr 18 18:38:17 ubuntu-bionic kernel: [    0.513938] scsi host0: ata_piix
Apr 18 18:38:17 ubuntu-bionic kernel: [    0.514341] scsi host1: ata_piix
Apr 18 18:38:17 ubuntu-bionic kernel: [    0.514758] ata1: PATA max UDMA/33 cmd 0x1f0 ctl 0x3f6 bmdma 0xd000 irq 14
Apr 18 18:38:17 ubuntu-bionic kernel: [    0.515487] ata2: PATA max UDMA/33 cmd 0x170 ctl 0x376 bmdma 0xd008 irq 15
Apr 18 18:38:17 ubuntu-bionic kernel: [    0.516539] libphy: Fixed MDIO Bus: probed
Apr 18 18:38:17 ubuntu-bionic kernel: [    0.517005] tun: Universal TUN/TAP device driver, 1.6
Apr 18 18:38:17 ubuntu-bionic kernel: [    0.517565] PPP generic driver version 2.4.2
Apr 18 18:38:17 ubuntu-bionic kernel: [    0.518092] ehci_hcd: USB 2.0 'Enhanced' Host Controller (EHCI) Driver
Apr 18 18:38:17 ubuntu-bionic kernel: [    0.518769] ehci-pci: EHCI PCI platform driver
Apr 18 18:38:17 ubuntu-bionic kernel: [    0.519279] ehci-platform: EHCI generic platform driver
Apr 18 18:38:17 ubuntu-bionic kernel: [    0.519871] ohci_hcd: USB 1.1 'Open' Host Controller (OHCI) Driver
Apr 18 18:38:17 ubuntu-bionic kernel: [    0.520588] ohci-pci: OHCI PCI platform driver
Apr 18 18:38:17 ubuntu-bionic kernel: [    0.521101] ohci-platform: OHCI generic platform driver
Apr 18 18:38:17 ubuntu-bionic kernel: [    0.521847] uhci_hcd: USB Universal Host Controller Interface driver
Apr 18 18:38:17 ubuntu-bionic kernel: [    0.522626] i8042: PNP: PS/2 Controller [PNP0303:PS2K,PNP0f03:PS2M] at 0x60,0x64 irq 1,12
Apr 18 18:38:17 ubuntu-bionic kernel: [    0.523896] serio: i8042 KBD port at 0x60,0x64 irq 1
Apr 18 18:38:17 ubuntu-bionic kernel: [    0.524513] serio: i8042 AUX port at 0x60,0x64 irq 12
Apr 18 18:38:17 ubuntu-bionic kernel: [    0.525162] mousedev: PS/2 mouse device common for all mice
Apr 18 18:38:17 ubuntu-bionic kernel: [    0.525965] input: AT Translated Set 2 keyboard as /devices/platform/i8042/serio0/input/input2
Apr 18 18:38:17 ubuntu-bionic kernel: [    0.527170] rtc_cmos rtc_cmos: rtc core: registered rtc_cmos as rtc0
Apr 18 18:38:17 ubuntu-bionic kernel: [    0.527904] rtc_cmos rtc_cmos: alarms up to one day, 114 bytes nvram
Apr 18 18:38:17 ubuntu-bionic kernel: [    0.528567] i2c /dev entries driver
Apr 18 18:38:17 ubuntu-bionic kernel: [    0.528994] device-mapper: uevent: version 1.0.3
Apr 18 18:38:17 ubuntu-bionic kernel: [    0.529569] device-mapper: ioctl: 4.37.0-ioctl (2017-09-20) initialised: dm-devel@redhat.com
Apr 18 18:38:17 ubuntu-bionic kernel: [    0.530479] ledtrig-cpu: registered to indicate activity on CPUs
Apr 18 18:38:17 ubuntu-bionic kernel: [    0.531244] intel_pmc_core:  initialized
Apr 18 18:38:17 ubuntu-bionic kernel: [    0.531870] NET: Registered protocol family 10
Apr 18 18:38:17 ubuntu-bionic kernel: [    0.534505] Segment Routing with IPv6
Apr 18 18:38:17 ubuntu-bionic kernel: [    0.534981] NET: Registered protocol family 17
Apr 18 18:38:17 ubuntu-bionic kernel: [    0.535531] Key type dns_resolver registered
Apr 18 18:38:17 ubuntu-bionic kernel: [    0.536122] mce: Using 0 MCE banks
Apr 18 18:38:17 ubuntu-bionic kernel: [    0.536568] RAS: Correctable Errors collector initialized.
Apr 18 18:38:17 ubuntu-bionic kernel: [    0.537284] sched_clock: Marking stable (536553250, 0)->(635575859, -99022609)
Apr 18 18:38:17 ubuntu-bionic kernel: [    0.538401] registered taskstats version 1
Apr 18 18:38:17 ubuntu-bionic kernel: [    0.538866] Loading compiled-in X.509 certificates
Apr 18 18:38:17 ubuntu-bionic kernel: [    0.541069] Loaded X.509 cert 'Build time autogenerated kernel key: 244b473b43e18b01f00e37a87f2ecd28620f0244'
Apr 18 18:38:17 ubuntu-bionic kernel: [    0.542817] zswap: loaded using pool lzo/zbud
Apr 18 18:38:17 ubuntu-bionic kernel: [    0.545609] Key type big_key registered
Apr 18 18:38:17 ubuntu-bionic kernel: [    0.546800] Key type trusted registered
Apr 18 18:38:17 ubuntu-bionic kernel: [    0.548926] Key type encrypted registered
Apr 18 18:38:17 ubuntu-bionic kernel: [    0.549384] AppArmor: AppArmor sha1 policy hashing enabled
Apr 18 18:38:17 ubuntu-bionic kernel: [    0.550013] ima: No TPM chip found, activating TPM-bypass! (rc=-19)
Apr 18 18:38:17 ubuntu-bionic kernel: [    0.550709] ima: Allocated hash algorithm: sha1
Apr 18 18:38:17 ubuntu-bionic kernel: [    0.551251] evm: HMAC attrs: 0x1
Apr 18 18:38:17 ubuntu-bionic kernel: [    0.551829]   Magic number: 0:830:645
Apr 18 18:38:17 ubuntu-bionic kernel: [    0.552391] rtc_cmos rtc_cmos: setting system clock to 2020-04-18 18:38:03 UTC (1587235083)
Apr 18 18:38:17 ubuntu-bionic kernel: [    0.553529] BIOS EDD facility v0.16 2004-Jun-25, 0 devices found
Apr 18 18:38:17 ubuntu-bionic kernel: [    0.554196] EDD information not available.
Apr 18 18:38:17 ubuntu-bionic kernel: [    0.702059] Freeing unused kernel image memory: 2432K
Apr 18 18:38:17 ubuntu-bionic kernel: [    0.708059] Write protecting the kernel read-only data: 20480k
Apr 18 18:38:17 ubuntu-bionic kernel: [    0.709134] Freeing unused kernel image memory: 2008K
Apr 18 18:38:17 ubuntu-bionic kernel: [    0.709959] Freeing unused kernel image memory: 1880K
Apr 18 18:38:17 ubuntu-bionic kernel: [    0.716299] x86/mm: Checked W+X mappings: passed, no W+X pages found.
Apr 18 18:38:17 ubuntu-bionic kernel: [    0.717020] x86/mm: Checking user space page tables
Apr 18 18:38:17 ubuntu-bionic kernel: [    0.722693] x86/mm: Checked W+X mappings: passed, no W+X pages found.
Apr 18 18:38:17 ubuntu-bionic kernel: [    0.798621] e1000: Intel(R) PRO/1000 Network Driver - version 7.3.21-k8-NAPI
Apr 18 18:38:17 ubuntu-bionic kernel: [    0.799448] e1000: Copyright (c) 1999-2006 Intel Corporation.
Apr 18 18:38:17 ubuntu-bionic kernel: [    0.803551] Fusion MPT base driver 3.04.20
Apr 18 18:38:17 ubuntu-bionic kernel: [    0.804046] Copyright (c) 1999-2008 LSI Corporation
Apr 18 18:38:17 ubuntu-bionic kernel: [    0.812896] Fusion MPT SPI Host driver 3.04.20
Apr 18 18:38:17 ubuntu-bionic kernel: [    0.831100] AVX2 version of gcm_enc/dec engaged.
Apr 18 18:38:17 ubuntu-bionic kernel: [    0.831877] AES CTR mode by8 optimization enabled
Apr 18 18:38:17 ubuntu-bionic kernel: [    1.015280] input: ImExPS/2 Generic Explorer Mouse as /devices/platform/i8042/serio1/input/input4
Apr 18 18:38:17 ubuntu-bionic kernel: [    1.166882] e1000 0000:00:03.0 eth0: (PCI:33MHz:32-bit) 02:43:0e:00:05:fc
Apr 18 18:38:17 ubuntu-bionic kernel: [    1.167713] e1000 0000:00:03.0 eth0: Intel(R) PRO/1000 Network Connection
Apr 18 18:38:17 ubuntu-bionic kernel: [    1.169033] mptbase: ioc0: Initiating bringup
Apr 18 18:38:17 ubuntu-bionic kernel: [    1.264675] ioc0: LSI53C1030 A0: Capabilities={Initiator}
Apr 18 18:38:17 ubuntu-bionic kernel: [    1.508174] scsi host2: ioc0: LSI53C1030 A0, FwRev=00000000h, Ports=1, MaxQ=256, IRQ=20
Apr 18 18:38:17 ubuntu-bionic kernel: [    1.680861] scsi 2:0:0:0: Direct-Access     VBOX     HARDDISK         1.0  PQ: 0 ANSI: 5
Apr 18 18:38:17 ubuntu-bionic kernel: [    1.685014] scsi target2:0:0: Beginning Domain Validation
Apr 18 18:38:17 ubuntu-bionic kernel: [    1.693766] scsi target2:0:0: Domain Validation skipping write tests
Apr 18 18:38:17 ubuntu-bionic kernel: [    1.696769] scsi target2:0:0: Ending Domain Validation
Apr 18 18:38:17 ubuntu-bionic kernel: [    1.699634] random: fast init done
Apr 18 18:38:17 ubuntu-bionic kernel: [    1.701375] scsi target2:0:0: asynchronous
Apr 18 18:38:17 ubuntu-bionic kernel: [    1.703546] scsi 2:0:1:0: Direct-Access     VBOX     HARDDISK         1.0  PQ: 0 ANSI: 5
Apr 18 18:38:17 ubuntu-bionic kernel: [    1.706170] scsi target2:0:1: Beginning Domain Validation
Apr 18 18:38:17 ubuntu-bionic kernel: [    1.709228] scsi target2:0:1: Domain Validation skipping write tests
Apr 18 18:38:17 ubuntu-bionic kernel: [    1.711221] scsi target2:0:1: Ending Domain Validation
Apr 18 18:38:17 ubuntu-bionic kernel: [    1.712673] scsi target2:0:1: asynchronous
Apr 18 18:38:17 ubuntu-bionic kernel: [    1.717727] random: systemd-udevd: uninitialized urandom read (16 bytes read)
Apr 18 18:38:17 ubuntu-bionic kernel: [    1.718979] random: systemd-udevd: uninitialized urandom read (16 bytes read)
Apr 18 18:38:17 ubuntu-bionic kernel: [    1.720273] random: systemd-udevd: uninitialized urandom read (16 bytes read)
Apr 18 18:38:17 ubuntu-bionic kernel: [    1.721713] sd 2:0:0:0: [sda] 20971520 512-byte logical blocks: (10.7 GB/10.0 GiB)
Apr 18 18:38:17 ubuntu-bionic kernel: [    1.722911] sd 2:0:0:0: [sda] Write Protect is off
Apr 18 18:38:17 ubuntu-bionic kernel: [    1.723634] sd 2:0:0:0: [sda] Mode Sense: 04 00 10 00
Apr 18 18:38:17 ubuntu-bionic kernel: [    1.723727] sd 2:0:0:0: [sda] Incomplete mode parameter data
Apr 18 18:38:17 ubuntu-bionic kernel: [    1.724617] sd 2:0:0:0: [sda] Assuming drive cache: write through
Apr 18 18:38:17 ubuntu-bionic kernel: [    1.725635] sd 2:0:0:0: Attached scsi generic sg0 type 0
Apr 18 18:38:17 ubuntu-bionic kernel: [    1.730828] sd 2:0:1:0: [sdb] 20480 512-byte logical blocks: (10.5 MB/10.0 MiB)
Apr 18 18:38:17 ubuntu-bionic kernel: [    1.731804]  sda: sda1
Apr 18 18:38:17 ubuntu-bionic kernel: [    1.732165] sd 2:0:1:0: [sdb] Write Protect is off
Apr 18 18:38:17 ubuntu-bionic kernel: [    1.733187] sd 2:0:1:0: [sdb] Mode Sense: 04 00 10 00
Apr 18 18:38:17 ubuntu-bionic kernel: [    1.733325] sd 2:0:1:0: [sdb] Incomplete mode parameter data
Apr 18 18:38:17 ubuntu-bionic kernel: [    1.734015] sd 2:0:1:0: [sdb] Assuming drive cache: write through
Apr 18 18:38:17 ubuntu-bionic kernel: [    1.734841] sd 2:0:1:0: Attached scsi generic sg1 type 0
Apr 18 18:38:17 ubuntu-bionic kernel: [    1.735680] sd 2:0:0:0: [sda] Attached SCSI disk
Apr 18 18:38:17 ubuntu-bionic kernel: [    1.737491] sd 2:0:1:0: [sdb] Attached SCSI disk
Apr 18 18:38:17 ubuntu-bionic kernel: [    2.054863] e1000 0000:00:08.0 eth1: (PCI:33MHz:32-bit) 08:00:27:a0:94:91
Apr 18 18:38:17 ubuntu-bionic kernel: [    2.055619] e1000 0000:00:08.0 eth1: Intel(R) PRO/1000 Network Connection
Apr 18 18:38:17 ubuntu-bionic kernel: [    2.057115] e1000 0000:00:08.0 enp0s8: renamed from eth1
Apr 18 18:38:17 ubuntu-bionic kernel: [    2.058945] e1000 0000:00:03.0 enp0s3: renamed from eth0
Apr 18 18:38:17 ubuntu-bionic kernel: [    3.421025] raid6: sse2x1   gen() 13862 MB/s
Apr 18 18:38:17 ubuntu-bionic kernel: [    3.484430] raid6: sse2x1   xor() 10339 MB/s
Apr 18 18:38:17 ubuntu-bionic kernel: [    3.547834] raid6: sse2x2   gen() 17626 MB/s
Apr 18 18:38:17 ubuntu-bionic kernel: [    3.611146] raid6: sse2x2   xor() 11916 MB/s
Apr 18 18:38:17 ubuntu-bionic kernel: [    3.674520] raid6: sse2x4   gen() 19966 MB/s
Apr 18 18:38:17 ubuntu-bionic kernel: [    3.727021] raid6: sse2x4   xor() 12409 MB/s
Apr 18 18:38:17 ubuntu-bionic kernel: [    3.790396] raid6: avx2x1   gen() 28359 MB/s
Apr 18 18:38:17 ubuntu-bionic kernel: [    3.853644] raid6: avx2x1   xor() 20079 MB/s
Apr 18 18:38:17 ubuntu-bionic kernel: [    3.923728] raid6: avx2x2   gen() 37424 MB/s
Apr 18 18:38:17 ubuntu-bionic kernel: [    3.987383] raid6: avx2x2   xor() 18142 MB/s
Apr 18 18:38:17 ubuntu-bionic kernel: [    4.051360] raid6: avx2x4   gen() 38571 MB/s
Apr 18 18:38:17 ubuntu-bionic kernel: [    4.115705] raid6: avx2x4   xor() 18606 MB/s
Apr 18 18:38:17 ubuntu-bionic kernel: [    4.116312] raid6: using algorithm avx2x4 gen() 38571 MB/s
Apr 18 18:38:17 ubuntu-bionic kernel: [    4.116998] raid6: .... xor() 18606 MB/s, rmw enabled
Apr 18 18:38:17 ubuntu-bionic kernel: [    4.117602] raid6: using avx2x2 recovery algorithm
Apr 18 18:38:17 ubuntu-bionic kernel: [    4.119608] xor: automatically using best checksumming function   avx       
Apr 18 18:38:17 ubuntu-bionic kernel: [    4.122003] async_tx: api initialized (async)
Apr 18 18:38:17 ubuntu-bionic kernel: [    4.164436] Btrfs loaded, crc32c=crc32c-intel
Apr 18 18:38:17 ubuntu-bionic kernel: [    4.226868] EXT4-fs (sda1): mounted filesystem with ordered data mode. Opts: (null)
Apr 18 18:38:17 ubuntu-bionic kernel: [    4.922976] ip_tables: (C) 2000-2006 Netfilter Core Team
Apr 18 18:38:17 ubuntu-bionic kernel: [    4.969033] systemd[1]: systemd 237 running in system mode. (+PAM +AUDIT +SELINUX +IMA +APPARMOR +SMACK +SYSVINIT +UTMP +LIBCRYPTSETUP +GCRYPT +GNUTLS +ACL +XZ +LZ4 +SECCOMP +BLKID +ELFUTILS +KMOD -IDN2 +IDN -PCRE2 default-hierarchy=hybrid)
Apr 18 18:38:17 ubuntu-bionic kernel: [    4.982644] systemd[1]: Detected virtualization oracle.
Apr 18 18:38:17 ubuntu-bionic kernel: [    4.985330] systemd[1]: Detected architecture x86-64.
Apr 18 18:38:17 ubuntu-bionic kernel: [    4.997310] systemd[1]: Set hostname to <ubuntu>.
Apr 18 18:38:17 ubuntu-bionic kernel: [    5.022195] systemd[1]: Initializing machine ID from random generator.
Apr 18 18:38:17 ubuntu-bionic kernel: [    5.023400] systemd[1]: Installed transient /etc/machine-id file.
Apr 18 18:38:17 ubuntu-bionic kernel: [    5.922363] systemd[1]: Set up automount Arbitrary Executable File Formats File System Automount Point.
Apr 18 18:38:17 ubuntu-bionic kernel: [    5.928601] systemd[1]: Created slice System Slice.
Apr 18 18:38:17 ubuntu-bionic kernel: [    5.931309] systemd[1]: Listening on Journal Audit Socket.
Apr 18 18:38:17 ubuntu-bionic kernel: [    5.933536] systemd[1]: Listening on udev Kernel Socket.
Apr 18 18:38:17 ubuntu-bionic kernel: [    6.063635] Loading iSCSI transport class v2.0-870.
Apr 18 18:38:17 ubuntu-bionic kernel: [    6.251865] iscsi: registered transport (tcp)
Apr 18 18:38:17 ubuntu-bionic kernel: [    6.277853] EXT4-fs (sda1): re-mounted. Opts: (null)
Apr 18 18:38:17 ubuntu-bionic kernel: [    6.350315] iscsi: registered transport (iser)
Apr 18 18:38:17 ubuntu-bionic kernel: [    6.387929] systemd-journald[387]: Received request to flush runtime journal from PID 1
Apr 18 18:38:17 ubuntu-bionic kernel: [    6.880379] random: crng init done
Apr 18 18:38:17 ubuntu-bionic kernel: [    6.880382] random: 7 urandom warning(s) missed due to ratelimiting
Apr 18 18:38:17 ubuntu-bionic kernel: [    7.379940] vgdrvHeartbeatInit: Setting up heartbeat to trigger every 2000 milliseconds
Apr 18 18:38:17 ubuntu-bionic kernel: [    7.379993] input: Unspecified device as /devices/pci0000:00/0000:00:04.0/input/input5
Apr 18 18:38:17 ubuntu-bionic kernel: [    7.380074] vboxguest: misc device minor 56, IRQ 20, I/O port d020, MMIO at 00000000f0400000 (size 0x400000)
Apr 18 18:38:17 ubuntu-bionic kernel: [    7.380119] vboxguest: Successfully loaded version 5.2.8_KernelUbuntu (interface 0x00010004)
Apr 18 18:38:17 ubuntu-bionic kernel: [    7.416324] ACPI: Video Device [GFX0] (multi-head: yes  rom: no  post: no)
Apr 18 18:38:17 ubuntu-bionic kernel: [    7.416374] input: Video Bus as /devices/LNXSYSTM:00/LNXSYBUS:00/PNP0A03:00/LNXVIDEO:00/input/input6
Apr 18 18:38:17 ubuntu-bionic kernel: [    7.607196] audit: type=1400 audit(1587235090.548:2): apparmor="STATUS" operation="profile_load" profile="unconfined" name="lxc-container-default" pid=460 comm="apparmor_parser"
Apr 18 18:38:17 ubuntu-bionic kernel: [    7.608780] audit: type=1400 audit(1587235090.548:3): apparmor="STATUS" operation="profile_load" profile="unconfined" name="lxc-container-default-cgns" pid=460 comm="apparmor_parser"
Apr 18 18:38:17 ubuntu-bionic kernel: [    7.609639] audit: type=1400 audit(1587235090.548:4): apparmor="STATUS" operation="profile_load" profile="unconfined" name="lxc-container-default-with-mounting" pid=460 comm="apparmor_parser"
Apr 18 18:38:17 ubuntu-bionic kernel: [    7.609978] audit: type=1400 audit(1587235090.548:5): apparmor="STATUS" operation="profile_load" profile="unconfined" name="lxc-container-default-with-nesting" pid=460 comm="apparmor_parser"
Apr 18 18:38:17 ubuntu-bionic kernel: [    7.841001] audit: type=1400 audit(1587235090.776:6): apparmor="STATUS" operation="profile_load" profile="unconfined" name="/sbin/dhclient" pid=484 comm="apparmor_parser"
Apr 18 18:38:17 ubuntu-bionic kernel: [    7.841383] audit: type=1400 audit(1587235090.776:7): apparmor="STATUS" operation="profile_load" profile="unconfined" name="/usr/lib/NetworkManager/nm-dhcp-client.action" pid=484 comm="apparmor_parser"
Apr 18 18:38:17 ubuntu-bionic kernel: [    7.841697] audit: type=1400 audit(1587235090.776:8): apparmor="STATUS" operation="profile_load" profile="unconfined" name="/usr/lib/NetworkManager/nm-dhcp-helper" pid=484 comm="apparmor_parser"
Apr 18 18:38:17 ubuntu-bionic kernel: [    7.841981] audit: type=1400 audit(1587235090.776:9): apparmor="STATUS" operation="profile_load" profile="unconfined" name="/usr/lib/connman/scripts/dhclient-script" pid=484 comm="apparmor_parser"
Apr 18 18:38:17 ubuntu-bionic kernel: [    7.857701] audit: type=1400 audit(1587235090.796:10): apparmor="STATUS" operation="profile_load" profile="unconfined" name="/usr/bin/lxc-start" pid=495 comm="apparmor_parser"
Apr 18 18:38:17 ubuntu-bionic kernel: [    7.914364] audit: type=1400 audit(1587235090.852:11): apparmor="STATUS" operation="profile_load" profile="unconfined" name="/usr/bin/man" pid=497 comm="apparmor_parser"
Apr 18 18:38:17 ubuntu-bionic kernel: [   11.031310] ISO 9660 Extensions: Microsoft Joliet Level 3
Apr 18 18:38:17 ubuntu-bionic kernel: [   11.036730] ISO 9660 Extensions: RRIP_1991A
Apr 18 18:38:17 ubuntu-bionic kernel: [   11.514593] IPv6: ADDRCONF(NETDEV_UP): enp0s3: link is not ready
Apr 18 18:38:17 ubuntu-bionic kernel: [   11.521823] e1000: enp0s3 NIC Link is Up 1000 Mbps Full Duplex, Flow Control: RX
Apr 18 18:38:17 ubuntu-bionic kernel: [   11.522074] IPv6: ADDRCONF(NETDEV_CHANGE): enp0s3: link becomes ready
Apr 18 18:38:17 ubuntu-bionic kernel: [   13.900900] EXT4-fs (sda1): resizing filesystem from 576000 to 2621179 blocks
Apr 18 18:38:17 ubuntu-bionic kernel: [   13.920658] EXT4-fs (sda1): resized filesystem to 2621179
Apr 18 18:38:17 ubuntu-bionic kernel: [   14.437640] new mount options do not match the existing superblock, will be ignored
Apr 18 18:38:17 ubuntu-bionic systemd-modules-load[386]: Inserted module 'iscsi_tcp'
Apr 18 18:38:17 ubuntu-bionic systemd[1]: Started Remount Root and Kernel File Systems.
Apr 18 18:38:17 ubuntu-bionic systemd[1]: Starting Flush Journal to Persistent Storage...
Apr 18 18:38:17 ubuntu-bionic systemd-modules-load[386]: Inserted module 'ib_iser'
Apr 18 18:38:17 ubuntu-bionic systemd[1]: Starting Load/Save Random Seed...
Apr 18 18:38:17 ubuntu-bionic systemd[1]: Started Load Kernel Modules.
Apr 18 18:38:17 ubuntu-bionic systemd[1]: Started Set the console keyboard layout.
Apr 18 18:38:17 ubuntu-bionic systemd[1]: Started LVM2 metadata daemon.
Apr 18 18:38:17 ubuntu-bionic systemd[1]: Mounting Kernel Configuration File System...
Apr 18 18:38:17 ubuntu-bionic systemd[1]: Mounting FUSE Control File System...
Apr 18 18:38:17 ubuntu-bionic systemd[1]: Starting Apply Kernel Variables...
Apr 18 18:38:17 ubuntu-bionic systemd[1]: Mounted Kernel Configuration File System.
Apr 18 18:38:17 ubuntu-bionic systemd[1]: Mounted FUSE Control File System.
Apr 18 18:38:17 ubuntu-bionic systemd[1]: Started Load/Save Random Seed.
Apr 18 18:38:17 ubuntu-bionic systemd[1]: Started Monitoring of LVM2 mirrors, snapshots etc. using dmeventd or progress polling.
Apr 18 18:38:17 ubuntu-bionic systemd[1]: Started Apply Kernel Variables.
Apr 18 18:38:17 ubuntu-bionic systemd[1]: Started Create Static Device Nodes in /dev.
Apr 18 18:38:17 ubuntu-bionic systemd[1]: Started Flush Journal to Persistent Storage.
Apr 18 18:38:17 ubuntu-bionic systemd[1]: Starting udev Kernel Device Manager...
Apr 18 18:38:17 ubuntu-bionic systemd[1]: Reached target Local File Systems (Pre).
Apr 18 18:38:17 ubuntu-bionic systemd[1]: Reached target Local File Systems.
Apr 18 18:38:17 ubuntu-bionic systemd[1]: Starting Create Volatile Files and Directories...
Apr 18 18:38:17 ubuntu-bionic systemd[1]: Starting AppArmor initialization...
Apr 18 18:38:17 ubuntu-bionic systemd[1]: Starting Tell Plymouth To Write Out Runtime Data...
Apr 18 18:38:17 ubuntu-bionic systemd[1]: Starting Set console font and keymap...
Apr 18 18:38:17 ubuntu-bionic systemd[1]: Starting ebtables ruleset management...
Apr 18 18:38:17 ubuntu-bionic systemd[1]: Starting Commit a transient machine-id on disk...
Apr 18 18:38:17 ubuntu-bionic systemd[1]: Started Set console font and keymap.
Apr 18 18:38:17 ubuntu-bionic systemd[1]: Started Tell Plymouth To Write Out Runtime Data.
Apr 18 18:38:17 ubuntu-bionic systemd[1]: Started Create Volatile Files and Directories.
Apr 18 18:38:17 ubuntu-bionic systemd[1]: Starting Update UTMP about System Boot/Shutdown...
Apr 18 18:38:17 ubuntu-bionic systemd[1]: Started Commit a transient machine-id on disk.
Apr 18 18:38:17 ubuntu-bionic systemd[1]: Started Update UTMP about System Boot/Shutdown.
Apr 18 18:38:17 ubuntu-bionic systemd[1]: Started udev Kernel Device Manager.
Apr 18 18:38:17 ubuntu-bionic systemd[1]: Started Dispatch Password Requests to Console Directory Watch.
Apr 18 18:38:17 ubuntu-bionic systemd[1]: Reached target Local Encrypted Volumes.
Apr 18 18:38:17 ubuntu-bionic apparmor[418]:  * Starting AppArmor profiles
Apr 18 18:38:17 ubuntu-bionic systemd[1]: Started ebtables ruleset management.
Apr 18 18:38:17 ubuntu-bionic systemd-udevd[440]: link_config: autonegotiation is unset or enabled, the speed and duplex are not writable.
Apr 18 18:38:17 ubuntu-bionic systemd-udevd[439]: link_config: autonegotiation is unset or enabled, the speed and duplex are not writable.
Apr 18 18:38:17 ubuntu-bionic systemd[1]: Found device /dev/ttyS0.
Apr 18 18:38:17 ubuntu-bionic systemd-udevd[438]: link_config: autonegotiation is unset or enabled, the speed and duplex are not writable.
Apr 18 18:38:17 ubuntu-bionic systemd[1]: Listening on Load/Save RF Kill Switch Status /dev/rfkill Watch.
Apr 18 18:38:17 ubuntu-bionic apparmor[418]: Skipping profile in /etc/apparmor.d/disable: usr.sbin.rsyslogd
Apr 18 18:38:17 ubuntu-bionic apparmor[418]:    ...done.
Apr 18 18:38:17 ubuntu-bionic systemd[1]: Started AppArmor initialization.
Apr 18 18:38:17 ubuntu-bionic systemd[1]: Starting Initial cloud-init job (pre-networking)...
Apr 18 18:38:17 ubuntu-bionic cloud-init[537]: Cloud-init v. 19.4-33-gbb4131a2-0ubuntu1~18.04.1 running 'init-local' at Sat, 18 Apr 2020 18:38:13 +0000. Up 10.87 seconds.
Apr 18 18:38:17 ubuntu-bionic systemd[1]: Started Initial cloud-init job (pre-networking).
Apr 18 18:38:17 ubuntu-bionic systemd[1]: Reached target Network (Pre).
Apr 18 18:38:17 ubuntu-bionic systemd[1]: Starting Network Service...
Apr 18 18:38:17 ubuntu-bionic systemd-networkd[607]: Enumeration completed
Apr 18 18:38:17 ubuntu-bionic systemd[1]: Started Network Service.
Apr 18 18:38:17 ubuntu-bionic systemd[1]: Starting Network Name Resolution...
Apr 18 18:38:17 ubuntu-bionic systemd[1]: Starting Wait for Network to be Configured...
Apr 18 18:38:17 ubuntu-bionic systemd-networkd[607]: enp0s3: IPv6 successfully enabled
Apr 18 18:38:17 ubuntu-bionic systemd-networkd[607]: lo: Link is not managed by us
Apr 18 18:38:17 ubuntu-bionic systemd-networkd[607]: enp0s8: Link is not managed by us
Apr 18 18:38:17 ubuntu-bionic systemd-networkd[607]: enp0s3: Link UP
Apr 18 18:38:17 ubuntu-bionic systemd-networkd[607]: enp0s3: Gained carrier
Apr 18 18:38:17 ubuntu-bionic systemd-networkd[607]: enp0s3: DHCPv4 address 10.0.2.15/24 via 10.0.2.2
Apr 18 18:38:17 ubuntu-bionic systemd-resolved[629]: Positive Trust Anchors:
Apr 18 18:38:17 ubuntu-bionic systemd-resolved[629]: . IN DS 19036 8 2 49aac11d7b6f6446702e54a1607371607a1a41855200fd2ce1cdde32f24e8fb5
Apr 18 18:38:17 ubuntu-bionic systemd-resolved[629]: . IN DS 20326 8 2 e06d44b80b8f1d39a95c0b0d7c65d08458e880409bbc683457104237c7f8ec8d
Apr 18 18:38:17 ubuntu-bionic systemd-resolved[629]: Negative trust anchors: 10.in-addr.arpa 16.172.in-addr.arpa 17.172.in-addr.arpa 18.172.in-addr.arpa 19.172.in-addr.arpa 20.172.in-addr.arpa 21.172.in-addr.arpa 22.172.in-addr.arpa 23.172.in-addr.arpa 24.172.in-addr.arpa 25.172.in-addr.arpa 26.172.in-addr.arpa 27.172.in-addr.arpa 28.172.in-addr.arpa 29.172.in-addr.arpa 30.172.in-addr.arpa 31.172.in-addr.arpa 168.192.in-addr.arpa d.f.ip6.arpa corp home internal intranet lan local private test
Apr 18 18:38:17 ubuntu-bionic systemd-resolved[629]: Using system hostname 'ubuntu-bionic'.
Apr 18 18:38:17 ubuntu-bionic systemd[1]: Started Network Name Resolution.
Apr 18 18:38:17 ubuntu-bionic systemd[1]: Reached target Network.
Apr 18 18:38:17 ubuntu-bionic systemd[1]: Reached target Host and Network Name Lookups.
Apr 18 18:38:17 ubuntu-bionic systemd-networkd[607]: enp0s3: Gained IPv6LL
Apr 18 18:38:17 ubuntu-bionic systemd-networkd[607]: enp0s3: Configured
Apr 18 18:38:17 ubuntu-bionic systemd-networkd-wait-online[630]: managing: enp0s3
Apr 18 18:38:17 ubuntu-bionic systemd-networkd-wait-online[630]: ignoring: lo
Apr 18 18:38:17 ubuntu-bionic systemd[1]: Started Wait for Network to be Configured.
Apr 18 18:38:17 ubuntu-bionic systemd[1]: Starting Initial cloud-init job (metadata service crawler)...
Apr 18 18:38:17 ubuntu-bionic cloud-init[656]: Cloud-init v. 19.4-33-gbb4131a2-0ubuntu1~18.04.1 running 'init' at Sat, 18 Apr 2020 18:38:16 +0000. Up 13.50 seconds.
Apr 18 18:38:17 ubuntu-bionic cloud-init[656]: ci-info: +++++++++++++++++++++++++++++++++++++Net device info++++++++++++++++++++++++++++++++++++++
Apr 18 18:38:17 ubuntu-bionic cloud-init[656]: ci-info: +--------+-------+--------------------------+---------------+--------+-------------------+
Apr 18 18:38:17 ubuntu-bionic cloud-init[656]: ci-info: | Device |   Up  |         Address          |      Mask     | Scope  |     Hw-Address    |
Apr 18 18:38:17 ubuntu-bionic cloud-init[656]: ci-info: +--------+-------+--------------------------+---------------+--------+-------------------+
Apr 18 18:38:17 ubuntu-bionic cloud-init[656]: ci-info: | enp0s3 |  True |        10.0.2.15         | 255.255.255.0 | global | 02:43:0e:00:05:fc |
Apr 18 18:38:17 ubuntu-bionic cloud-init[656]: ci-info: | enp0s3 |  True | fe80::43:eff:fe00:5fc/64 |       .       |  link  | 02:43:0e:00:05:fc |
Apr 18 18:38:17 ubuntu-bionic cloud-init[656]: ci-info: | enp0s8 | False |            .             |       .       |   .    | 08:00:27:a0:94:91 |
Apr 18 18:38:17 ubuntu-bionic cloud-init[656]: ci-info: |   lo   |  True |        127.0.0.1         |   255.0.0.0   |  host  |         .         |
Apr 18 18:38:17 ubuntu-bionic cloud-init[656]: ci-info: |   lo   |  True |         ::1/128          |       .       |  host  |         .         |
Apr 18 18:38:17 ubuntu-bionic cloud-init[656]: ci-info: +--------+-------+--------------------------+---------------+--------+-------------------+
Apr 18 18:38:17 ubuntu-bionic cloud-init[656]: ci-info: ++++++++++++++++++++++++++++Route IPv4 info+++++++++++++++++++++++++++++
Apr 18 18:38:17 ubuntu-bionic cloud-init[656]: ci-info: +-------+-------------+----------+-----------------+-----------+-------+
Apr 18 18:38:17 ubuntu-bionic cloud-init[656]: ci-info: | Route | Destination | Gateway  |     Genmask     | Interface | Flags |
Apr 18 18:38:17 ubuntu-bionic cloud-init[656]: ci-info: +-------+-------------+----------+-----------------+-----------+-------+
Apr 18 18:38:17 ubuntu-bionic cloud-init[656]: ci-info: |   0   |   0.0.0.0   | 10.0.2.2 |     0.0.0.0     |   enp0s3  |   UG  |
Apr 18 18:38:17 ubuntu-bionic cloud-init[656]: ci-info: |   1   |   10.0.2.0  | 0.0.0.0  |  255.255.255.0  |   enp0s3  |   U   |
Apr 18 18:38:17 ubuntu-bionic cloud-init[656]: ci-info: |   2   |   10.0.2.2  | 0.0.0.0  | 255.255.255.255 |   enp0s3  |   UH  |
Apr 18 18:38:17 ubuntu-bionic cloud-init[656]: ci-info: +-------+-------------+----------+-----------------+-----------+-------+
Apr 18 18:38:17 ubuntu-bionic cloud-init[656]: ci-info: +++++++++++++++++++Route IPv6 info+++++++++++++++++++
Apr 18 18:38:17 ubuntu-bionic cloud-init[656]: ci-info: +-------+-------------+---------+-----------+-------+
Apr 18 18:38:17 ubuntu-bionic cloud-init[656]: ci-info: | Route | Destination | Gateway | Interface | Flags |
Apr 18 18:38:17 ubuntu-bionic cloud-init[656]: ci-info: +-------+-------------+---------+-----------+-------+
Apr 18 18:38:17 ubuntu-bionic cloud-init[656]: ci-info: |   1   |  fe80::/64  |    ::   |   enp0s3  |   U   |
Apr 18 18:38:17 ubuntu-bionic cloud-init[656]: ci-info: |   3   |    local    |    ::   |   enp0s3  |   U   |
Apr 18 18:38:17 ubuntu-bionic cloud-init[656]: ci-info: |   4   |   ff00::/8  |    ::   |   enp0s3  |   U   |
Apr 18 18:38:17 ubuntu-bionic cloud-init[656]: ci-info: +-------+-------------+---------+-----------+-------+
Apr 18 18:38:17 ubuntu-bionic cloud-init[656]: Generating public/private rsa key pair.
Apr 18 18:38:17 ubuntu-bionic cloud-init[656]: Your identification has been saved in /etc/ssh/ssh_host_rsa_key.
Apr 18 18:38:17 ubuntu-bionic cloud-init[656]: Your public key has been saved in /etc/ssh/ssh_host_rsa_key.pub.
Apr 18 18:38:17 ubuntu-bionic cloud-init[656]: The key fingerprint is:
Apr 18 18:38:17 ubuntu-bionic cloud-init[656]: SHA256:HCJWG7keJ2SFzEw5GHPJJWhNTZMZLJJWZbFd+99W4qA root@ubuntu-bionic
Apr 18 18:38:17 ubuntu-bionic cloud-init[656]: The key's randomart image is:
Apr 18 18:38:17 ubuntu-bionic cloud-init[656]: +---[RSA 2048]----+
Apr 18 18:38:17 ubuntu-bionic cloud-init[656]: |    o#O%X=  .    |
Apr 18 18:38:17 ubuntu-bionic cloud-init[656]: |    B+/==+ . .   |
Apr 18 18:38:17 ubuntu-bionic cloud-init[656]: |   oo+o+o . .    |
Apr 18 18:38:17 ubuntu-bionic cloud-init[656]: |   . .+o..   .   |
Apr 18 18:38:17 ubuntu-bionic cloud-init[656]: |     . +S   . o .|
Apr 18 18:38:17 ubuntu-bionic cloud-init[656]: |      .    . o oo|
Apr 18 18:38:17 ubuntu-bionic cloud-init[656]: |          E   . +|
Apr 18 18:38:17 ubuntu-bionic cloud-init[656]: |               . |
Apr 18 18:38:17 ubuntu-bionic cloud-init[656]: |                 |
Apr 18 18:38:17 ubuntu-bionic cloud-init[656]: +----[SHA256]-----+
Apr 18 18:38:17 ubuntu-bionic cloud-init[656]: Generating public/private dsa key pair.
Apr 18 18:38:17 ubuntu-bionic cloud-init[656]: Your identification has been saved in /etc/ssh/ssh_host_dsa_key.
Apr 18 18:38:17 ubuntu-bionic cloud-init[656]: Your public key has been saved in /etc/ssh/ssh_host_dsa_key.pub.
Apr 18 18:38:17 ubuntu-bionic cloud-init[656]: The key fingerprint is:
Apr 18 18:38:17 ubuntu-bionic cloud-init[656]: SHA256:6BJAMh83tEc8QjSV6tbqL3S8d33mDW7Jw6Od6QHziVg root@ubuntu-bionic
Apr 18 18:38:17 ubuntu-bionic cloud-init[656]: The key's randomart image is:
Apr 18 18:38:17 ubuntu-bionic cloud-init[656]: +---[DSA 1024]----+
Apr 18 18:38:17 ubuntu-bionic cloud-init[656]: |o o+Boo.         |
Apr 18 18:38:17 ubuntu-bionic cloud-init[656]: | = o.=+          |
Apr 18 18:38:17 ubuntu-bionic cloud-init[656]: |  o .o..         |
Apr 18 18:38:17 ubuntu-bionic cloud-init[656]: |   ... .         |
Apr 18 18:38:17 ubuntu-bionic cloud-init[656]: |   ..o. S   E    |
Apr 18 18:38:17 ubuntu-bionic cloud-init[656]: |    +o+    o = . |
Apr 18 18:38:17 ubuntu-bionic cloud-init[656]: |   o.o..  ...o=. |
Apr 18 18:38:17 ubuntu-bionic cloud-init[656]: |    o.. . . .oX* |
Apr 18 18:38:17 ubuntu-bionic cloud-init[656]: |   ..o.. .  .BBo.|
Apr 18 18:38:17 ubuntu-bionic cloud-init[656]: +----[SHA256]-----+
Apr 18 18:38:17 ubuntu-bionic cloud-init[656]: Generating public/private ecdsa key pair.
Apr 18 18:38:17 ubuntu-bionic cloud-init[656]: Your identification has been saved in /etc/ssh/ssh_host_ecdsa_key.
Apr 18 18:38:17 ubuntu-bionic cloud-init[656]: Your public key has been saved in /etc/ssh/ssh_host_ecdsa_key.pub.
Apr 18 18:38:17 ubuntu-bionic cloud-init[656]: The key fingerprint is:
Apr 18 18:38:17 ubuntu-bionic cloud-init[656]: SHA256:G1tnBjgfjFELwB2J/p5672SNc22kk8+NgRgNvS85Fwg root@ubuntu-bionic
Apr 18 18:38:17 ubuntu-bionic cloud-init[656]: The key's randomart image is:
Apr 18 18:38:17 ubuntu-bionic cloud-init[656]: +---[ECDSA 256]---+
Apr 18 18:38:17 ubuntu-bionic cloud-init[656]: |     ..+++.      |
Apr 18 18:38:17 ubuntu-bionic cloud-init[656]: |      o o* o     |
Apr 18 18:38:17 ubuntu-bionic cloud-init[656]: |     .  + E .    |
Apr 18 18:38:17 ubuntu-bionic cloud-init[656]: |      .  o * o   |
Apr 18 18:38:17 ubuntu-bionic cloud-init[656]: |       .S + B o  |
Apr 18 18:38:17 ubuntu-bionic cloud-init[656]: |        .= O O . |
Apr 18 18:38:17 ubuntu-bionic cloud-init[656]: |       .o.* @ *  |
Apr 18 18:38:17 ubuntu-bionic cloud-init[656]: |        +o o O + |
Apr 18 18:38:17 ubuntu-bionic cloud-init[656]: |      .o oo   + .|
Apr 18 18:38:17 ubuntu-bionic cloud-init[656]: +----[SHA256]-----+
Apr 18 18:38:17 ubuntu-bionic cloud-init[656]: Generating public/private ed25519 key pair.
Apr 18 18:38:17 ubuntu-bionic cloud-init[656]: Your identification has been saved in /etc/ssh/ssh_host_ed25519_key.
Apr 18 18:38:17 ubuntu-bionic cloud-init[656]: Your public key has been saved in /etc/ssh/ssh_host_ed25519_key.pub.
Apr 18 18:38:17 ubuntu-bionic cloud-init[656]: The key fingerprint is:
Apr 18 18:38:17 ubuntu-bionic cloud-init[656]: SHA256:UHbvlla+V7oi9cow6yEEZ11mvuv3B7TycNZga1nnM0U root@ubuntu-bionic
Apr 18 18:38:17 ubuntu-bionic cloud-init[656]: The key's randomart image is:
Apr 18 18:38:17 ubuntu-bionic cloud-init[656]: +--[ED25519 256]--+
Apr 18 18:38:17 ubuntu-bionic cloud-init[656]: |        o . +    |
Apr 18 18:38:17 ubuntu-bionic cloud-init[656]: |       o o *    E|
Apr 18 18:38:17 ubuntu-bionic cloud-init[656]: |      o o . o .. |
Apr 18 18:38:17 ubuntu-bionic cloud-init[656]: |       =   . =+ +|
Apr 18 18:38:17 ubuntu-bionic cloud-init[656]: |        S   *o.O+|
Apr 18 18:38:17 ubuntu-bionic cloud-init[656]: |       .   o+.O=+|
Apr 18 18:38:17 ubuntu-bionic cloud-init[656]: |        . +..Oo.+|
Apr 18 18:38:17 ubuntu-bionic cloud-init[656]: |         ..B. +o.|
Apr 18 18:38:17 ubuntu-bionic cloud-init[656]: |         .o.++..o|
Apr 18 18:38:17 ubuntu-bionic cloud-init[656]: +----[SHA256]-----+
Apr 18 18:38:17 ubuntu-bionic systemd[1]: Started Initial cloud-init job (metadata service crawler).
Apr 18 18:38:17 ubuntu-bionic systemd[1]: Reached target Cloud-config availability.
Apr 18 18:38:17 ubuntu-bionic systemd[1]: Reached target Network is Online.
Apr 18 18:38:17 ubuntu-bionic systemd[1]: Starting Availability of block devices...
Apr 18 18:38:17 ubuntu-bionic systemd[1]: Reached target Remote File Systems (Pre).
Apr 18 18:38:17 ubuntu-bionic systemd[1]: Reached target Remote File Systems.
Apr 18 18:38:17 ubuntu-bionic systemd[1]: Reached target System Initialization.
Apr 18 18:38:17 ubuntu-bionic systemd[1]: Started Daily Cleanup of Temporary Directories.
Apr 18 18:38:17 ubuntu-bionic systemd[1]: Started Daily apt download activities.
Apr 18 18:38:17 ubuntu-bionic lxcfs[779]: mount namespace: 5
Apr 18 18:38:17 ubuntu-bionic lxcfs[779]: hierarchies:
Apr 18 18:38:17 ubuntu-bionic lxcfs[779]:   0: fd:   6: devices
Apr 18 18:38:17 ubuntu-bionic lxcfs[779]:   1: fd:   7: rdma
Apr 18 18:38:17 ubuntu-bionic lxcfs[779]:   2: fd:   8: memory
Apr 18 18:38:17 ubuntu-bionic lxcfs[779]:   3: fd:   9: blkio
Apr 18 18:38:17 ubuntu-bionic lxcfs[779]:   4: fd:  10: freezer
Apr 18 18:38:17 ubuntu-bionic lxcfs[779]:   5: fd:  11: cpuset
Apr 18 18:38:17 ubuntu-bionic lxcfs[779]:   6: fd:  12: perf_event
Apr 18 18:38:17 ubuntu-bionic lxcfs[779]:   7: fd:  13: net_cls,net_prio
Apr 18 18:38:17 ubuntu-bionic lxcfs[779]:   8: fd:  14: hugetlb
Apr 18 18:38:17 ubuntu-bionic lxcfs[779]:   9: fd:  15: cpu,cpuacct
Apr 18 18:38:17 ubuntu-bionic lxcfs[779]:  10: fd:  16: pids
Apr 18 18:38:17 ubuntu-bionic lxcfs[779]:  11: fd:  17: name=systemd
Apr 18 18:38:17 ubuntu-bionic lxcfs[779]:  12: fd:  18: unified
Apr 18 18:38:17 ubuntu-bionic systemd[1]: Started ACPI Events Check.
Apr 18 18:38:17 ubuntu-bionic systemd[1]: Started Daily apt upgrade and clean activities.
Apr 18 18:38:17 ubuntu-bionic systemd[1]: Started Message of the Day.
Apr 18 18:38:17 ubuntu-bionic systemd[1]: Starting Socket activation for snappy daemon.
Apr 18 18:38:17 ubuntu-bionic systemd[1]: Started Discard unused blocks once a week.
Apr 18 18:38:17 ubuntu-bionic systemd[1]: Reached target Timers.
Apr 18 18:38:17 ubuntu-bionic systemd[1]: Listening on Open-iSCSI iscsid Socket.
Apr 18 18:38:17 ubuntu-bionic systemd[1]: Listening on ACPID Listen Socket.
Apr 18 18:38:17 ubuntu-bionic systemd[1]: Listening on D-Bus System Message Bus Socket.
Apr 18 18:38:17 ubuntu-bionic systemd[1]: Listening on UUID daemon activation socket.
Apr 18 18:38:17 ubuntu-bionic systemd[1]: Starting LXD - unix socket.
Apr 18 18:38:17 ubuntu-bionic systemd[1]: Reached target Paths.
Apr 18 18:38:17 ubuntu-bionic systemd[1]: Started Availability of block devices.
Apr 18 18:38:17 ubuntu-bionic systemd[1]: Listening on Socket activation for snappy daemon.
Apr 18 18:38:17 ubuntu-bionic systemd[1]: Listening on LXD - unix socket.
Apr 18 18:38:17 ubuntu-bionic systemd[1]: Reached target Sockets.
Apr 18 18:38:17 ubuntu-bionic systemd[1]: Reached target Basic System.
Apr 18 18:38:17 ubuntu-bionic systemd[1]: Started Deferred execution scheduler.
Apr 18 18:38:17 ubuntu-bionic systemd[1]: Starting Snappy daemon...
Apr 18 18:38:17 ubuntu-bionic systemd[1]: Started FUSE filesystem for LXC.
Apr 18 18:38:17 ubuntu-bionic systemd[1]: Starting LSB: Record successful boot for GRUB...
Apr 18 18:38:17 ubuntu-bionic systemd[1]: Starting Login Service...
Apr 18 18:38:17 ubuntu-bionic systemd[1]: Starting Virtualbox guest utils...
Apr 18 18:38:17 ubuntu-bionic systemd[1]: Started irqbalance daemon.
Apr 18 18:38:17 ubuntu-bionic systemd[1]: Starting Permit User Sessions...
Apr 18 18:38:17 ubuntu-bionic snapd[778]: AppArmor status: apparmor is enabled and all features are available
Apr 18 18:38:17 ubuntu-bionic systemd[1]: Started Regular background program processing daemon.
Apr 18 18:38:17 ubuntu-bionic systemd[1]: Starting System Logging Service...
Apr 18 18:38:17 ubuntu-bionic /usr/sbin/irqbalance: Balancing is ineffective on systems with a single cpu.  Shutting down
Apr 18 18:38:17 ubuntu-bionic cron[821]: (CRON) INFO (pidfile fd = 3)
Apr 18 18:38:17 ubuntu-bionic cron[821]: (CRON) INFO (Running @reboot jobs)
Apr 18 18:38:17 ubuntu-bionic systemd[1]: Starting Pollinate to seed the pseudo random number generator...
Apr 18 18:38:17 ubuntu-bionic systemd[1]: Started D-Bus System Message Bus.
Apr 18 18:38:17 ubuntu-bionic rsyslogd: imuxsock: Acquired UNIX socket '/run/systemd/journal/syslog' (fd 3) from systemd.  [v8.32.0]
Apr 18 18:38:17 ubuntu-bionic rsyslogd: rsyslogd's groupid changed to 106
Apr 18 18:38:17 ubuntu-bionic rsyslogd: rsyslogd's userid changed to 102
Apr 18 18:38:17 ubuntu-bionic rsyslogd:  [origin software="rsyslogd" swVersion="8.32.0" x-pid="822" x-info="http://www.rsyslog.com"] start
Apr 18 18:38:17 ubuntu-bionic dbus-daemon[826]: [system] AppArmor D-Bus mediation is enabled
Apr 18 18:38:17 ubuntu-bionic dbus-daemon[826]: [system] Successfully activated service 'org.freedesktop.systemd1'
Apr 18 18:38:17 ubuntu-bionic systemd[1]: Started Login Service.
Apr 18 18:38:17 ubuntu-bionic systemd[1]: Started Unattended Upgrades Shutdown.
Apr 18 18:38:17 ubuntu-bionic systemd[1]: Starting Dispatcher daemon for systemd-networkd...
Apr 18 18:38:17 ubuntu-bionic systemd[1]: Starting Accounts Service...
Apr 18 18:38:17 ubuntu-bionic systemd[1]: Starting LSB: automatic crash report generation...
Apr 18 18:38:17 ubuntu-bionic systemd[1]: Starting LXD - container startup/shutdown...
Apr 18 18:38:17 ubuntu-bionic systemd[1]: Started System Logging Service.
Apr 18 18:38:17 ubuntu-bionic systemd[1]: Started Permit User Sessions.
Apr 18 18:38:17 ubuntu-bionic systemd[1]: Starting Terminate Plymouth Boot Screen...
Apr 18 18:38:17 ubuntu-bionic systemd[1]: Starting Hold until boot process finishes up...
Apr 18 18:38:17 ubuntu-bionic systemd[1]: Started Hold until boot process finishes up.
Apr 18 18:38:17 ubuntu-bionic systemd[1]: Started Serial Getty on ttyS0.
Apr 18 18:38:17 ubuntu-bionic systemd[1]: Starting Set console scheme...
Apr 18 18:38:17 ubuntu-bionic grub-common[780]:  * Recording successful boot for GRUB
Apr 18 18:38:17 ubuntu-bionic systemd[1]: Started Terminate Plymouth Boot Screen.
Apr 18 18:38:17 ubuntu-bionic kernel: [   14.939298] vboxsf: Successfully loaded version 5.2.8_KernelUbuntu (interface 0x00010004)
Apr 18 18:38:17 ubuntu-bionic apport[868]:  * Starting automatic crash report generation: apport
Apr 18 18:38:17 ubuntu-bionic systemd[1]: Started Set console scheme.
Apr 18 18:38:17 ubuntu-bionic dbus-daemon[826]: [system] Activating via systemd: service name='org.freedesktop.PolicyKit1' unit='polkit.service' requested by ':1.4' (uid=0 pid=867 comm="/usr/lib/accountsservice/accounts-daemon " label="unconfined")
Apr 18 18:38:17 ubuntu-bionic virtualbox-guest-utils[783]:  * Starting VirtualBox Additions
Apr 18 18:38:17 ubuntu-bionic systemd[1]: Created slice system-getty.slice.
Apr 18 18:38:17 ubuntu-bionic systemd[1]: Started Getty on tty1.
Apr 18 18:38:17 ubuntu-bionic systemd[1]: Reached target Login Prompts.
Apr 18 18:38:17 ubuntu-bionic systemd[1]: Starting Authorization Manager...
Apr 18 18:38:17 ubuntu-bionic virtualbox-guest-utils[783]: /etc/init.d/virtualbox-guest-utils: 82: /etc/init.d/virtualbox-guest-utils: /usr/bin/VBoxClient: not found
Apr 18 18:38:17 ubuntu-bionic systemd[1]: Started LXD - container startup/shutdown.
Apr 18 18:38:17 ubuntu-bionic apport[868]:    ...done.
Apr 18 18:38:17 ubuntu-bionic systemd[1]: Started LSB: automatic crash report generation.
Apr 18 18:38:17 ubuntu-bionic virtualbox-guest-utils[783]: VBoxService 5.2.34_Ubuntu r133883 (verbosity: 0) linux.amd64 (Oct 23 2019 13:26:08) release log
Apr 18 18:38:17 ubuntu-bionic virtualbox-guest-utils[783]: 00:00:00.000053 main     Log opened 2020-04-18T18:38:17.963937000Z
Apr 18 18:38:17 ubuntu-bionic virtualbox-guest-utils[783]: 00:00:00.000289 main     OS Product: Linux
Apr 18 18:38:17 ubuntu-bionic virtualbox-guest-utils[783]: 00:00:00.000389 main     OS Release: 4.15.0-96-generic
Apr 18 18:38:17 ubuntu-bionic kernel: [   15.016376] VBoxService 5.2.34_Ubuntu r133883 (verbosity: 0) linux.amd64 (Oct 23 2019 13:26:08) release log
Apr 18 18:38:17 ubuntu-bionic kernel: [   15.016376] 00:00:00.000053 main     Log opened 2020-04-18T18:38:17.963937000Z
Apr 18 18:38:17 ubuntu-bionic kernel: [   15.016591] 00:00:00.000289 main     OS Product: Linux
Apr 18 18:38:17 ubuntu-bionic kernel: [   15.016687] 00:00:00.000389 main     OS Release: 4.15.0-96-generic
Apr 18 18:38:17 ubuntu-bionic kernel: [   15.016775] 00:00:00.000475 main     OS Version: #97-Ubuntu SMP Wed Apr 1 03:25:46 UTC 2020
Apr 18 18:38:17 ubuntu-bionic kernel: [   15.016802] 00:00:00.000505 main     Executable: /usr/sbin/VBoxService
Apr 18 18:38:17 ubuntu-bionic kernel: [   15.016802] 00:00:00.000506 main     Process ID: 937
Apr 18 18:38:17 ubuntu-bionic kernel: [   15.016802] 00:00:00.000506 main     Package type: LINUX_64BITS_GENERIC (OSE)
Apr 18 18:38:17 ubuntu-bionic kernel: [   15.017289] 00:00:00.000989 main     5.2.34_Ubuntu r133883 started. Verbose level = 0
Apr 18 18:38:17 ubuntu-bionic virtualbox-guest-utils[783]: 00:00:00.000475 main     OS Version: #97-Ubuntu SMP Wed Apr 1 03:25:46 UTC 2020
Apr 18 18:38:17 ubuntu-bionic virtualbox-guest-utils[783]: 00:00:00.000505 main     Executable: /usr/sbin/VBoxService
Apr 18 18:38:17 ubuntu-bionic virtualbox-guest-utils[783]: 00:00:00.000506 main     Process ID: 937
Apr 18 18:38:17 ubuntu-bionic virtualbox-guest-utils[783]: 00:00:00.000506 main     Package type: LINUX_64BITS_GENERIC (OSE)
Apr 18 18:38:17 ubuntu-bionic virtualbox-guest-utils[783]: 00:00:00.000989 main     5.2.34_Ubuntu r133883 started. Verbose level = 0
Apr 18 18:38:17 ubuntu-bionic polkitd[923]: started daemon version 0.105 using authority implementation `local' version `0.105'
Apr 18 18:38:17 ubuntu-bionic systemd[1]: Started Virtualbox guest utils.
Apr 18 18:38:17 ubuntu-bionic grub-common[780]:    ...done.
Apr 18 18:38:17 ubuntu-bionic virtualbox-guest-utils[783]:    ...done.
Apr 18 18:38:17 ubuntu-bionic dbus-daemon[826]: [system] Successfully activated service 'org.freedesktop.PolicyKit1'
Apr 18 18:38:17 ubuntu-bionic systemd[1]: Started Authorization Manager.
Apr 18 18:38:17 ubuntu-bionic accounts-daemon[867]: started daemon version 0.6.45
Apr 18 18:38:17 ubuntu-bionic systemd[1]: Started Accounts Service.
Apr 18 18:38:17 ubuntu-bionic systemd[1]: Started LSB: Record successful boot for GRUB.
Apr 18 18:38:17 ubuntu-bionic pollinate[825]: client sent challenge to [https://entropy.ubuntu.com/]
Apr 18 18:38:18 ubuntu-bionic snapd[778]: daemon.go:346: started snapd/2.42.1+18.04 (series 16; classic) ubuntu/18.04 (amd64) linux/4.15.0-96-generic.
Apr 18 18:38:18 ubuntu-bionic snapd[778]: daemon.go:439: adjusting startup timeout by 30s (pessimistic estimate of 30s plus 5s per snap)
Apr 18 18:38:18 ubuntu-bionic snapd[778]: helpers.go:104: error trying to compare the snap system key: system-key missing on disk
Apr 18 18:38:18 ubuntu-bionic systemd[1]: Started Snappy daemon.
Apr 18 18:38:18 ubuntu-bionic systemd[1]: Starting Wait until snapd is fully seeded...
Apr 18 18:38:18 ubuntu-bionic networkd-dispatcher[866]: No valid path found for iwconfig
Apr 18 18:38:18 ubuntu-bionic networkd-dispatcher[866]: No valid path found for iw
Apr 18 18:38:18 ubuntu-bionic systemd[1]: Started Dispatcher daemon for systemd-networkd.
Apr 18 18:38:19 ubuntu-bionic pollinate[825]: client verified challenge/response with [https://entropy.ubuntu.com/]
Apr 18 18:38:19 ubuntu-bionic pollinate[825]: client hashed response from [https://entropy.ubuntu.com/]
Apr 18 18:38:19 ubuntu-bionic pollinate[825]: client successfully seeded [/dev/urandom]
Apr 18 18:38:19 ubuntu-bionic systemd[1]: Started Pollinate to seed the pseudo random number generator.
Apr 18 18:38:19 ubuntu-bionic systemd[1]: Starting OpenBSD Secure Shell server...
Apr 18 18:38:19 ubuntu-bionic systemd[1]: Started OpenBSD Secure Shell server.
Apr 18 18:38:19 ubuntu-bionic systemd[1]: Created slice User Slice of vagrant.
Apr 18 18:38:19 ubuntu-bionic systemd[1]: Starting User Manager for UID 1000...
Apr 18 18:38:19 ubuntu-bionic systemd[1]: Started Session 1 of user vagrant.
Apr 18 18:38:19 ubuntu-bionic systemd[1086]: Listening on GnuPG cryptographic agent and passphrase cache (restricted).
Apr 18 18:38:19 ubuntu-bionic systemd[1086]: Listening on REST API socket for snapd user session agent.
Apr 18 18:38:19 ubuntu-bionic systemd[1086]: Listening on GnuPG cryptographic agent and passphrase cache (access for web browsers).
Apr 18 18:38:19 ubuntu-bionic systemd[1086]: Listening on GnuPG network certificate management daemon.
Apr 18 18:38:19 ubuntu-bionic systemd[1086]: Reached target Timers.
Apr 18 18:38:19 ubuntu-bionic systemd[1086]: Listening on GnuPG cryptographic agent (ssh-agent emulation).
Apr 18 18:38:19 ubuntu-bionic systemd[1086]: Listening on GnuPG cryptographic agent and passphrase cache.
Apr 18 18:38:19 ubuntu-bionic systemd[1086]: Reached target Sockets.
Apr 18 18:38:19 ubuntu-bionic systemd[1086]: Reached target Paths.
Apr 18 18:38:19 ubuntu-bionic systemd[1086]: Reached target Basic System.
Apr 18 18:38:19 ubuntu-bionic systemd[1]: Started User Manager for UID 1000.
Apr 18 18:38:19 ubuntu-bionic systemd[1086]: Reached target Default.
Apr 18 18:38:19 ubuntu-bionic systemd[1086]: Startup finished in 50ms.
Apr 18 18:38:21 ubuntu-bionic systemd[1]: Started Wait until snapd is fully seeded.
Apr 18 18:38:21 ubuntu-bionic systemd[1]: Starting Apply the settings specified in cloud-config...
Apr 18 18:38:21 ubuntu-bionic systemd[1]: Reached target Multi-User System.
Apr 18 18:38:21 ubuntu-bionic systemd[1]: Reached target Graphical Interface.
Apr 18 18:38:21 ubuntu-bionic systemd[1]: Starting Update UTMP about System Runlevel Changes...
Apr 18 18:38:21 ubuntu-bionic systemd[1]: Started Update UTMP about System Runlevel Changes.
Apr 18 18:38:22 ubuntu-bionic systemd[1]: Stopping User Manager for UID 1000...
Apr 18 18:38:22 ubuntu-bionic systemd[1086]: Stopped target Default.
Apr 18 18:38:22 ubuntu-bionic systemd[1086]: Stopped target Basic System.
Apr 18 18:38:22 ubuntu-bionic systemd[1086]: Stopped target Timers.
Apr 18 18:38:22 ubuntu-bionic systemd[1086]: Stopped target Paths.
Apr 18 18:38:22 ubuntu-bionic systemd[1086]: Stopped target Sockets.
Apr 18 18:38:22 ubuntu-bionic systemd[1086]: Closed GnuPG cryptographic agent (ssh-agent emulation).
Apr 18 18:38:22 ubuntu-bionic systemd[1086]: Closed GnuPG cryptographic agent and passphrase cache.
Apr 18 18:38:22 ubuntu-bionic systemd[1086]: Closed GnuPG network certificate management daemon.
Apr 18 18:38:22 ubuntu-bionic systemd[1086]: Closed GnuPG cryptographic agent and passphrase cache (restricted).
Apr 18 18:38:22 ubuntu-bionic systemd[1086]: Closed REST API socket for snapd user session agent.
Apr 18 18:38:22 ubuntu-bionic systemd[1086]: Closed GnuPG cryptographic agent and passphrase cache (access for web browsers).
Apr 18 18:38:22 ubuntu-bionic systemd[1086]: Reached target Shutdown.
Apr 18 18:38:22 ubuntu-bionic systemd[1086]: Starting Exit the Session...
Apr 18 18:38:22 ubuntu-bionic systemd[1086]: Received SIGRTMIN+24 from PID 1343 (kill).
Apr 18 18:38:22 ubuntu-bionic systemd[1]: Stopped User Manager for UID 1000.
Apr 18 18:38:22 ubuntu-bionic systemd[1]: Removed slice User Slice of vagrant.
Apr 18 18:38:22 ubuntu-bionic systemd[1]: Created slice User Slice of vagrant.
Apr 18 18:38:22 ubuntu-bionic systemd[1]: Starting User Manager for UID 1000...
Apr 18 18:38:22 ubuntu-bionic systemd[1]: Started Session 3 of user vagrant.
Apr 18 18:38:22 ubuntu-bionic systemd[1356]: Listening on GnuPG cryptographic agent and passphrase cache.
Apr 18 18:38:22 ubuntu-bionic systemd[1356]: Reached target Timers.
Apr 18 18:38:22 ubuntu-bionic systemd[1356]: Listening on REST API socket for snapd user session agent.
Apr 18 18:38:22 ubuntu-bionic systemd[1356]: Listening on GnuPG cryptographic agent and passphrase cache (restricted).
Apr 18 18:38:22 ubuntu-bionic systemd[1356]: Listening on GnuPG cryptographic agent and passphrase cache (access for web browsers).
Apr 18 18:38:22 ubuntu-bionic systemd[1356]: Reached target Paths.
Apr 18 18:38:22 ubuntu-bionic systemd[1356]: Listening on GnuPG cryptographic agent (ssh-agent emulation).
Apr 18 18:38:22 ubuntu-bionic systemd[1356]: Listening on GnuPG network certificate management daemon.
Apr 18 18:38:22 ubuntu-bionic systemd[1356]: Reached target Sockets.
Apr 18 18:38:22 ubuntu-bionic systemd[1356]: Reached target Basic System.
Apr 18 18:38:22 ubuntu-bionic systemd[1]: Started User Manager for UID 1000.
Apr 18 18:38:22 ubuntu-bionic systemd[1356]: Reached target Default.
Apr 18 18:38:22 ubuntu-bionic systemd[1356]: Startup finished in 46ms.
Apr 18 18:38:22 ubuntu-bionic cloud-init[1293]: Cloud-init v. 19.4-33-gbb4131a2-0ubuntu1~18.04.1 running 'modules:config' at Sat, 18 Apr 2020 18:38:22 +0000. Up 19.29 seconds.
Apr 18 18:38:22 ubuntu-bionic systemd[1]: Started Apply the settings specified in cloud-config.
Apr 18 18:38:22 ubuntu-bionic systemd[1]: Starting Execute cloud user/final scripts...
Apr 18 18:38:23 ubuntu-bionic snapd[778]: daemon.go:540: gracefully waiting for running hooks
Apr 18 18:38:23 ubuntu-bionic snapd[778]: daemon.go:542: done waiting for running hooks
Apr 18 18:38:23 ubuntu-bionic snapd[778]: daemon stop requested to wait for socket activation
Apr 18 18:38:23 ubuntu-bionic ec2: 
Apr 18 18:38:23 ubuntu-bionic ec2: #############################################################
Apr 18 18:38:23 ubuntu-bionic ec2: -----BEGIN SSH HOST KEY FINGERPRINTS-----
Apr 18 18:38:23 ubuntu-bionic ec2: 1024 SHA256:6BJAMh83tEc8QjSV6tbqL3S8d33mDW7Jw6Od6QHziVg root@ubuntu-bionic (DSA)
Apr 18 18:38:23 ubuntu-bionic ec2: 256 SHA256:G1tnBjgfjFELwB2J/p5672SNc22kk8+NgRgNvS85Fwg root@ubuntu-bionic (ECDSA)
Apr 18 18:38:23 ubuntu-bionic ec2: 256 SHA256:UHbvlla+V7oi9cow6yEEZ11mvuv3B7TycNZga1nnM0U root@ubuntu-bionic (ED25519)
Apr 18 18:38:23 ubuntu-bionic ec2: 2048 SHA256:HCJWG7keJ2SFzEw5GHPJJWhNTZMZLJJWZbFd+99W4qA root@ubuntu-bionic (RSA)
Apr 18 18:38:23 ubuntu-bionic ec2: -----END SSH HOST KEY FINGERPRINTS-----
Apr 18 18:38:23 ubuntu-bionic ec2: #############################################################
Apr 18 18:38:23 ubuntu-bionic cloud-init[1418]: Cloud-init v. 19.4-33-gbb4131a2-0ubuntu1~18.04.1 running 'modules:final' at Sat, 18 Apr 2020 18:38:23 +0000. Up 20.36 seconds.
Apr 18 18:38:23 ubuntu-bionic cloud-init[1418]: ci-info: no authorized SSH keys fingerprints found for user ubuntu.
Apr 18 18:38:23 ubuntu-bionic cloud-init[1418]: Cloud-init v. 19.4-33-gbb4131a2-0ubuntu1~18.04.1 finished at Sat, 18 Apr 2020 18:38:23 +0000. Datasource DataSourceNoCloud [seed=/dev/sdb][dsmode=net].  Up 20.47 seconds
Apr 18 18:38:23 ubuntu-bionic systemd[1]: Started Execute cloud user/final scripts.
Apr 18 18:38:23 ubuntu-bionic systemd[1]: Reached target Cloud-init target.
Apr 18 18:38:23 ubuntu-bionic systemd[1]: Startup finished in 4.807s (kernel) + 15.719s (userspace) = 20.526s.
Apr 18 18:38:23 ubuntu-bionic dbus-daemon[826]: [system] Activating via systemd: service name='org.freedesktop.hostname1' unit='dbus-org.freedesktop.hostname1.service' requested by ':1.12' (uid=1000 pid=1579 comm="hostnamectl " label="unconfined")
Apr 18 18:38:23 ubuntu-bionic systemd[1]: Starting Hostname Service...
Apr 18 18:38:23 ubuntu-bionic dbus-daemon[826]: [system] Successfully activated service 'org.freedesktop.hostname1'
Apr 18 18:38:23 ubuntu-bionic systemd[1]: Started Hostname Service.
Apr 18 18:38:23 ubuntu-bionic systemd-hostnamed[1580]: Changed host name to 'docker01'
Apr 18 18:38:23 ubuntu-bionic systemd-resolved[629]: System hostname changed to 'docker01'.
Apr 18 18:38:23 ubuntu-bionic systemd[1]: Stopped Wait for Network to be Configured.
Apr 18 18:38:23 ubuntu-bionic systemd[1]: Stopping Wait for Network to be Configured...
Apr 18 18:38:23 ubuntu-bionic systemd[1]: Stopping Network Service...
Apr 18 18:38:23 ubuntu-bionic systemd[1]: Stopped Network Service.
Apr 18 18:38:23 ubuntu-bionic systemd[1]: Starting Network Service...
Apr 18 18:38:24 ubuntu-bionic systemd-networkd[1636]: enp0s3: Gained IPv6LL
Apr 18 18:38:24 ubuntu-bionic systemd-networkd[1636]: Enumeration completed
Apr 18 18:38:24 ubuntu-bionic systemd[1]: Started Network Service.
Apr 18 18:38:24 ubuntu-bionic systemd[1]: Starting Wait for Network to be Configured...
Apr 18 18:38:24 ubuntu-bionic systemd-networkd[1636]: enp0s3: IPv6 successfully enabled
Apr 18 18:38:24 ubuntu-bionic systemd-networkd[1636]: lo: Link is not managed by us
Apr 18 18:38:24 ubuntu-bionic systemd-networkd[1636]: enp0s8: Link is not managed by us
Apr 18 18:38:24 ubuntu-bionic systemd-networkd[1636]: enp0s3: DHCPv4 address 10.0.2.15/24 via 10.0.2.2
Apr 18 18:38:24 ubuntu-bionic systemd-networkd[1636]: enp0s3: Configured
Apr 18 18:38:24 ubuntu-bionic systemd-networkd-wait-online[1652]: managing: enp0s3
Apr 18 18:38:24 ubuntu-bionic systemd-networkd-wait-online[1652]: ignoring: lo
Apr 18 18:38:24 ubuntu-bionic systemd[1]: Started Wait for Network to be Configured.
Apr 18 18:38:24 ubuntu-bionic systemd[1]: Stopped Wait for Network to be Configured.
Apr 18 18:38:24 ubuntu-bionic systemd[1]: Stopping Network Service...
Apr 18 18:38:24 ubuntu-bionic systemd[1]: Stopped Network Service.
Apr 18 18:38:24 ubuntu-bionic systemd[1]: Starting Network Service...
Apr 18 18:38:24 ubuntu-bionic systemd-networkd[1795]: enp0s3: Gained IPv6LL
Apr 18 18:38:24 ubuntu-bionic systemd-networkd[1795]: Enumeration completed
Apr 18 18:38:24 ubuntu-bionic systemd[1]: Started Network Service.
Apr 18 18:38:24 ubuntu-bionic systemd-networkd[1795]: enp0s8: IPv6 successfully enabled
Apr 18 18:38:24 ubuntu-bionic systemd-networkd[1795]: lo: Link is not managed by us
Apr 18 18:38:24 ubuntu-bionic systemd-networkd[1795]: enp0s3: Link is not managed by us
Apr 18 18:38:24 ubuntu-bionic systemd-networkd[1795]: enp0s3: IPv6 successfully enabled
Apr 18 18:38:24 ubuntu-bionic systemd-networkd[1795]: lo: Link is not managed by us
Apr 18 18:38:24 ubuntu-bionic systemd-networkd[1795]: enp0s8: Link UP
Apr 18 18:38:24 ubuntu-bionic kernel: [   21.885707] IPv6: ADDRCONF(NETDEV_UP): enp0s8: link is not ready
Apr 18 18:38:24 ubuntu-bionic systemd-networkd[1795]: enp0s3: DHCPv4 address 10.0.2.15/24 via 10.0.2.2
Apr 18 18:38:24 ubuntu-bionic systemd-networkd[1795]: enp0s8: Gained carrier
Apr 18 18:38:24 ubuntu-bionic systemd-networkd[1795]: enp0s3: Configured
Apr 18 18:38:24 ubuntu-bionic kernel: [   21.893075] e1000: enp0s8 NIC Link is Up 1000 Mbps Full Duplex, Flow Control: RX
Apr 18 18:38:24 ubuntu-bionic kernel: [   21.893305] IPv6: ADDRCONF(NETDEV_CHANGE): enp0s8: link becomes ready
Apr 18 18:38:25 ubuntu-bionic systemd[1]: Stopping User Manager for UID 1000...
Apr 18 18:38:25 ubuntu-bionic systemd[1356]: Stopped target Default.
Apr 18 18:38:25 ubuntu-bionic systemd[1356]: Stopped target Basic System.
Apr 18 18:38:25 ubuntu-bionic systemd[1356]: Stopped target Timers.
Apr 18 18:38:25 ubuntu-bionic systemd[1356]: Stopped target Sockets.
Apr 18 18:38:25 ubuntu-bionic systemd[1356]: Closed GnuPG network certificate management daemon.
Apr 18 18:38:25 ubuntu-bionic systemd[1356]: Closed REST API socket for snapd user session agent.
Apr 18 18:38:25 ubuntu-bionic systemd[1356]: Closed GnuPG cryptographic agent and passphrase cache (restricted).
Apr 18 18:38:25 ubuntu-bionic systemd[1356]: Closed GnuPG cryptographic agent and passphrase cache.
Apr 18 18:38:25 ubuntu-bionic systemd[1356]: Closed GnuPG cryptographic agent (ssh-agent emulation).
Apr 18 18:38:25 ubuntu-bionic systemd[1356]: Closed GnuPG cryptographic agent and passphrase cache (access for web browsers).
Apr 18 18:38:25 ubuntu-bionic systemd[1356]: Stopped target Paths.
Apr 18 18:38:25 ubuntu-bionic systemd[1356]: Reached target Shutdown.
Apr 18 18:38:25 ubuntu-bionic systemd[1356]: Starting Exit the Session...
Apr 18 18:38:25 ubuntu-bionic systemd[1356]: Received SIGRTMIN+24 from PID 1881 (kill).
Apr 18 18:38:25 ubuntu-bionic systemd[1]: user@1000.service: Killing process 1881 (kill) with signal SIGKILL.
Apr 18 18:38:25 ubuntu-bionic systemd[1]: Stopped User Manager for UID 1000.
Apr 18 18:38:25 ubuntu-bionic systemd[1]: Removed slice User Slice of vagrant.
Apr 18 18:38:26 ubuntu-bionic systemd-networkd[1795]: enp0s8: Gained IPv6LL
Apr 18 18:38:26 ubuntu-bionic systemd-networkd[1795]: enp0s8: Configured
Apr 18 18:40:22 ubuntu-bionic systemd[1]: Created slice User Slice of vagrant.
Apr 18 18:40:22 ubuntu-bionic systemd[1]: Starting User Manager for UID 1000...
Apr 18 18:40:22 ubuntu-bionic systemd[1]: Started Session 5 of user vagrant.
Apr 18 18:40:22 ubuntu-bionic systemd[1894]: Listening on GnuPG cryptographic agent and passphrase cache (restricted).
Apr 18 18:40:22 ubuntu-bionic systemd[1894]: Listening on GnuPG cryptographic agent and passphrase cache.
Apr 18 18:40:22 ubuntu-bionic systemd[1894]: Reached target Timers.
Apr 18 18:40:22 ubuntu-bionic systemd[1894]: Listening on REST API socket for snapd user session agent.
Apr 18 18:40:22 ubuntu-bionic systemd[1894]: Listening on GnuPG cryptographic agent (ssh-agent emulation).
Apr 18 18:40:22 ubuntu-bionic systemd[1894]: Listening on GnuPG network certificate management daemon.
Apr 18 18:40:22 ubuntu-bionic systemd[1894]: Reached target Paths.
Apr 18 18:40:22 ubuntu-bionic systemd[1894]: Listening on GnuPG cryptographic agent and passphrase cache (access for web browsers).
Apr 18 18:40:22 ubuntu-bionic systemd[1894]: Reached target Sockets.
Apr 18 18:40:22 ubuntu-bionic systemd[1894]: Reached target Basic System.
Apr 18 18:40:22 ubuntu-bionic systemd[1]: Started User Manager for UID 1000.
Apr 18 18:40:22 ubuntu-bionic systemd[1894]: Reached target Default.
Apr 18 18:40:22 ubuntu-bionic systemd[1894]: Startup finished in 25ms.
Apr 18 18:40:31 ubuntu-bionic systemd-resolved[629]: Server returned error NXDOMAIN, mitigating potential DNS violation DVE-2018-0001, retrying transaction with reduced feature level UDP.
Apr 18 18:40:42 ubuntu-bionic systemd-resolved[629]: Server returned error NXDOMAIN, mitigating potential DNS violation DVE-2018-0001, retrying transaction with reduced feature level UDP.
Apr 18 18:40:42 ubuntu-bionic systemd-resolved[629]: Server returned error NXDOMAIN, mitigating potential DNS violation DVE-2018-0001, retrying transaction with reduced feature level UDP.
Apr 18 18:40:44 ubuntu-bionic systemd-resolved[629]: Server returned error NXDOMAIN, mitigating potential DNS violation DVE-2018-0001, retrying transaction with reduced feature level UDP.
Apr 18 18:40:58 ubuntu-bionic systemd[1]: Reloading.
Apr 18 18:40:58 ubuntu-bionic systemd[1]: Reloading.
Apr 18 18:40:58 ubuntu-bionic systemd[1]: Starting containerd container runtime...
Apr 18 18:40:58 ubuntu-bionic systemd[1]: Started containerd container runtime.
Apr 18 18:40:58 ubuntu-bionic containerd[3003]: time="2020-04-18T18:40:58.709691579Z" level=info msg="starting containerd" revision=7ad184331fa3e55e52b890ea95e65ba581ae3429 version=1.2.13
Apr 18 18:40:58 ubuntu-bionic containerd[3003]: time="2020-04-18T18:40:58.713653841Z" level=info msg="loading plugin "io.containerd.content.v1.content"..." type=io.containerd.content.v1
Apr 18 18:40:58 ubuntu-bionic containerd[3003]: time="2020-04-18T18:40:58.713905451Z" level=info msg="loading plugin "io.containerd.snapshotter.v1.btrfs"..." type=io.containerd.snapshotter.v1
Apr 18 18:40:58 ubuntu-bionic containerd[3003]: time="2020-04-18T18:40:58.714159192Z" level=warning msg="failed to load plugin io.containerd.snapshotter.v1.btrfs" error="path /var/lib/containerd/io.containerd.snapshotter.v1.btrfs must be a btrfs filesystem to be used with the btrfs snapshotter"
Apr 18 18:40:58 ubuntu-bionic containerd[3003]: time="2020-04-18T18:40:58.714271985Z" level=info msg="loading plugin "io.containerd.snapshotter.v1.aufs"..." type=io.containerd.snapshotter.v1
Apr 18 18:40:58 ubuntu-bionic containerd[3003]: time="2020-04-18T18:40:58.724061057Z" level=info msg="loading plugin "io.containerd.snapshotter.v1.native"..." type=io.containerd.snapshotter.v1
Apr 18 18:40:58 ubuntu-bionic containerd[3003]: time="2020-04-18T18:40:58.724553229Z" level=info msg="loading plugin "io.containerd.snapshotter.v1.overlayfs"..." type=io.containerd.snapshotter.v1
Apr 18 18:40:58 ubuntu-bionic containerd[3003]: time="2020-04-18T18:40:58.724738948Z" level=info msg="loading plugin "io.containerd.snapshotter.v1.zfs"..." type=io.containerd.snapshotter.v1
Apr 18 18:40:58 ubuntu-bionic containerd[3003]: time="2020-04-18T18:40:58.726430315Z" level=info msg="skip loading plugin "io.containerd.snapshotter.v1.zfs"..." type=io.containerd.snapshotter.v1
Apr 18 18:40:58 ubuntu-bionic kernel: [  175.695699] aufs 4.15-20180219
Apr 18 18:40:58 ubuntu-bionic containerd[3003]: time="2020-04-18T18:40:58.726537147Z" level=info msg="loading plugin "io.containerd.metadata.v1.bolt"..." type=io.containerd.metadata.v1
Apr 18 18:40:58 ubuntu-bionic containerd[3003]: time="2020-04-18T18:40:58.727036766Z" level=warning msg="could not use snapshotter btrfs in metadata plugin" error="path /var/lib/containerd/io.containerd.snapshotter.v1.btrfs must be a btrfs filesystem to be used with the btrfs snapshotter"
Apr 18 18:40:58 ubuntu-bionic containerd[3003]: time="2020-04-18T18:40:58.727215490Z" level=warning msg="could not use snapshotter zfs in metadata plugin" error="path /var/lib/containerd/io.containerd.snapshotter.v1.zfs must be a zfs filesystem to be used with the zfs snapshotter: skip plugin"
Apr 18 18:40:58 ubuntu-bionic containerd[3003]: time="2020-04-18T18:40:58.775213468Z" level=info msg="loading plugin "io.containerd.differ.v1.walking"..." type=io.containerd.differ.v1
Apr 18 18:40:58 ubuntu-bionic containerd[3003]: time="2020-04-18T18:40:58.775244763Z" level=info msg="loading plugin "io.containerd.gc.v1.scheduler"..." type=io.containerd.gc.v1
Apr 18 18:40:58 ubuntu-bionic containerd[3003]: time="2020-04-18T18:40:58.775264680Z" level=info msg="loading plugin "io.containerd.service.v1.containers-service"..." type=io.containerd.service.v1
Apr 18 18:40:58 ubuntu-bionic containerd[3003]: time="2020-04-18T18:40:58.775273374Z" level=info msg="loading plugin "io.containerd.service.v1.content-service"..." type=io.containerd.service.v1
Apr 18 18:40:58 ubuntu-bionic containerd[3003]: time="2020-04-18T18:40:58.775280983Z" level=info msg="loading plugin "io.containerd.service.v1.diff-service"..." type=io.containerd.service.v1
Apr 18 18:40:58 ubuntu-bionic containerd[3003]: time="2020-04-18T18:40:58.775289553Z" level=info msg="loading plugin "io.containerd.service.v1.images-service"..." type=io.containerd.service.v1
Apr 18 18:40:58 ubuntu-bionic containerd[3003]: time="2020-04-18T18:40:58.775297964Z" level=info msg="loading plugin "io.containerd.service.v1.leases-service"..." type=io.containerd.service.v1
Apr 18 18:40:58 ubuntu-bionic containerd[3003]: time="2020-04-18T18:40:58.775305622Z" level=info msg="loading plugin "io.containerd.service.v1.namespaces-service"..." type=io.containerd.service.v1
Apr 18 18:40:58 ubuntu-bionic containerd[3003]: time="2020-04-18T18:40:58.775312404Z" level=info msg="loading plugin "io.containerd.service.v1.snapshots-service"..." type=io.containerd.service.v1
Apr 18 18:40:58 ubuntu-bionic containerd[3003]: time="2020-04-18T18:40:58.775325143Z" level=info msg="loading plugin "io.containerd.runtime.v1.linux"..." type=io.containerd.runtime.v1
Apr 18 18:40:58 ubuntu-bionic containerd[3003]: time="2020-04-18T18:40:58.775424934Z" level=info msg="loading plugin "io.containerd.runtime.v2.task"..." type=io.containerd.runtime.v2
Apr 18 18:40:58 ubuntu-bionic containerd[3003]: time="2020-04-18T18:40:58.775473496Z" level=info msg="loading plugin "io.containerd.monitor.v1.cgroups"..." type=io.containerd.monitor.v1
Apr 18 18:40:58 ubuntu-bionic containerd[3003]: time="2020-04-18T18:40:58.776371554Z" level=info msg="loading plugin "io.containerd.service.v1.tasks-service"..." type=io.containerd.service.v1
Apr 18 18:40:58 ubuntu-bionic containerd[3003]: time="2020-04-18T18:40:58.776390689Z" level=info msg="loading plugin "io.containerd.internal.v1.restart"..." type=io.containerd.internal.v1
Apr 18 18:40:58 ubuntu-bionic containerd[3003]: time="2020-04-18T18:40:58.776417558Z" level=info msg="loading plugin "io.containerd.grpc.v1.containers"..." type=io.containerd.grpc.v1
Apr 18 18:40:58 ubuntu-bionic containerd[3003]: time="2020-04-18T18:40:58.776425699Z" level=info msg="loading plugin "io.containerd.grpc.v1.content"..." type=io.containerd.grpc.v1
Apr 18 18:40:58 ubuntu-bionic containerd[3003]: time="2020-04-18T18:40:58.776434481Z" level=info msg="loading plugin "io.containerd.grpc.v1.diff"..." type=io.containerd.grpc.v1
Apr 18 18:40:58 ubuntu-bionic containerd[3003]: time="2020-04-18T18:40:58.776441323Z" level=info msg="loading plugin "io.containerd.grpc.v1.events"..." type=io.containerd.grpc.v1
Apr 18 18:40:58 ubuntu-bionic containerd[3003]: time="2020-04-18T18:40:58.776448158Z" level=info msg="loading plugin "io.containerd.grpc.v1.healthcheck"..." type=io.containerd.grpc.v1
Apr 18 18:40:58 ubuntu-bionic containerd[3003]: time="2020-04-18T18:40:58.776455641Z" level=info msg="loading plugin "io.containerd.grpc.v1.images"..." type=io.containerd.grpc.v1
Apr 18 18:40:58 ubuntu-bionic containerd[3003]: time="2020-04-18T18:40:58.776462163Z" level=info msg="loading plugin "io.containerd.grpc.v1.leases"..." type=io.containerd.grpc.v1
Apr 18 18:40:58 ubuntu-bionic containerd[3003]: time="2020-04-18T18:40:58.776468745Z" level=info msg="loading plugin "io.containerd.grpc.v1.namespaces"..." type=io.containerd.grpc.v1
Apr 18 18:40:58 ubuntu-bionic containerd[3003]: time="2020-04-18T18:40:58.776475235Z" level=info msg="loading plugin "io.containerd.internal.v1.opt"..." type=io.containerd.internal.v1
Apr 18 18:40:58 ubuntu-bionic containerd[3003]: time="2020-04-18T18:40:58.785670136Z" level=info msg="loading plugin "io.containerd.grpc.v1.snapshots"..." type=io.containerd.grpc.v1
Apr 18 18:40:58 ubuntu-bionic containerd[3003]: time="2020-04-18T18:40:58.785706523Z" level=info msg="loading plugin "io.containerd.grpc.v1.tasks"..." type=io.containerd.grpc.v1
Apr 18 18:40:58 ubuntu-bionic containerd[3003]: time="2020-04-18T18:40:58.785722355Z" level=info msg="loading plugin "io.containerd.grpc.v1.version"..." type=io.containerd.grpc.v1
Apr 18 18:40:58 ubuntu-bionic containerd[3003]: time="2020-04-18T18:40:58.785735201Z" level=info msg="loading plugin "io.containerd.grpc.v1.introspection"..." type=io.containerd.grpc.v1
Apr 18 18:40:58 ubuntu-bionic containerd[3003]: time="2020-04-18T18:40:58.785901613Z" level=info msg=serving... address="/run/containerd/containerd.sock"
Apr 18 18:40:58 ubuntu-bionic containerd[3003]: time="2020-04-18T18:40:58.785916558Z" level=info msg="containerd successfully booted in 0.078504s"
Apr 18 18:40:58 ubuntu-bionic systemd[1]: Reloading.
Apr 18 18:40:59 ubuntu-bionic systemd[1]: message repeated 3 times: [ Reloading.]
Apr 18 18:40:59 ubuntu-bionic systemd[1]: Starting Docker Socket for the API.
Apr 18 18:40:59 ubuntu-bionic systemd[1]: Listening on Docker Socket for the API.
Apr 18 18:40:59 ubuntu-bionic systemd[1]: Starting Docker Application Container Engine...
Apr 18 18:40:59 ubuntu-bionic dockerd[3166]: time="2020-04-18T18:40:59.773295362Z" level=info msg="Starting up"
